<html>
<body>
<pre>
<h1>µVision Build Log</h1>
<h2>Tool Versions:</h2>
IDE-Version: µVision V5.28.0.0
Copyright (C) 2019 ARM Ltd and ARM Germany GmbH. All rights reserved.
License Information: Nicholas Sielicki, Student, LIC=----
 
Tool Versions:
Toolchain:       MDK-Lite  Version: 5.28.0.0
Toolchain Path:  C:\Keil_v5\ARM\ARMCC\Bin
C Compiler:      Armcc.exe V5.06 update 6 (build 750)
Assembler:       Armasm.exe V5.06 update 6 (build 750)
Linker/Locator:  ArmLink.exe V5.06 update 6 (build 750)
Library Manager: ArmAr.exe V5.06 update 6 (build 750)
Hex Converter:   FromElf.exe V5.06 update 6 (build 750)
CPU DLL:         SARMCM3.DLL V5.28.0.0
Dialog DLL:      DCM.DLL V1.17.3.0
Target DLL:      lmidk-agdi.dll V???
Dialog DLL:      TCM.DLL V1.36.2.0
 
<h2>Project:</h2>
\\Mac\Home\School\ECE353\tristian_ICE_Distribution\ICE-16-UART-Rx-IRQ\ICE-UART-Rx-IRQ.uvprojx
Project File Date:  12/06/2019

<h2>Output:</h2>
*** Using Compiler 'V5.06 update 6 (build 750)', folder: 'C:\Keil_v5\ARM\ARMCC\Bin'
Rebuild target 'ICE-UART-Rx-IRQ'
compiling main.c...
compiling gpio_port.c...
compiling pc_buffer.c...
compiling uart.c...
compiling serial_debug.c...
..\peripherals\c\serial_debug.c(169): warning:  #177-D: variable "uart_base"  was declared but never referenced
     uint32_t uart_base;
..\peripherals\c\serial_debug.c(170): warning:  #177-D: variable "tx_buffer"  was declared but never referenced
     PC_Buffer *tx_buffer;
..\peripherals\c\serial_debug.c(207): warning:  #177-D: variable "uart"  was declared but never referenced
    UART0_Type *uart = (UART0_Type *)(uart_base);
..\peripherals\c\serial_debug.c(230): warning:  #177-D: variable "uart"  was declared but never referenced
      UART0_Type *uart = (UART0_Type *)(uart_base);    
..\peripherals\c\serial_debug.c(231): warning:  #177-D: variable "c"  was declared but never referenced
      char c;
..\peripherals\c\serial_debug.c(228): warning:  #177-D: function "UART_Tx_Flow"  was declared but never referenced
  __INLINE static void UART_Tx_Flow(uint32_t uart_base, PC_Buffer *tx_buffer)
..\peripherals\c\serial_debug.c: 6 warnings, 0 errors
assembling startup_TM4C123.s...
compiling system_TM4C123.c...
linking...
Program Size: Code=15864 RO-data=808 RW-data=960 ZI-data=8224  
".\obj\ece353_base_project.axf" - 0 Error(s), 6 Warning(s).

<h2>Software Packages used:</h2>

Package Vendor: ARM
                http://www.keil.com/pack/ARM.CMSIS.5.6.0.pack
                ARM.CMSIS.5.6.0
                CMSIS (Cortex Microcontroller Software Interface Standard)
   * Component: CORE Version: 5.3.0

Package Vendor: Keil
                http://www.keil.com/pack/Keil.TM4C_DFP.1.1.0.pack
                Keil.TM4C_DFP.1.1.0
                Texas Instruments Tiva C Series Device Support and Examples
   * Component: Startup Version: 1.0.1

<h2>Collection of Component include folders:</h2>
  .\RTE\_ICE-UART-Rx-IRQ
  C:\Users\sielicki\AppData\Local\Arm\Packs\ARM\CMSIS\5.6.0\CMSIS\Core\Include
  C:\Users\sielicki\AppData\Local\Arm\Packs\Keil\TM4C_DFP\1.1.0\Device\Include\TM4C123

<h2>Collection of Component Files used:</h2>

   * Component: ARM::CMSIS:CORE:5.3.0

   * Component: Keil::Device:Startup:1.0.1
      Source file:   Device\Source\ARM\startup_TM4C123.s
      Source file:   Device\Source\system_TM4C123.c
      Include file:  Device\Include\TM4C123\TM4C123.h
Build Time Elapsed:  00:00:03
</pre>
</body>
</html>
