Component: ARM Compiler 5.06 update 5 (build 528) Tool: armlink [4d35e2]

==============================================================================

Section Cross References

    main.o(.text) refers to _scanf_str.o(.text) for _scanf_string
    main.o(.text) refers to serial_debug.o(.text) for init_serial_debug
    main.o(.text) refers to board_setup.o(.text) for validate_ice
    main.o(.text) refers to printf6.o(i.__0printf$6) for __2printf
    main.o(.text) refers to memseta.o(.text) for __aeabi_memclr4
    main.o(.text) refers to __0scanf.o(.text) for __0scanf
    pc_buffer.o(.text) refers to malloc.o(i.malloc) for malloc
    serial_debug.o(.text) refers to gpio_port.o(.text) for gpio_enable_port
    serial_debug.o(.text) refers to pc_buffer.o(.text) for pc_buffer_init
    serial_debug.o(.text) refers to uart.o(.text) for uart_init
    serial_debug.o(.text) refers to main.o(.text) for DisableInterrupts
    serial_debug.o(.text) refers to serial_debug.o(.data) for Rx_Interrupts_Enabled
    serial_debug.o(.text) refers to serial_debug.o(.bss) for UART0_Tx_Buffer
    serial_debug.o(.text) refers to stdout.o(.data) for __stdout
    startup_tm4c123.o(RESET) refers to startup_tm4c123.o(STACK) for __initial_sp
    startup_tm4c123.o(RESET) refers to startup_tm4c123.o(.text) for Reset_Handler
    startup_tm4c123.o(RESET) refers to serial_debug.o(.text) for UART0_Handler
    startup_tm4c123.o(.text) refers to system_tm4c123.o(.text) for SystemInit
    startup_tm4c123.o(.text) refers to entry.o(.ARM.Collect$$$$00000000) for __main
    system_tm4c123.o(.text) refers to system_tm4c123.o(.data) for SystemCoreClock
    board_setup.o(.text) refers to ice_intro_to_c.o(.text) for ice_validate_intro_to_c
    board_setup.o(.text) refers to ice_pc_buffer.o(.text) for ice_validate_pc_buffer
    board_setup.o(.text) refers to ice_gpiof.o(.text) for ice_validate_gpiof
    board_setup.o(.text) refers to validate_led.o(.text) for validate_LED_set_failure
    board_setup.o(.text) refers to ice_gpio_port.o(.text) for ice_validate_gpio_port
    board_setup.o(.text) refers to ice_adc.o(.text) for ice_validate_adc
    board_setup.o(.text) refers to ice_gpt.o(.text) for ice_validate_gpt
    board_setup.o(.text) refers to ice_systick.o(.text) for ice_validate_systick
    board_setup.o(.text) refers to ice_uart_polling.o(.text) for ice_validate_uart_polling
    board_setup.o(.text) refers to ice_uart_rx_irq.o(.text) for ice_validate_uart_rx
    board_setup.o(.text) refers to ice_uart_tx_irq.o(.text) for ice_validate_uart_tx
    board_setup.o(.text) refers to ice_lcd.o(.text) for ice_validate_lcd
    board_setup.o(.text) refers to ice_spi_nordic.o(.text) for ice_validate_spi_nordic
    board_setup.o(.text) refers to ice_i2c_ft6206.o(.text) for ice_validate_ft6206
    board_setup.o(.text) refers to ice_i2c_eeprom.o(.text) for ice_validate_i2c_eeprom
    ice_adc.o(.text) refers to printf6.o(i.__0sprintf$6) for __2sprintf
    ice_adc.o(.text) refers to validate_uart.o(.text) for validate_print_ice_validation_info_start
    ice_adc.o(.text) refers to validate_gpio.o(.text) for validate_gpio_pin
    ice_adc.o(.text) refers to validate_adc.o(.text) for validate_adc
    ice_adc.o(.text) refers to ice_adc.o(.data) for ps2_x
    ice_gpio_port.o(.text) refers to printf6.o(i.__0sprintf$6) for __2sprintf
    ice_gpio_port.o(.text) refers to validate_uart.o(.text) for validate_print_ice_validation_info_start
    ice_gpio_port.o(.text) refers to validate_gpio.o(.text) for validate_gpio_pin
    ice_gpio_port.o(.text) refers to ice_gpio_port.o(.data) for lcd_data
    ice_gpiof.o(.text) refers to validate_uart.o(.text) for initialize_serial_debug
    ice_gpiof.o(.text) refers to validate_gpio.o(.text) for validate_gpio_pin
    ice_gpiof.o(.text) refers to ice_gpiof.o(.data) for red
    ice_gpt.o(.text) refers to printf6.o(i.__0sprintf$6) for __2sprintf
    ice_gpt.o(.text) refers to validate_uart.o(.text) for validate_print_ice_validation_info_start
    ice_gpt.o(.text) refers to validate_gp_timer.o(.text) for validate_gp_timer
    ice_systick.o(.text) refers to printf6.o(i.__0sprintf$6) for __2sprintf
    ice_systick.o(.text) refers to validate_uart.o(.text) for validate_print_ice_validation_info_start
    ice_systick.o(.text) refers to validate_gpio.o(.text) for validate_gpio_pin
    ice_systick.o(.text) refers to validate_adc.o(.text) for validate_adc
    ice_systick.o(.text) refers to ice_systick.o(.data) for green
    ice_uart_rx_irq.o(.text) refers to validate_gpio.o(.text) for validate_gpio_pin
    ice_uart_rx_irq.o(.text) refers to validate_uart.o(.text) for validate_uart
    ice_uart_rx_irq.o(.text) refers to ice_uart_rx_irq.o(.data) for Tx
    ice_lcd.o(.text) refers to validate_gpio.o(.text) for validate_gpio_pin
    ice_lcd.o(.text) refers to validate_spi.o(.text) for validate_spi
[...]
    printf7.o(i.__0vfprintf$7) refers to serial_debug.o(.text) for fputc
    printf7.o(i.__0vprintf$7) refers to printf7.o(i._printf_core) for _printf_core
    printf7.o(i.__0vprintf$7) refers to serial_debug.o(.text) for fputc
    printf7.o(i.__0vprintf$7) refers to stdout.o(.data) for __stdout
    printf7.o(i.__0vsnprintf$7) refers to printf7.o(i._printf_core) for _printf_core
    printf7.o(i.__0vsnprintf$7) refers to printf7.o(i._snputc) for _snputc
    printf7.o(i.__0vsprintf$7) refers to printf7.o(i._printf_core) for _printf_core
    printf7.o(i.__0vsprintf$7) refers to printf7.o(i._sputc) for _sputc
    printf7.o(i._printf_core) refers to printf7.o(i._printf_pre_padding) for _printf_pre_padding
    printf7.o(i._printf_core) refers to uldiv.o(.text) for __aeabi_uldivmod
    printf7.o(i._printf_core) refers to printf7.o(i._printf_post_padding) for _printf_post_padding
    printf8.o(i.__0fprintf$8) refers to printf8.o(i._printf_core) for _printf_core
    printf8.o(i.__0fprintf$8) refers to serial_debug.o(.text) for fputc
    printf8.o(i.__0printf$8) refers to printf8.o(i._printf_core) for _printf_core
    printf8.o(i.__0printf$8) refers to serial_debug.o(.text) for fputc
    printf8.o(i.__0printf$8) refers to stdout.o(.data) for __stdout
    printf8.o(i.__0snprintf$8) refers to printf8.o(i._printf_core) for _printf_core
    printf8.o(i.__0snprintf$8) refers to printf8.o(i._snputc) for _snputc
    printf8.o(i.__0sprintf$8) refers to printf8.o(i._printf_core) for _printf_core
    printf8.o(i.__0sprintf$8) refers to printf8.o(i._sputc) for _sputc
    printf8.o(i.__0vfprintf$8) refers to printf8.o(i._printf_core) for _printf_core
    printf8.o(i.__0vfprintf$8) refers to serial_debug.o(.text) for fputc
    printf8.o(i.__0vprintf$8) refers to printf8.o(i._printf_core) for _printf_core
    printf8.o(i.__0vprintf$8) refers to serial_debug.o(.text) for fputc
    printf8.o(i.__0vprintf$8) refers to stdout.o(.data) for __stdout
    printf8.o(i.__0vsnprintf$8) refers to printf8.o(i._printf_core) for _printf_core
    printf8.o(i.__0vsnprintf$8) refers to printf8.o(i._snputc) for _snputc
    printf8.o(i.__0vsprintf$8) refers to printf8.o(i._printf_core) for _printf_core
    printf8.o(i.__0vsprintf$8) refers to printf8.o(i._sputc) for _sputc
    printf8.o(i._printf_core) refers to printf8.o(i._printf_pre_padding) for _printf_pre_padding
    printf8.o(i._printf_core) refers to uldiv.o(.text) for __aeabi_uldivmod
    printf8.o(i._printf_core) refers to printf8.o(i._printf_post_padding) for _printf_post_padding
    printfa.o(i.__0fprintf) refers (Special) to iusefp.o(.text) for __I$use$fp
    printfa.o(i.__0fprintf) refers to printfa.o(i._printf_core) for _printf_core
    printfa.o(i.__0fprintf) refers to serial_debug.o(.text) for fputc
    printfa.o(i.__0printf) refers (Special) to iusefp.o(.text) for __I$use$fp
    printfa.o(i.__0printf) refers to printfa.o(i._printf_core) for _printf_core
    printfa.o(i.__0printf) refers to serial_debug.o(.text) for fputc
    printfa.o(i.__0printf) refers to stdout.o(.data) for __stdout
    printfa.o(i.__0snprintf) refers (Special) to iusefp.o(.text) for __I$use$fp
    printfa.o(i.__0snprintf) refers to printfa.o(i._printf_core) for _printf_core
    printfa.o(i.__0snprintf) refers to printfa.o(i._snputc) for _snputc
    printfa.o(i.__0sprintf) refers (Special) to iusefp.o(.text) for __I$use$fp
    printfa.o(i.__0sprintf) refers to printfa.o(i._printf_core) for _printf_core
    printfa.o(i.__0sprintf) refers to printfa.o(i._sputc) for _sputc
    printfa.o(i.__0vfprintf) refers (Special) to iusefp.o(.text) for __I$use$fp
    printfa.o(i.__0vfprintf) refers to printfa.o(i._printf_core) for _printf_core
    printfa.o(i.__0vfprintf) refers to serial_debug.o(.text) for fputc
    printfa.o(i.__0vprintf) refers (Special) to iusefp.o(.text) for __I$use$fp
    printfa.o(i.__0vprintf) refers to printfa.o(i._printf_core) for _printf_core
    printfa.o(i.__0vprintf) refers to serial_debug.o(.text) for fputc
    printfa.o(i.__0vprintf) refers to stdout.o(.data) for __stdout
    printfa.o(i.__0vsnprintf) refers (Special) to iusefp.o(.text) for __I$use$fp
    printfa.o(i.__0vsnprintf) refers to printfa.o(i._printf_core) for _printf_core
    printfa.o(i.__0vsnprintf) refers to printfa.o(i._snputc) for _snputc
    printfa.o(i.__0vsprintf) refers (Special) to iusefp.o(.text) for __I$use$fp
    printfa.o(i.__0vsprintf) refers to printfa.o(i._printf_core) for _printf_core
    printfa.o(i.__0vsprintf) refers to printfa.o(i._sputc) for _sputc
    printfa.o(i._fp_digits) refers (Special) to iusefp.o(.text) for __I$use$fp
    printfa.o(i._fp_digits) refers to dmul.o(.text) for __aeabi_dmul
    printfa.o(i._fp_digits) refers to ddiv.o(.text) for __aeabi_ddiv
    printfa.o(i._fp_digits) refers to cdrcmple.o(.text) for __aeabi_cdrcmple
    printfa.o(i._fp_digits) refers to dadd.o(.text) for __aeabi_dadd
    printfa.o(i._fp_digits) refers to dfixul.o(.text) for __aeabi_d2ulz
    printfa.o(i._fp_digits) refers to uldiv.o(.text) for __aeabi_uldivmod
    printfa.o(i._printf_core) refers (Special) to iusefp.o(.text) for __I$use$fp
    printfa.o(i._printf_core) refers to printfa.o(i._printf_pre_padding) for _printf_pre_padding
    printfa.o(i._printf_core) refers to uldiv.o(.text) for __aeabi_uldivmod
    printfa.o(i._printf_core) refers to printfa.o(i._printf_post_padding) for _printf_post_padding
    printfa.o(i._printf_core) refers to printfa.o(i._fp_digits) for _fp_digits
    printfa.o(i._printf_core) refers to uidiv.o(.text) for __aeabi_uidivmod
    printfa.o(i._printf_post_padding) refers (Special) to iusefp.o(.text) for __I$use$fp
    printfa.o(i._printf_pre_padding) refers (Special) to iusefp.o(.text) for __I$use$fp
    printfa.o(i._snputc) refers (Special) to iusefp.o(.text) for __I$use$fp
    printfa.o(i._sputc) refers (Special) to iusefp.o(.text) for __I$use$fp
    malloc.o(i.free) refers to mvars.o(.data) for __microlib_freelist
    malloc.o(i.malloc) refers to mvars.o(.data) for __microlib_freelist_initialised
    malloc.o(i.malloc) refers to mvars.o(.data) for __microlib_freelist
    malloc.o(i.malloc) refers to startup_tm4c123.o(HEAP) for __heap_base
    mallocr.o(i.__free$realloc) refers to mvars.o(.data) for __microlib_freelist
    mallocr.o(i.__malloc$realloc) refers to mallocr.o(i.internal_alloc) for internal_alloc
    mallocr.o(i.__malloc$realloc) refers to mvars.o(.data) for __microlib_freelist_initialised
    mallocr.o(i.__malloc$realloc) refers to startup_tm4c123.o(HEAP) for __heap_base
    mallocr.o(i.__malloc$realloc) refers to mvars.o(.data) for __microlib_freelist
    mallocr.o(i.internal_alloc) refers to memcpya.o(.text) for __aeabi_memcpy
    mallocr.o(i.internal_alloc) refers to mvars.o(.data) for __microlib_freelist
    mallocr.o(i.realloc) refers to mallocr.o(i.__free$realloc) for __free$realloc
    mallocr.o(i.realloc) refers to mallocr.o(i.internal_alloc) for internal_alloc
    mallocr.o(i.realloc) refers to mallocr.o(i.__malloc$realloc) for __malloc$realloc
    mallocr.o(i.realloc) refers to mvars.o(.data) for __microlib_freelist
    malloca.o(i.__aligned_malloc) refers to mvars.o(.data) for __microlib_freelist_initialised
    malloca.o(i.__aligned_malloc) refers to mvars.o(.data) for __microlib_freelist
    malloca.o(i.__aligned_malloc) refers to startup_tm4c123.o(HEAP) for __heap_base
    malloca.o(i.__free$memalign) refers to mvars.o(.data) for __microlib_freelist
    malloca.o(i.__malloc$memalign) refers to malloca.o(i.__aligned_malloc) for __aligned_malloc
    mallocra.o(i.__aligned_malloc$realloc) refers to mallocra.o(i.internal_alloc) for internal_alloc
    mallocra.o(i.__aligned_malloc$realloc) refers to mvars.o(.data) for __microlib_freelist_initialised
    mallocra.o(i.__aligned_malloc$realloc) refers to startup_tm4c123.o(HEAP) for __heap_base
    mallocra.o(i.__aligned_malloc$realloc) refers to mvars.o(.data) for __microlib_freelist
    mallocra.o(i.__free$realloc$memalign) refers to mvars.o(.data) for __microlib_freelist
    mallocra.o(i.__malloc$realloc$memalign) refers to mallocra.o(i.__aligned_malloc$realloc) for __aligned_malloc$realloc
    mallocra.o(i.__realloc$memalign) refers to mallocra.o(i.__free$realloc$memalign) for __free$realloc$memalign
    mallocra.o(i.__realloc$memalign) refers to mallocra.o(i.internal_alloc) for internal_alloc
    mallocra.o(i.__realloc$memalign) refers to mallocra.o(i.__malloc$realloc$memalign) for __malloc$realloc$memalign
    mallocra.o(i.__realloc$memalign) refers to mvars.o(.data) for __microlib_freelist
    mallocra.o(i.internal_alloc) refers to memcpya.o(.text) for __aeabi_memcpy
    mallocra.o(i.internal_alloc) refers to mvars.o(.data) for __microlib_freelist
    __0scanf.o(.text) refers to scanf_char_file.o(.text) for __vfscanf_char_file
    __0scanf.o(.text) refers to stdin.o(.data) for __stdin
    entry2.o(.ARM.Collect$$$$00000001) refers to entry2.o(.ARM.Collect$$$$00002712) for __lit__00000000
    entry2.o(.ARM.Collect$$$$00002712) refers to startup_tm4c123.o(STACK) for __initial_sp
    entry2.o(__vectab_stack_and_reset_area) refers to startup_tm4c123.o(STACK) for __initial_sp
    entry2.o(__vectab_stack_and_reset_area) refers to entry.o(.ARM.Collect$$$$00000000) for __main
    entry5.o(.ARM.Collect$$$$00000004) refers to init.o(.text) for __scatterload
    entry9a.o(.ARM.Collect$$$$0000000B) refers to main.o(.text) for main
    entry9b.o(.ARM.Collect$$$$0000000C) refers to main.o(.text) for main
    uldiv.o(.text) refers to llushr.o(.text) for __aeabi_llsr
    uldiv.o(.text) refers to llshl.o(.text) for __aeabi_llsl
    scanf_char_file.o(.text) refers to scanf_char.o(.text) for __vfscanf_char
    scanf_char_file.o(.text) refers to serial_debug.o(.text) for fgetc
    scanf_char_file.o(.text) refers to fgetc_b.o(.text) for __backspace
    dadd.o(.text) refers to llshl.o(.text) for __aeabi_llsl
    dadd.o(.text) refers to llsshr.o(.text) for __aeabi_lasr
    dadd.o(.text) refers to depilogue.o(.text) for _double_epilogue
    dmul.o(.text) refers to depilogue.o(.text) for _double_epilogue
    ddiv.o(.text) refers to depilogue.o(.text) for _double_round
    dfixul.o(.text) refers to llushr.o(.text) for __aeabi_llsr
    dfixul.o(.text) refers to llshl.o(.text) for __aeabi_llsl
    init.o(.text) refers to entry5.o(.ARM.Collect$$$$00000004) for __main_after_scatterload
    fgetc_b.o(.text) refers (Special) to iusesemig.o(.text) for __I$use$semihosting$fgetc
    fgetc_b.o(.text) refers (Special) to semi.o(.text) for __semihosting_library_function
    fgetc_b.o(.text) refers to fgetc_b.o(.data) for .data
    fgetc_b.o(.data) refers (Special) to iusesemig.o(.text) for __I$use$semihosting$fgetc
    fgetc_b.o(.data) refers (Special) to semi.o(.text) for __semihosting_library_function
    scanf_char.o(.text) refers to _scanf.o(.text) for __vfscanf
    scanf_char.o(.text) refers to isspace_c.o(.text) for isspace
    depilogue.o(.text) refers to llshl.o(.text) for __aeabi_llsl
    depilogue.o(.text) refers to llushr.o(.text) for __aeabi_llsr
    isspace_c.o(.text) refers to ctype_c.o(.text) for __ctype_lookup
    _scanf.o(.text) refers (Weak) to _scanf_str.o(.text) for _scanf_string
    ctype_c.o(.text) refers to ctype_c.o(.constdata) for .constdata


==============================================================================

Removing Unused input sections from the image.

    Removing main.o(.rev16_text), (4 bytes).
    Removing main.o(.revsh_text), (4 bytes).
    Removing main.o(.rrx_text), (6 bytes).
    Removing gpio_port.o(.rev16_text), (4 bytes).
    Removing gpio_port.o(.revsh_text), (4 bytes).
    Removing gpio_port.o(.rrx_text), (6 bytes).
    Removing uart.o(.rev16_text), (4 bytes).
    Removing uart.o(.revsh_text), (4 bytes).
    Removing uart.o(.rrx_text), (6 bytes).
    Removing serial_debug.o(.rev16_text), (4 bytes).
    Removing serial_debug.o(.revsh_text), (4 bytes).
    Removing serial_debug.o(.rrx_text), (6 bytes).
    Removing system_tm4c123.o(.rev16_text), (4 bytes).
    Removing system_tm4c123.o(.revsh_text), (4 bytes).
    Removing system_tm4c123.o(.rrx_text), (6 bytes).
    Removing board_setup.o(.rev16_text), (4 bytes).
    Removing board_setup.o(.revsh_text), (4 bytes).
    Removing board_setup.o(.rrx_text), (6 bytes).
    Removing validate_led.o(.rev16_text), (4 bytes).
    Removing validate_led.o(.revsh_text), (4 bytes).
    Removing validate_led.o(.rrx_text), (6 bytes).
    Removing ice_adc.o(.rev16_text), (4 bytes).
    Removing ice_adc.o(.revsh_text), (4 bytes).
    Removing ice_adc.o(.rrx_text), (6 bytes).
    Removing ice_gpio_port.o(.rev16_text), (4 bytes).
    Removing ice_gpio_port.o(.revsh_text), (4 bytes).
    Removing ice_gpio_port.o(.rrx_text), (6 bytes).
    Removing ice_gpiof.o(.rev16_text), (4 bytes).
    Removing ice_gpiof.o(.revsh_text), (4 bytes).
    Removing ice_gpiof.o(.rrx_text), (6 bytes).
    Removing ice_gpt.o(.rev16_text), (4 bytes).
    Removing ice_gpt.o(.revsh_text), (4 bytes).
    Removing ice_gpt.o(.rrx_text), (6 bytes).
    Removing ice_systick.o(.rev16_text), (4 bytes).
    Removing ice_systick.o(.revsh_text), (4 bytes).
    Removing ice_systick.o(.rrx_text), (6 bytes).
    Removing ice_uart_rx_irq.o(.rev16_text), (4 bytes).
    Removing ice_uart_rx_irq.o(.revsh_text), (4 bytes).
    Removing ice_uart_rx_irq.o(.rrx_text), (6 bytes).
    Removing ice_lcd.o(.rev16_text), (4 bytes).
    Removing ice_lcd.o(.revsh_text), (4 bytes).
    Removing ice_lcd.o(.rrx_text), (6 bytes).
    Removing ice_uart_tx_irq.o(.rev16_text), (4 bytes).
    Removing ice_uart_tx_irq.o(.revsh_text), (4 bytes).
    Removing ice_uart_tx_irq.o(.rrx_text), (6 bytes).
    Removing ice_spi_nordic.o(.rev16_text), (4 bytes).
    Removing ice_spi_nordic.o(.revsh_text), (4 bytes).
    Removing ice_spi_nordic.o(.rrx_text), (6 bytes).
    Removing ice_pc_buffer.o(.rev16_text), (4 bytes).
    Removing ice_pc_buffer.o(.revsh_text), (4 bytes).
    Removing ice_pc_buffer.o(.rrx_text), (6 bytes).
    Removing ice_intro_to_c.o(.rev16_text), (4 bytes).
    Removing ice_intro_to_c.o(.revsh_text), (4 bytes).
    Removing ice_intro_to_c.o(.rrx_text), (6 bytes).
    Removing ice_uart_polling.o(.rev16_text), (4 bytes).
    Removing ice_uart_polling.o(.revsh_text), (4 bytes).
    Removing ice_uart_polling.o(.rrx_text), (6 bytes).
    Removing ice_i2c_eeprom.o(.rev16_text), (4 bytes).
    Removing ice_i2c_eeprom.o(.revsh_text), (4 bytes).
    Removing ice_i2c_eeprom.o(.rrx_text), (6 bytes).
    Removing ice_i2c_ft6206.o(.rev16_text), (4 bytes).
    Removing ice_i2c_ft6206.o(.revsh_text), (4 bytes).
    Removing ice_i2c_ft6206.o(.rrx_text), (6 bytes).
    Removing validate_adc.o(.rev16_text), (4 bytes).
    Removing validate_adc.o(.revsh_text), (4 bytes).
    Removing validate_adc.o(.rrx_text), (6 bytes).
    Removing validate_gpio.o(.rev16_text), (4 bytes).
    Removing validate_gpio.o(.revsh_text), (4 bytes).
    Removing validate_gpio.o(.rrx_text), (6 bytes).
    Removing validate_uart.o(.rev16_text), (4 bytes).
    Removing validate_uart.o(.revsh_text), (4 bytes).
    Removing validate_uart.o(.rrx_text), (6 bytes).
    Removing validate_gp_timer.o(.rev16_text), (4 bytes).
    Removing validate_gp_timer.o(.revsh_text), (4 bytes).
    Removing validate_gp_timer.o(.rrx_text), (6 bytes).
    Removing validate_spi.o(.rev16_text), (4 bytes).
    Removing validate_spi.o(.revsh_text), (4 bytes).
    Removing validate_spi.o(.rrx_text), (6 bytes).
    Removing validate_sysctl.o(.rev16_text), (4 bytes).
    Removing validate_sysctl.o(.revsh_text), (4 bytes).
    Removing validate_sysctl.o(.rrx_text), (6 bytes).
    Removing dadd.o(.text), (334 bytes).
    Removing dmul.o(.text), (228 bytes).
    Removing ddiv.o(.text), (222 bytes).
    Removing dfixul.o(.text), (48 bytes).
    Removing cdrcmple.o(.text), (48 bytes).
    Removing depilogue.o(.text), (186 bytes).

87 unused section(s) (total 1444 bytes) removed from the image.

==============================================================================

Image Symbol Table

    Local Symbols

    Symbol Name                              Value     Ov Type        Size  Object(Section)

    RESET                                    0x00000000   Section      620  startup_tm4c123.o(RESET)
    ../clib/../cmprslib/zerorunl2.c          0x00000000   Number         0  __dczerorl2.o ABSOLUTE
    ../clib/microlib/ctype/ctype.c           0x00000000   Number         0  isspace_c.o ABSOLUTE
    ../clib/microlib/ctype/ctype.c           0x00000000   Number         0  ctype_c.o ABSOLUTE
    ../clib/microlib/division.c              0x00000000   Number         0  uldiv.o ABSOLUTE
    ../clib/microlib/division.c              0x00000000   Number         0  uidiv.o ABSOLUTE
    ../clib/microlib/init/entry.s            0x00000000   Number         0  entry10b.o ABSOLUTE
    ../clib/microlib/init/entry.s            0x00000000   Number         0  entry.o ABSOLUTE
    ../clib/microlib/init/entry.s            0x00000000   Number         0  entry9b.o ABSOLUTE
    ../clib/microlib/init/entry.s            0x00000000   Number         0  entry11a.o ABSOLUTE
    ../clib/microlib/init/entry.s            0x00000000   Number         0  entry11b.o ABSOLUTE
    ../clib/microlib/init/entry.s            0x00000000   Number         0  entry10a.o ABSOLUTE
    ../clib/microlib/init/entry.s            0x00000000   Number         0  entry2.o ABSOLUTE
    ../clib/microlib/init/entry.s            0x00000000   Number         0  entry5.o ABSOLUTE
    ../clib/microlib/init/entry.s            0x00000000   Number         0  entry7b.o ABSOLUTE
    ../clib/microlib/init/entry.s            0x00000000   Number         0  entry8a.o ABSOLUTE
    ../clib/microlib/init/entry.s            0x00000000   Number         0  entry7a.o ABSOLUTE
    ../clib/microlib/init/entry.s            0x00000000   Number         0  entry8b.o ABSOLUTE
    ../clib/microlib/init/entry.s            0x00000000   Number         0  entry9a.o ABSOLUTE
    ../clib/microlib/longlong.c              0x00000000   Number         0  llshl.o ABSOLUTE
    ../clib/microlib/longlong.c              0x00000000   Number         0  llsshr.o ABSOLUTE
    ../clib/microlib/longlong.c              0x00000000   Number         0  llushr.o ABSOLUTE
    ../clib/microlib/malloc/malloc.c         0x00000000   Number         0  mallocr.o ABSOLUTE
    ../clib/microlib/malloc/malloc.c         0x00000000   Number         0  malloc.o ABSOLUTE
    ../clib/microlib/malloc/malloc.c         0x00000000   Number         0  mallocra.o ABSOLUTE
    ../clib/microlib/malloc/malloc.c         0x00000000   Number         0  malloca.o ABSOLUTE
    ../clib/microlib/malloc/mvars.c          0x00000000   Number         0  mvars.o ABSOLUTE
    ../clib/microlib/printf/printf.c         0x00000000   Number         0  printfa.o ABSOLUTE
    ../clib/microlib/printf/printf.c         0x00000000   Number         0  printf8.o ABSOLUTE
    ../clib/microlib/printf/printf.c         0x00000000   Number         0  printf7.o ABSOLUTE
    ../clib/microlib/printf/printf.c         0x00000000   Number         0  printf1.o ABSOLUTE
    ../clib/microlib/printf/printf.c         0x00000000   Number         0  printf0.o ABSOLUTE
    ../clib/microlib/printf/printf.c         0x00000000   Number         0  printf4.o ABSOLUTE
    ../clib/microlib/printf/printf.c         0x00000000   Number         0  printf5.o ABSOLUTE
    ../clib/microlib/printf/printf.c         0x00000000   Number         0  printf3.o ABSOLUTE
    ../clib/microlib/printf/printf.c         0x00000000   Number         0  printfb.o ABSOLUTE
    ../clib/microlib/printf/printf.c         0x00000000   Number         0  printf2.o ABSOLUTE
    ../clib/microlib/printf/printf.c         0x00000000   Number         0  printf6.o ABSOLUTE
    ../clib/microlib/printf/stubs.s          0x00000000   Number         0  stubs.o ABSOLUTE
    ../clib/microlib/stdio/fgetc.c           0x00000000   Number         0  fgetc_b.o ABSOLUTE
    ../clib/microlib/stdio/semi.s            0x00000000   Number         0  semi.o ABSOLUTE
    ../clib/microlib/stdio/streams.c         0x00000000   Number         0  stdout.o ABSOLUTE
    ../clib/microlib/stdio/streams.c         0x00000000   Number         0  stdin.o ABSOLUTE
    ../clib/microlib/string/memcpy.c         0x00000000   Number         0  memcpya.o ABSOLUTE
    ../clib/microlib/string/memcpy.c         0x00000000   Number         0  memcpyb.o ABSOLUTE
    ../clib/microlib/string/memset.c         0x00000000   Number         0  memseta.o ABSOLUTE
    ../clib/microlib/stubs.s                 0x00000000   Number         0  iusefp.o ABSOLUTE
    ../clib/microlib/stubs.s                 0x00000000   Number         0  iusesemig.o ABSOLUTE
    ../clib/scanf.c                          0x00000000   Number         0  scanf_char_file.o ABSOLUTE
    ../clib/scanf.c                          0x00000000   Number         0  __0scanf.o ABSOLUTE
    ../clib/scanf.c                          0x00000000   Number         0  scanf_char.o ABSOLUTE
    ../clib/scanf.c                          0x00000000   Number         0  _scanf.o ABSOLUTE
    ../clib/scanf.c                          0x00000000   Number         0  _scanf_str.o ABSOLUTE
    ../fplib/microlib/fpadd.c                0x00000000   Number         0  dadd.o ABSOLUTE
    ../fplib/microlib/fpdiv.c                0x00000000   Number         0  ddiv.o ABSOLUTE
    ../fplib/microlib/fpepilogue.c           0x00000000   Number         0  depilogue.o ABSOLUTE
    ../fplib/microlib/fpfix.c                0x00000000   Number         0  dfixul.o ABSOLUTE
    ../fplib/microlib/fpmul.c                0x00000000   Number         0  dmul.o ABSOLUTE
    ..\\drivers\\c\\gpio_port.c              0x00000000   Number         0  gpio_port.o ABSOLUTE
    ..\\drivers\\c\\uart.c                   0x00000000   Number         0  uart.o ABSOLUTE
    ..\\peripherals\\c\\serial_debug.c       0x00000000   Number         0  serial_debug.o ABSOLUTE
    ..\drivers\c\gpio_port.c                 0x00000000   Number         0  gpio_port.o ABSOLUTE
    ..\drivers\c\pc_buffer.c                 0x00000000   Number         0  pc_buffer.o ABSOLUTE
    ..\drivers\c\uart.c                      0x00000000   Number         0  uart.o ABSOLUTE
    ..\peripherals\c\serial_debug.c          0x00000000   Number         0  serial_debug.o ABSOLUTE
    RTE\Device\TM4C123GH6PM\startup_TM4C123.s 0x00000000   Number         0  startup_tm4c123.o ABSOLUTE
    RTE\Device\TM4C123GH6PM\system_TM4C123.c 0x00000000   Number         0  system_tm4c123.o ABSOLUTE
    RTE\\Device\\TM4C123GH6PM\\system_TM4C123.c 0x00000000   Number         0  system_tm4c123.o ABSOLUTE
    board_setup.c                            0x00000000   Number         0  board_setup.o ABSOLUTE
    board_setup.c                            0x00000000   Number         0  board_setup.o ABSOLUTE
    cdrcmple.s                               0x00000000   Number         0  cdrcmple.o ABSOLUTE
    dc.s                                     0x00000000   Number         0  dc.o ABSOLUTE
    handlers.s                               0x00000000   Number         0  handlers.o ABSOLUTE
    ice_adc.c                                0x00000000   Number         0  ice_adc.o ABSOLUTE
    ice_adc.c                                0x00000000   Number         0  ice_adc.o ABSOLUTE
    ice_gpio_port.c                          0x00000000   Number         0  ice_gpio_port.o ABSOLUTE
    ice_gpio_port.c                          0x00000000   Number         0  ice_gpio_port.o ABSOLUTE
    ice_gpiof.c                              0x00000000   Number         0  ice_gpiof.o ABSOLUTE
    ice_gpiof.c                              0x00000000   Number         0  ice_gpiof.o ABSOLUTE
    ice_gpt.c                                0x00000000   Number         0  ice_gpt.o ABSOLUTE
    ice_gpt.c                                0x00000000   Number         0  ice_gpt.o ABSOLUTE
    ice_i2c_eeprom.c                         0x00000000   Number         0  ice_i2c_eeprom.o ABSOLUTE
    ice_i2c_eeprom.c                         0x00000000   Number         0  ice_i2c_eeprom.o ABSOLUTE
    ice_i2c_ft6206.c                         0x00000000   Number         0  ice_i2c_ft6206.o ABSOLUTE
    ice_i2c_ft6206.c                         0x00000000   Number         0  ice_i2c_ft6206.o ABSOLUTE
    ice_intro_to_c.c                         0x00000000   Number         0  ice_intro_to_c.o ABSOLUTE
    ice_intro_to_c.c                         0x00000000   Number         0  ice_intro_to_c.o ABSOLUTE
    ice_lcd.c                                0x00000000   Number         0  ice_lcd.o ABSOLUTE
    ice_lcd.c                                0x00000000   Number         0  ice_lcd.o ABSOLUTE
    ice_pc_buffer.c                          0x00000000   Number         0  ice_pc_buffer.o ABSOLUTE
    ice_pc_buffer.c                          0x00000000   Number         0  ice_pc_buffer.o ABSOLUTE
    ice_spi_nordic.c                         0x00000000   Number         0  ice_spi_nordic.o ABSOLUTE
    ice_spi_nordic.c                         0x00000000   Number         0  ice_spi_nordic.o ABSOLUTE
    ice_systick.c                            0x00000000   Number         0  ice_systick.o ABSOLUTE
    ice_systick.c                            0x00000000   Number         0  ice_systick.o ABSOLUTE
    ice_uart_polling.c                       0x00000000   Number         0  ice_uart_polling.o ABSOLUTE
    ice_uart_polling.c                       0x00000000   Number         0  ice_uart_polling.o ABSOLUTE
    ice_uart_rx_irq.c                        0x00000000   Number         0  ice_uart_rx_irq.o ABSOLUTE
    ice_uart_rx_irq.c                        0x00000000   Number         0  ice_uart_rx_irq.o ABSOLUTE
    ice_uart_tx_irq.c                        0x00000000   Number         0  ice_uart_tx_irq.o ABSOLUTE
    ice_uart_tx_irq.c                        0x00000000   Number         0  ice_uart_tx_irq.o ABSOLUTE
    init.s                                   0x00000000   Number         0  init.o ABSOLUTE
    main.c                                   0x00000000   Number         0  main.o ABSOLUTE
    main.c                                   0x00000000   Number         0  main.o ABSOLUTE
    validate_adc.c                           0x00000000   Number         0  validate_adc.o ABSOLUTE
    validate_adc.c                           0x00000000   Number         0  validate_adc.o ABSOLUTE
    validate_gp_timer.c                      0x00000000   Number         0  validate_gp_timer.o ABSOLUTE
    validate_gp_timer.c                      0x00000000   Number         0  validate_gp_timer.o ABSOLUTE
    validate_gpio.c                          0x00000000   Number         0  validate_gpio.o ABSOLUTE
    validate_gpio.c                          0x00000000   Number         0  validate_gpio.o ABSOLUTE
    validate_led.c                           0x00000000   Number         0  validate_led.o ABSOLUTE
    validate_led.c                           0x00000000   Number         0  validate_led.o ABSOLUTE
    validate_spi.c                           0x00000000   Number         0  validate_spi.o ABSOLUTE
    validate_spi.c                           0x00000000   Number         0  validate_spi.o ABSOLUTE
    validate_sysctl.c                        0x00000000   Number         0  validate_sysctl.o ABSOLUTE
    validate_sysctl.c                        0x00000000   Number         0  validate_sysctl.o ABSOLUTE
    validate_uart.c                          0x00000000   Number         0  validate_uart.o ABSOLUTE
    validate_uart.c                          0x00000000   Number         0  validate_uart.o ABSOLUTE
    .ARM.Collect$$$$00000000                 0x0000026c   Section        0  entry.o(.ARM.Collect$$$$00000000)
    .ARM.Collect$$$$00000001                 0x0000026c   Section        4  entry2.o(.ARM.Collect$$$$00000001)
    .ARM.Collect$$$$00000004                 0x00000270   Section        4  entry5.o(.ARM.Collect$$$$00000004)
    .ARM.Collect$$$$00000008                 0x00000274   Section        0  entry7b.o(.ARM.Collect$$$$00000008)
    .ARM.Collect$$$$0000000A                 0x00000274   Section        0  entry8b.o(.ARM.Collect$$$$0000000A)
    .ARM.Collect$$$$0000000B                 0x00000274   Section        8  entry9a.o(.ARM.Collect$$$$0000000B)
    .ARM.Collect$$$$0000000D                 0x0000027c   Section        0  entry10a.o(.ARM.Collect$$$$0000000D)
    .ARM.Collect$$$$0000000F                 0x0000027c   Section        0  entry11a.o(.ARM.Collect$$$$0000000F)
    .ARM.Collect$$$$00002712                 0x0000027c   Section        4  entry2.o(.ARM.Collect$$$$00002712)
    __lit__00000000                          0x0000027c   Data           4  entry2.o(.ARM.Collect$$$$00002712)
    .text                                    0x00000280   Section        0  main.o(.text)
    .text                                    0x00000368   Section        0  gpio_port.o(.text)
    verify_base_addr                         0x00000369   Thumb Code    64  gpio_port.o(.text)
    .text                                    0x0000060c   Section        0  pc_buffer.o(.text)
    .text                                    0x000006ac   Section        0  uart.o(.text)
    .text                                    0x00000930   Section        0  serial_debug.o(.text)
    UART_Tx_Flow                             0x00000aed   Thumb Code    94  serial_debug.o(.text)
    .text                                    0x00000b64   Section      252  startup_tm4c123.o(.text)
    $v0                                      0x00000b64   Number         0  startup_tm4c123.o(.text)
    .text                                    0x00000c60   Section        0  system_tm4c123.o(.text)
    getOscClk                                0x00000c61   Thumb Code   182  system_tm4c123.o(.text)
    .text                                    0x00000eac   Section        0  board_setup.o(.text)
    .text                                    0x00000fac   Section        0  validate_led.o(.text)
    .text                                    0x00001010   Section        0  ice_adc.o(.text)
    print_adc_pin_status                     0x00001011   Thumb Code   144  ice_adc.o(.text)
    print_adc_status                         0x000010a1   Thumb Code   144  ice_adc.o(.text)
    .text                                    0x000012cc   Section        0  ice_gpio_port.o(.text)
    print_pin_status                         0x000012cd   Thumb Code   122  ice_gpio_port.o(.text)
    .text                                    0x00001510   Section        0  ice_gpiof.o(.text)
    .text                                    0x000017f8   Section        0  ice_gpt.o(.text)
    .text                                    0x00001918   Section        0  ice_systick.o(.text)
    print_systick_load                       0x00001919   Thumb Code    86  ice_systick.o(.text)
    print_pin_status                         0x0000196f   Thumb Code   122  ice_systick.o(.text)
    print_adc_pin_status                     0x000019e9   Thumb Code   144  ice_systick.o(.text)
    print_adc_status                         0x00001a79   Thumb Code   144  ice_systick.o(.text)
    .text                                    0x00001cf0   Section        0  ice_uart_rx_irq.o(.text)
    .text                                    0x00001ed0   Section        0  ice_lcd.o(.text)
    .text                                    0x00002244   Section        0  ice_uart_tx_irq.o(.text)
    .text                                    0x00002424   Section        0  ice_spi_nordic.o(.text)
    .text                                    0x000027cc   Section        0  ice_pc_buffer.o(.text)
    .text                                    0x000027d8   Section        0  ice_intro_to_c.o(.text)
    .text                                    0x00002840   Section        0  ice_uart_polling.o(.text)
    print_pin_status                         0x00002841   Thumb Code   144  ice_uart_polling.o(.text)
    print_uart_status                        0x000028d1   Thumb Code   178  ice_uart_polling.o(.text)
    .text                                    0x00002a90   Section        0  ice_i2c_eeprom.o(.text)
    print_pin_status                         0x00002a91   Thumb Code   144  ice_i2c_eeprom.o(.text)
    .text                                    0x00002bd4   Section        0  ice_i2c_ft6206.o(.text)
    print_pin_status                         0x00002bd5   Thumb Code   144  ice_i2c_ft6206.o(.text)
    .text                                    0x00002d20   Section        0  validate_adc.o(.text)
    verify_base_addr                         0x00002d21   Thumb Code    26  validate_adc.o(.text)
    .text                                    0x00002dd8   Section        0  validate_gpio.o(.text)
    verify_base_addr                         0x00002dd9   Thumb Code    64  validate_gpio.o(.text)
    .text                                    0x00002f78   Section        0  validate_uart.o(.text)
    uart_get_ibrd                            0x00003023   Thumb Code    30  validate_uart.o(.text)
    uart_get_fbrd                            0x00003041   Thumb Code    28  validate_uart.o(.text)
    uart_get_irq_num                         0x0000305d   Thumb Code    68  validate_uart.o(.text)
    .text                                    0x00003378   Section        0  validate_gp_timer.o(.text)
    verify_base_addr                         0x00003379   Thumb Code    64  validate_gp_timer.o(.text)
    validate_gpt_mode                        0x000033b9   Thumb Code    22  validate_gp_timer.o(.text)
    validate_gpio_gpt_direction              0x000033cf   Thumb Code    22  validate_gp_timer.o(.text)
    validate_gtp_interrupts                  0x000033e5   Thumb Code    22  validate_gp_timer.o(.text)
    validate_gpt_size_32                     0x000033fb   Thumb Code    20  validate_gp_timer.o(.text)
    validate_gpt_interval                    0x0000340f   Thumb Code    18  validate_gp_timer.o(.text)
    .text                                    0x0000348c   Section        0  validate_spi.o(.text)
    .text                                    0x00003584   Section        0  validate_sysctl.o(.text)
    get_gpio_rcgc                            0x00003585   Thumb Code    74  validate_sysctl.o(.text)
    get_adc_rcgc                             0x000035cf   Thumb Code    28  validate_sysctl.o(.text)
    get_gpt_rcgc                             0x000035eb   Thumb Code    74  validate_sysctl.o(.text)
    get_uart_rcgc                            0x00003635   Thumb Code    68  validate_sysctl.o(.text)
    get_spi_rcgc                             0x00003679   Thumb Code    48  validate_sysctl.o(.text)
    .text                                    0x00003750   Section        0  memseta.o(.text)
    .text                                    0x00003774   Section        0  __0scanf.o(.text)
    .text                                    0x00003794   Section        0  _scanf_str.o(.text)
    .text                                    0x00003874   Section        0  uidiv.o(.text)
    .text                                    0x000038a0   Section        0  scanf_char_file.o(.text)
    .text                                    0x000038b4   Section       36  init.o(.text)
    .text                                    0x000038d8   Section        0  fgetc_b.o(.text)
    .text                                    0x00003904   Section        0  scanf_char.o(.text)
    _scanf_char_input                        0x00003905   Thumb Code    12  scanf_char.o(.text)
    .text                                    0x0000392c   Section        0  isspace_c.o(.text)
    .text                                    0x0000392c   Section        0  semi.o(.text)
    .text                                    0x00003938   Section        0  _scanf.o(.text)
    .text                                    0x00003c64   Section        0  ctype_c.o(.text)
    .text                                    0x00003c64   Section        0  iusesemig.o(.text)
    .text                                    0x00003c8c   Section        0  __dczerorl2.o(.text)
    i.__0printf$6                            0x00003ce4   Section        0  printf6.o(i.__0printf$6)
    i.__0sprintf$6                           0x00003d04   Section        0  printf6.o(i.__0sprintf$6)
    i.__scatterload_copy                     0x00003d2c   Section       14  handlers.o(i.__scatterload_copy)
    i.__scatterload_null                     0x00003d3a   Section        2  handlers.o(i.__scatterload_null)
    i.__scatterload_zeroinit                 0x00003d3c   Section       14  handlers.o(i.__scatterload_zeroinit)
    i._printf_core                           0x00003d4c   Section        0  printf6.o(i._printf_core)
    _printf_core                             0x00003d4d   Thumb Code   748  printf6.o(i._printf_core)
    i._printf_post_padding                   0x0000403c   Section        0  printf6.o(i._printf_post_padding)
    _printf_post_padding                     0x0000403d   Thumb Code    36  printf6.o(i._printf_post_padding)
    i._printf_pre_padding                    0x00004060   Section        0  printf6.o(i._printf_pre_padding)
    _printf_pre_padding                      0x00004061   Thumb Code    46  printf6.o(i._printf_pre_padding)
    i._sputc                                 0x0000408e   Section        0  printf6.o(i._sputc)
    _sputc                                   0x0000408f   Thumb Code    10  printf6.o(i._sputc)
    i.malloc                                 0x00004098   Section        0  malloc.o(i.malloc)
    .constdata                               0x00004104   Section       64  ctype_c.o(.constdata)
    .conststring                             0x00004144   Section       92  validate_uart.o(.conststring)
    .data                                    0x20000000   Section        2  serial_debug.o(.data)
    Rx_Interrupts_Enabled                    0x20000000   Data           1  serial_debug.o(.data)
    Tx_Interrupts_Enabled                    0x20000001   Data           1  serial_debug.o(.data)
    .data                                    0x20000004   Section        4  system_tm4c123.o(.data)
    .data                                    0x20000008   Section       40  ice_adc.o(.data)
    ps2_x                                    0x20000008   Data          20  ice_adc.o(.data)
    ps2_y                                    0x2000001c   Data          20  ice_adc.o(.data)
    .data                                    0x20000030   Section      240  ice_gpio_port.o(.data)
    lcd_cs                                   0x20000030   Data          20  ice_gpio_port.o(.data)
    lcd_data_instr                           0x20000044   Data          20  ice_gpio_port.o(.data)
    lcd_wr                                   0x20000058   Data          20  ice_gpio_port.o(.data)
    lcd_rd                                   0x2000006c   Data          20  ice_gpio_port.o(.data)
    lcd_data                                 0x20000080   Data         160  ice_gpio_port.o(.data)
    .data                                    0x20000120   Section      100  ice_gpiof.o(.data)
    red                                      0x20000120   Data          20  ice_gpiof.o(.data)
    blue                                     0x20000134   Data          20  ice_gpiof.o(.data)
    green                                    0x20000148   Data          20  ice_gpiof.o(.data)
    sw1                                      0x2000015c   Data          20  ice_gpiof.o(.data)
    sw2                                      0x20000170   Data          20  ice_gpiof.o(.data)
    .data                                    0x20000184   Section       40  ice_systick.o(.data)
    ps2_x                                    0x20000184   Data          20  ice_systick.o(.data)
    green                                    0x20000198   Data          20  ice_systick.o(.data)
    .data                                    0x200001ac   Section       64  ice_uart_rx_irq.o(.data)
    Tx                                       0x200001ac   Data          20  ice_uart_rx_irq.o(.data)
    Rx                                       0x200001c0   Data          20  ice_uart_rx_irq.o(.data)
    uart0                                    0x200001d4   Data          24  ice_uart_rx_irq.o(.data)
    .data                                    0x200001ec   Section      120  ice_lcd.o(.data)
    .data                                    0x20000264   Section       64  ice_uart_tx_irq.o(.data)
    Tx                                       0x20000264   Data          20  ice_uart_tx_irq.o(.data)
    Rx                                       0x20000278   Data          20  ice_uart_tx_irq.o(.data)
    uart0                                    0x2000028c   Data          24  ice_uart_tx_irq.o(.data)
    .data                                    0x200002a4   Section      120  ice_spi_nordic.o(.data)
    SPI_CLK                                  0x200002a4   Data          20  ice_spi_nordic.o(.data)
    SPI_CS                                   0x200002b8   Data          20  ice_spi_nordic.o(.data)
    SPI_MISO                                 0x200002cc   Data          20  ice_spi_nordic.o(.data)
    SPI_MOSI                                 0x200002e0   Data          20  ice_spi_nordic.o(.data)
    .data                                    0x2000031c   Section       64  ice_uart_polling.o(.data)
    Tx                                       0x2000031c   Data          20  ice_uart_polling.o(.data)
    Rx                                       0x20000330   Data          20  ice_uart_polling.o(.data)
    uart0                                    0x20000344   Data          24  ice_uart_polling.o(.data)
    .data                                    0x2000035c   Section       40  ice_i2c_eeprom.o(.data)
    SCL                                      0x2000035c   Data          20  ice_i2c_eeprom.o(.data)
    SDA                                      0x20000370   Data          20  ice_i2c_eeprom.o(.data)
    .data                                    0x20000384   Section       40  ice_i2c_ft6206.o(.data)
    SCL                                      0x20000384   Data          20  ice_i2c_ft6206.o(.data)
    SDA                                      0x20000398   Data          20  ice_i2c_ft6206.o(.data)
    .data                                    0x200003ac   Section        4  stdout.o(.data)
    .data                                    0x200003b0   Section        4  stdin.o(.data)
    .data                                    0x200003b4   Section        4  mvars.o(.data)
    .data                                    0x200003b8   Section        4  mvars.o(.data)
    .data                                    0x200003bc   Section        3  fgetc_b.o(.data)
    ungetc_sp                                0x200003bc   Data           1  fgetc_b.o(.data)
    ungetc_stack                             0x200003bd   Data           2  fgetc_b.o(.data)
    .bss                                     0x200003c0   Section       36  serial_debug.o(.bss)
    HEAP                                     0x200003e8   Section        0  startup_tm4c123.o(HEAP)
    STACK                                    0x200003e8   Section     8192  startup_tm4c123.o(STACK)

    Global Symbols

    Symbol Name                              Value     Ov Type        Size  Object(Section)

    BuildAttributes$$THM_ISAv4$E$P$D$K$B$S$7EM$VFPi3$EXTD16$VFPS$VFMA$PE$A:L22UL41UL21$X:L11$S22US41US21$IEEE1$IW$USESV6$~STKCKD$USESV7$~SHL$OSPACE$ROPI$EBA8$MICROLIB$REQ8$PRES8$EABIv2 0x00000000   Number         0  anon$$obj.o ABSOLUTE
    __ARM_use_no_argv                        0x00000000   Number         0  main.o ABSOLUTE
    __Vectors                                0x00000000   Data           4  startup_tm4c123.o(RESET)
    _printf_a                                0x00000000   Number         0  stubs.o ABSOLUTE
    _printf_c                                0x00000000   Number         0  stubs.o ABSOLUTE
    _printf_charcount                        0x00000000   Number         0  stubs.o ABSOLUTE
    _printf_d                                0x00000000   Number         0  stubs.o ABSOLUTE
    _printf_e                                0x00000000   Number         0  stubs.o ABSOLUTE
    _printf_f                                0x00000000   Number         0  stubs.o ABSOLUTE
    _printf_flags                            0x00000000   Number         0  stubs.o ABSOLUTE
    _printf_fp_dec                           0x00000000   Number         0  stubs.o ABSOLUTE
    _printf_fp_hex                           0x00000000   Number         0  stubs.o ABSOLUTE
    _printf_g                                0x00000000   Number         0  stubs.o ABSOLUTE
    _printf_i                                0x00000000   Number         0  stubs.o ABSOLUTE
    _printf_int_dec                          0x00000000   Number         0  stubs.o ABSOLUTE
    _printf_l                                0x00000000   Number         0  stubs.o ABSOLUTE
    _printf_lc                               0x00000000   Number         0  stubs.o ABSOLUTE
    _printf_ll                               0x00000000   Number         0  stubs.o ABSOLUTE
    _printf_lld                              0x00000000   Number         0  stubs.o ABSOLUTE
    _printf_lli                              0x00000000   Number         0  stubs.o ABSOLUTE
    _printf_llo                              0x00000000   Number         0  stubs.o ABSOLUTE
    _printf_llu                              0x00000000   Number         0  stubs.o ABSOLUTE
    _printf_llx                              0x00000000   Number         0  stubs.o ABSOLUTE
    _printf_longlong_dec                     0x00000000   Number         0  stubs.o ABSOLUTE
    _printf_longlong_hex                     0x00000000   Number         0  stubs.o ABSOLUTE
    _printf_longlong_oct                     0x00000000   Number         0  stubs.o ABSOLUTE
    _printf_ls                               0x00000000   Number         0  stubs.o ABSOLUTE
    _printf_mbtowc                           0x00000000   Number         0  stubs.o ABSOLUTE
    _printf_n                                0x00000000   Number         0  stubs.o ABSOLUTE
    _printf_o                                0x00000000   Number         0  stubs.o ABSOLUTE
    _printf_p                                0x00000000   Number         0  stubs.o ABSOLUTE
    _printf_percent                          0x00000000   Number         0  stubs.o ABSOLUTE
    _printf_pre_padding                      0x00000000   Number         0  stubs.o ABSOLUTE
    _printf_return_value                     0x00000000   Number         0  stubs.o ABSOLUTE
    _printf_s                                0x00000000   Number         0  stubs.o ABSOLUTE
    _printf_sizespec                         0x00000000   Number         0  stubs.o ABSOLUTE
    _printf_str                              0x00000000   Number         0  stubs.o ABSOLUTE
    _printf_truncate_signed                  0x00000000   Number         0  stubs.o ABSOLUTE
    _printf_truncate_unsigned                0x00000000   Number         0  stubs.o ABSOLUTE
    _printf_u                                0x00000000   Number         0  stubs.o ABSOLUTE
    _printf_wc                               0x00000000   Number         0  stubs.o ABSOLUTE
    _printf_wctomb                           0x00000000   Number         0  stubs.o ABSOLUTE
    _printf_widthprec                        0x00000000   Number         0  stubs.o ABSOLUTE
    _printf_x                                0x00000000   Number         0  stubs.o ABSOLUTE
    __cpp_initialize__aeabi_                  - Undefined Weak Reference
    __cxa_finalize                            - Undefined Weak Reference
    _clock_init                               - Undefined Weak Reference
    _microlib_exit                            - Undefined Weak Reference
    _scanf_int                                - Undefined Weak Reference
    _scanf_longlong                           - Undefined Weak Reference
    _scanf_real                               - Undefined Weak Reference
    __Vectors_End                            0x0000026c   Data           0  startup_tm4c123.o(RESET)
    __Vectors_Size                           0x0000026c   Number         0  startup_tm4c123.o ABSOLUTE
    __main                                   0x0000026d   Thumb Code     0  entry.o(.ARM.Collect$$$$00000000)
    _main_stk                                0x0000026d   Thumb Code     0  entry2.o(.ARM.Collect$$$$00000001)
    _main_scatterload                        0x00000271   Thumb Code     0  entry5.o(.ARM.Collect$$$$00000004)
    __main_after_scatterload                 0x00000275   Thumb Code     0  entry5.o(.ARM.Collect$$$$00000004)
    _main_clock                              0x00000275   Thumb Code     0  entry7b.o(.ARM.Collect$$$$00000008)
    _main_cpp_init                           0x00000275   Thumb Code     0  entry8b.o(.ARM.Collect$$$$0000000A)
    _main_init                               0x00000275   Thumb Code     0  entry9a.o(.ARM.Collect$$$$0000000B)
    __rt_final_cpp                           0x0000027d   Thumb Code     0  entry10a.o(.ARM.Collect$$$$0000000D)
    __rt_final_exit                          0x0000027d   Thumb Code     0  entry11a.o(.ARM.Collect$$$$0000000F)
    DisableInterrupts                        0x00000281   Thumb Code     4  main.o(.text)
    EnableInterrupts                         0x00000285   Thumb Code     4  main.o(.text)
    initializeBoard                          0x00000289   Thumb Code    20  main.o(.text)
    main                                     0x0000029d   Thumb Code    74  main.o(.text)
    gpio_get_irq_num                         0x000003a9   Thumb Code    74  gpio_port.o(.text)
    gpio_enable_port                         0x000003f3   Thumb Code   156  gpio_port.o(.text)
    gpio_config_digital_enable               0x0000048f   Thumb Code    34  gpio_port.o(.text)
    gpio_config_enable_output                0x000004b1   Thumb Code    34  gpio_port.o(.text)
    gpio_config_enable_input                 0x000004d3   Thumb Code    34  gpio_port.o(.text)
    gpio_config_enable_pullup                0x000004f5   Thumb Code    34  gpio_port.o(.text)
    gpio_config_enable_pulldown              0x00000517   Thumb Code    34  gpio_port.o(.text)
    gpio_config_analog_enable                0x00000539   Thumb Code    34  gpio_port.o(.text)
    gpio_config_alternate_function           0x0000055b   Thumb Code    34  gpio_port.o(.text)
    gpio_config_port_control                 0x0000057d   Thumb Code    44  gpio_port.o(.text)
    gpio_config_open_drain                   0x000005a9   Thumb Code    34  gpio_port.o(.text)
    gpio_config_falling_edge_irq             0x000005cb   Thumb Code    34  gpio_port.o(.text)
    pc_buffer_init                           0x0000060d   Thumb Code    34  pc_buffer.o(.text)
    pc_buffer_add                            0x0000062f   Thumb Code    56  pc_buffer.o(.text)
    pc_buffer_remove                         0x00000667   Thumb Code    58  pc_buffer.o(.text)
    pc_buffer_empty                          0x000006a1   Thumb Code     6  pc_buffer.o(.text)
    pc_buffer_full                           0x000006a7   Thumb Code     6  pc_buffer.o(.text)
    verify_uart_base                         0x000006ad   Thumb Code    54  uart.o(.text)
    uart_get_rcgc_mask                       0x000006e3   Thumb Code    68  uart.o(.text)
    uart_get_pr_mask                         0x00000727   Thumb Code    68  uart.o(.text)
    uart_get_irq_num                         0x0000076b   Thumb Code    68  uart.o(.text)
    uart_tx_poll                             0x000007af   Thumb Code    38  uart.o(.text)
    uart_tx_poll_string                      0x000007d5   Thumb Code    50  uart.o(.text)
    uart_rx_poll                             0x00000807   Thumb Code    70  uart.o(.text)
    uart_init                                0x0000084d   Thumb Code   210  uart.o(.text)
    init_serial_debug                        0x00000931   Thumb Code   102  serial_debug.o(.text)
    serial_debug_rx                          0x00000997   Thumb Code    46  serial_debug.o(.text)
    serial_debug_tx                          0x000009c5   Thumb Code    96  serial_debug.o(.text)
    fputc                                    0x00000a25   Thumb Code    74  serial_debug.o(.text)
    fgetc                                    0x00000a6f   Thumb Code    50  serial_debug.o(.text)
    UART0_Handler                            0x00000aa1   Thumb Code    76  serial_debug.o(.text)
    Reset_Handler                            0x00000b65   Thumb Code     8  startup_tm4c123.o(.text)
    NMI_Handler                              0x00000b6d   Thumb Code     2  startup_tm4c123.o(.text)
    HardFault_Handler                        0x00000b6f   Thumb Code     2  startup_tm4c123.o(.text)
    MemManage_Handler                        0x00000b71   Thumb Code     2  startup_tm4c123.o(.text)
    BusFault_Handler                         0x00000b73   Thumb Code     2  startup_tm4c123.o(.text)
    UsageFault_Handler                       0x00000b75   Thumb Code     2  startup_tm4c123.o(.text)
    SVC_Handler                              0x00000b77   Thumb Code     2  startup_tm4c123.o(.text)
    DebugMon_Handler                         0x00000b79   Thumb Code     2  startup_tm4c123.o(.text)
    PendSV_Handler                           0x00000b7b   Thumb Code     2  startup_tm4c123.o(.text)
    SysTick_Handler                          0x00000b7d   Thumb Code     2  startup_tm4c123.o(.text)
    GPIOA_Handler                            0x00000b7f   Thumb Code     2  startup_tm4c123.o(.text)
    GPIOB_Handler                            0x00000b81   Thumb Code     2  startup_tm4c123.o(.text)
    GPIOC_Handler                            0x00000b83   Thumb Code     2  startup_tm4c123.o(.text)
    GPIOD_Handler                            0x00000b85   Thumb Code     2  startup_tm4c123.o(.text)
    GPIOE_Handler                            0x00000b87   Thumb Code     2  startup_tm4c123.o(.text)
    UART1_Handler                            0x00000b8b   Thumb Code     2  startup_tm4c123.o(.text)
    SSI0_Handler                             0x00000b8d   Thumb Code     2  startup_tm4c123.o(.text)
    I2C0_Handler                             0x00000b8f   Thumb Code     2  startup_tm4c123.o(.text)
    PMW0_FAULT_Handler                       0x00000b91   Thumb Code     2  startup_tm4c123.o(.text)
    PWM0_0_Handler                           0x00000b93   Thumb Code     2  startup_tm4c123.o(.text)
    PWM0_1_Handler                           0x00000b95   Thumb Code     2  startup_tm4c123.o(.text)
    PWM0_2_Handler                           0x00000b97   Thumb Code     2  startup_tm4c123.o(.text)
    QEI0_Handler                             0x00000b99   Thumb Code     2  startup_tm4c123.o(.text)
    ADC0SS0_Handler                          0x00000b9b   Thumb Code     2  startup_tm4c123.o(.text)
    ADC0SS1_Handler                          0x00000b9d   Thumb Code     2  startup_tm4c123.o(.text)
    ADC0SS2_Handler                          0x00000b9f   Thumb Code     2  startup_tm4c123.o(.text)
    ADC0SS3_Handler                          0x00000ba1   Thumb Code     2  startup_tm4c123.o(.text)
    WDT0_Handler                             0x00000ba3   Thumb Code     2  startup_tm4c123.o(.text)
    TIMER0A_Handler                          0x00000ba5   Thumb Code     2  startup_tm4c123.o(.text)
    TIMER0B_Handler                          0x00000ba7   Thumb Code     2  startup_tm4c123.o(.text)
    TIMER1A_Handler                          0x00000ba9   Thumb Code     2  startup_tm4c123.o(.text)
    TIMER1B_Handler                          0x00000bab   Thumb Code     2  startup_tm4c123.o(.text)
    TIMER2A_Handler                          0x00000bad   Thumb Code     2  startup_tm4c123.o(.text)
    TIMER2B_Handler                          0x00000baf   Thumb Code     2  startup_tm4c123.o(.text)
    COMP0_Handler                            0x00000bb1   Thumb Code     2  startup_tm4c123.o(.text)
    COMP1_Handler                            0x00000bb3   Thumb Code     2  startup_tm4c123.o(.text)
    COMP2_Handler                            0x00000bb5   Thumb Code     2  startup_tm4c123.o(.text)
    SYSCTL_Handler                           0x00000bb7   Thumb Code     2  startup_tm4c123.o(.text)
    FLASH_Handler                            0x00000bb9   Thumb Code     2  startup_tm4c123.o(.text)
    GPIOF_Handler                            0x00000bbb   Thumb Code     2  startup_tm4c123.o(.text)
    GPIOG_Handler                            0x00000bbd   Thumb Code     2  startup_tm4c123.o(.text)
    GPIOH_Handler                            0x00000bbf   Thumb Code     2  startup_tm4c123.o(.text)
    UART2_Handler                            0x00000bc1   Thumb Code     2  startup_tm4c123.o(.text)
    SSI1_Handler                             0x00000bc3   Thumb Code     2  startup_tm4c123.o(.text)
    TIMER3A_Handler                          0x00000bc5   Thumb Code     2  startup_tm4c123.o(.text)
    TIMER3B_Handler                          0x00000bc7   Thumb Code     2  startup_tm4c123.o(.text)
    I2C1_Handler                             0x00000bc9   Thumb Code     2  startup_tm4c123.o(.text)
    QEI1_Handler                             0x00000bcb   Thumb Code     2  startup_tm4c123.o(.text)
    CAN0_Handler                             0x00000bcd   Thumb Code     2  startup_tm4c123.o(.text)
    CAN1_Handler                             0x00000bcf   Thumb Code     2  startup_tm4c123.o(.text)
    CAN2_Handler                             0x00000bd1   Thumb Code     2  startup_tm4c123.o(.text)
    HIB_Handler                              0x00000bd3   Thumb Code     2  startup_tm4c123.o(.text)
    USB0_Handler                             0x00000bd5   Thumb Code     2  startup_tm4c123.o(.text)
    PWM0_3_Handler                           0x00000bd7   Thumb Code     2  startup_tm4c123.o(.text)
    UDMA_Handler                             0x00000bd9   Thumb Code     2  startup_tm4c123.o(.text)
    UDMAERR_Handler                          0x00000bdb   Thumb Code     2  startup_tm4c123.o(.text)
    ADC1SS0_Handler                          0x00000bdd   Thumb Code     2  startup_tm4c123.o(.text)
    ADC1SS1_Handler                          0x00000bdf   Thumb Code     2  startup_tm4c123.o(.text)
    ADC1SS2_Handler                          0x00000be1   Thumb Code     2  startup_tm4c123.o(.text)
    ADC1SS3_Handler                          0x00000be3   Thumb Code     2  startup_tm4c123.o(.text)
    GPIOJ_Handler                            0x00000be5   Thumb Code     2  startup_tm4c123.o(.text)
    GPIOK_Handler                            0x00000be7   Thumb Code     2  startup_tm4c123.o(.text)
    GPIOL_Handler                            0x00000be9   Thumb Code     2  startup_tm4c123.o(.text)
    SSI2_Handler                             0x00000beb   Thumb Code     2  startup_tm4c123.o(.text)
    SSI3_Handler                             0x00000bed   Thumb Code     2  startup_tm4c123.o(.text)
    UART3_Handler                            0x00000bef   Thumb Code     2  startup_tm4c123.o(.text)
    UART4_Handler                            0x00000bf1   Thumb Code     2  startup_tm4c123.o(.text)
    UART5_Handler                            0x00000bf3   Thumb Code     2  startup_tm4c123.o(.text)
    UART6_Handler                            0x00000bf5   Thumb Code     2  startup_tm4c123.o(.text)
    UART7_Handler                            0x00000bf7   Thumb Code     2  startup_tm4c123.o(.text)
    I2C2_Handler                             0x00000bf9   Thumb Code     2  startup_tm4c123.o(.text)
    I2C3_Handler                             0x00000bfb   Thumb Code     2  startup_tm4c123.o(.text)
    TIMER4A_Handler                          0x00000bfd   Thumb Code     2  startup_tm4c123.o(.text)
    TIMER4B_Handler                          0x00000bff   Thumb Code     2  startup_tm4c123.o(.text)
    TIMER5A_Handler                          0x00000c01   Thumb Code     2  startup_tm4c123.o(.text)
    TIMER5B_Handler                          0x00000c03   Thumb Code     2  startup_tm4c123.o(.text)
    WTIMER0A_Handler                         0x00000c05   Thumb Code     2  startup_tm4c123.o(.text)
    WTIMER0B_Handler                         0x00000c07   Thumb Code     2  startup_tm4c123.o(.text)
    WTIMER1A_Handler                         0x00000c09   Thumb Code     2  startup_tm4c123.o(.text)
    WTIMER1B_Handler                         0x00000c0b   Thumb Code     2  startup_tm4c123.o(.text)
    WTIMER2A_Handler                         0x00000c0d   Thumb Code     2  startup_tm4c123.o(.text)
    WTIMER2B_Handler                         0x00000c0f   Thumb Code     2  startup_tm4c123.o(.text)
    WTIMER3A_Handler                         0x00000c11   Thumb Code     2  startup_tm4c123.o(.text)
    WTIMER3B_Handler                         0x00000c13   Thumb Code     2  startup_tm4c123.o(.text)
    WTIMER4A_Handler                         0x00000c15   Thumb Code     2  startup_tm4c123.o(.text)
    WTIMER4B_Handler                         0x00000c17   Thumb Code     2  startup_tm4c123.o(.text)
    WTIMER5A_Handler                         0x00000c19   Thumb Code     2  startup_tm4c123.o(.text)
    WTIMER5B_Handler                         0x00000c1b   Thumb Code     2  startup_tm4c123.o(.text)
    FPU_Handler                              0x00000c1d   Thumb Code     2  startup_tm4c123.o(.text)
    I2C4_Handler                             0x00000c1f   Thumb Code     2  startup_tm4c123.o(.text)
    I2C5_Handler                             0x00000c21   Thumb Code     2  startup_tm4c123.o(.text)
    GPIOM_Handler                            0x00000c23   Thumb Code     2  startup_tm4c123.o(.text)
    GPION_Handler                            0x00000c25   Thumb Code     2  startup_tm4c123.o(.text)
    QEI2_Handler                             0x00000c27   Thumb Code     2  startup_tm4c123.o(.text)
    GPIOP0_Handler                           0x00000c29   Thumb Code     2  startup_tm4c123.o(.text)
    GPIOP1_Handler                           0x00000c2b   Thumb Code     2  startup_tm4c123.o(.text)
    GPIOP2_Handler                           0x00000c2d   Thumb Code     2  startup_tm4c123.o(.text)
    GPIOP3_Handler                           0x00000c2f   Thumb Code     2  startup_tm4c123.o(.text)
    GPIOP4_Handler                           0x00000c31   Thumb Code     2  startup_tm4c123.o(.text)
    GPIOP5_Handler                           0x00000c33   Thumb Code     2  startup_tm4c123.o(.text)
    GPIOP6_Handler                           0x00000c35   Thumb Code     2  startup_tm4c123.o(.text)
    GPIOP7_Handler                           0x00000c37   Thumb Code     2  startup_tm4c123.o(.text)
    GPIOQ0_Handler                           0x00000c39   Thumb Code     2  startup_tm4c123.o(.text)
    GPIOQ1_Handler                           0x00000c3b   Thumb Code     2  startup_tm4c123.o(.text)
    GPIOQ2_Handler                           0x00000c3d   Thumb Code     2  startup_tm4c123.o(.text)
    GPIOQ3_Handler                           0x00000c3f   Thumb Code     2  startup_tm4c123.o(.text)
    GPIOQ4_Handler                           0x00000c41   Thumb Code     2  startup_tm4c123.o(.text)
    GPIOQ5_Handler                           0x00000c43   Thumb Code     2  startup_tm4c123.o(.text)
    GPIOQ6_Handler                           0x00000c45   Thumb Code     2  startup_tm4c123.o(.text)
    GPIOQ7_Handler                           0x00000c47   Thumb Code     2  startup_tm4c123.o(.text)
    GPIOR_Handler                            0x00000c49   Thumb Code     2  startup_tm4c123.o(.text)
    GPIOS_Handler                            0x00000c4b   Thumb Code     2  startup_tm4c123.o(.text)
    PMW1_0_Handler                           0x00000c4d   Thumb Code     2  startup_tm4c123.o(.text)
    PWM1_1_Handler                           0x00000c4f   Thumb Code     2  startup_tm4c123.o(.text)
    PWM1_2_Handler                           0x00000c51   Thumb Code     2  startup_tm4c123.o(.text)
    PWM1_3_Handler                           0x00000c53   Thumb Code     2  startup_tm4c123.o(.text)
    PWM1_FAULT_Handler                       0x00000c55   Thumb Code     2  startup_tm4c123.o(.text)
    SystemCoreClockUpdate                    0x00000d17   Thumb Code   184  system_tm4c123.o(.text)
    SystemInit                               0x00000dcf   Thumb Code   112  system_tm4c123.o(.text)
    validate_ice                             0x00000ead   Thumb Code   254  board_setup.o(.text)
    validate_LED_config_gpio                 0x00000fad   Thumb Code    66  validate_led.o(.text)
    validate_LED_set_failure                 0x00000fef   Thumb Code    16  validate_led.o(.text)
    ice_validate_adc                         0x00001131   Thumb Code   112  ice_adc.o(.text)
    ice_validate_gpio_port                   0x00001347   Thumb Code   228  ice_gpio_port.o(.text)
    ice_validate_gpiof                       0x00001511   Thumb Code   400  ice_gpiof.o(.text)
    print_gp_timer_status                    0x000017f9   Thumb Code   166  ice_gpt.o(.text)
    ice_validate_gpt                         0x0000189f   Thumb Code    28  ice_gpt.o(.text)
    ice_validate_systick                     0x00001b09   Thumb Code   122  ice_systick.o(.text)
    ice_validate_uart_rx                     0x00001cf1   Thumb Code   278  ice_uart_rx_irq.o(.text)
    ice_validate_lcd                         0x00001ed1   Thumb Code   464  ice_lcd.o(.text)
    ice_validate_uart_tx                     0x00002245   Thumb Code   278  ice_uart_tx_irq.o(.text)
    ice_validate_spi_nordic                  0x00002425   Thumb Code   492  ice_spi_nordic.o(.text)
    ice_validate_pc_buffer                   0x000027cd   Thumb Code    10  ice_pc_buffer.o(.text)
    ice_validate_intro_to_c                  0x000027d9   Thumb Code    84  ice_intro_to_c.o(.text)
    ice_validate_uart_polling                0x00002983   Thumb Code    80  ice_uart_polling.o(.text)
    ice_validate_i2c_pins                    0x00002b21   Thumb Code    52  ice_i2c_eeprom.o(.text)
    ice_validate_i2c_eeprom                  0x00002b55   Thumb Code    20  ice_i2c_eeprom.o(.text)
    ice_validate_i2c                         0x00002c65   Thumb Code    52  ice_i2c_ft6206.o(.text)
    ice_validate_ft6206                      0x00002c99   Thumb Code    28  ice_i2c_ft6206.o(.text)
    validate_adc_emux                        0x00002d3b   Thumb Code    26  validate_adc.o(.text)
    validate_adc_ssmux3                      0x00002d55   Thumb Code    28  validate_adc.o(.text)
    validate_adc_ssctl3                      0x00002d71   Thumb Code    30  validate_adc.o(.text)
    validate_adc                             0x00002d8f   Thumb Code    70  validate_adc.o(.text)
    validate_gpio_input                      0x00002e19   Thumb Code    20  validate_gpio.o(.text)
    validate_gpio_output                     0x00002e2d   Thumb Code    20  validate_gpio.o(.text)
    validate_gpio_digital_enable             0x00002e41   Thumb Code    20  validate_gpio.o(.text)
    validate_gpio_pullup                     0x00002e55   Thumb Code    20  validate_gpio.o(.text)
    validate_gpio_analog_mode_select         0x00002e69   Thumb Code    20  validate_gpio.o(.text)
    validate_gpio_alternate_function_select  0x00002e7d   Thumb Code    20  validate_gpio.o(.text)
    validate_gpio_port_control               0x00002e91   Thumb Code    24  validate_gpio.o(.text)
    validate_gpio_pin                        0x00002ea9   Thumb Code   198  validate_gpio.o(.text)
    put_string                               0x00002f79   Thumb Code    34  validate_uart.o(.text)
    validate_print_ice_validation_info_start 0x00002f9b   Thumb Code    68  validate_uart.o(.text)
    validate_print_ice_validation_info_end   0x00002fdf   Thumb Code    68  validate_uart.o(.text)
    staff_uart_config_gpio                   0x000030a1   Thumb Code    82  validate_uart.o(.text)
    staff_uart_config_polling                0x000030f3   Thumb Code    68  validate_uart.o(.text)
    validate_uart_baud_rate                  0x00003137   Thumb Code    26  validate_uart.o(.text)
    validate_uart_line_control               0x00003151   Thumb Code    18  validate_uart.o(.text)
    validate_uart_interrupt_mask             0x00003163   Thumb Code    18  validate_uart.o(.text)
    validate_uart_control                    0x00003175   Thumb Code    18  validate_uart.o(.text)
    validate_uart_interrupts_enabled         0x00003187   Thumb Code    44  validate_uart.o(.text)
    put_char                                 0x000031b3   Thumb Code    20  validate_uart.o(.text)
    get_char                                 0x000031c7   Thumb Code    62  validate_uart.o(.text)
    get_string                               0x00003205   Thumb Code    40  validate_uart.o(.text)
    initialize_serial_debug                  0x0000322d   Thumb Code    12  validate_uart.o(.text)
    print_test_status                        0x00003239   Thumb Code    52  validate_uart.o(.text)
    validate_uart                            0x0000326d   Thumb Code   126  validate_uart.o(.text)
    validate_gp_timer                        0x00003421   Thumb Code    98  validate_gp_timer.o(.text)
    validate_spi_data_len                    0x0000348d   Thumb Code    24  validate_spi.o(.text)
    validate_spi_format                      0x000034a5   Thumb Code    24  validate_spi.o(.text)
    validate_spi_cpsr                        0x000034bd   Thumb Code    22  validate_spi.o(.text)
    validate_spi_mode                        0x000034d3   Thumb Code    62  validate_spi.o(.text)
    validate_spi_enabled                     0x00003511   Thumb Code    22  validate_spi.o(.text)
    validate_spi                             0x00003527   Thumb Code    92  validate_spi.o(.text)
    validate_gpio_rcgc                       0x000036a9   Thumb Code    26  validate_sysctl.o(.text)
    validate_adc_rcgc                        0x000036c3   Thumb Code    28  validate_sysctl.o(.text)
    validate_gpt_rcgc                        0x000036df   Thumb Code    28  validate_sysctl.o(.text)
    validate_uart_rcgc                       0x000036fb   Thumb Code    28  validate_sysctl.o(.text)
    validate_spi_rcgc                        0x00003717   Thumb Code    28  validate_sysctl.o(.text)
    __aeabi_memset                           0x00003751   Thumb Code    14  memseta.o(.text)
    __aeabi_memset4                          0x00003751   Thumb Code     0  memseta.o(.text)
    __aeabi_memset8                          0x00003751   Thumb Code     0  memseta.o(.text)
    __aeabi_memclr                           0x0000375f   Thumb Code     4  memseta.o(.text)
    __aeabi_memclr4                          0x0000375f   Thumb Code     0  memseta.o(.text)
    __aeabi_memclr8                          0x0000375f   Thumb Code     0  memseta.o(.text)
    _memset$wrapper                          0x00003763   Thumb Code    18  memseta.o(.text)
    __0scanf                                 0x00003775   Thumb Code    26  __0scanf.o(.text)
    _scanf_string                            0x00003795   Thumb Code   224  _scanf_str.o(.text)
    __aeabi_uidiv                            0x00003875   Thumb Code     0  uidiv.o(.text)
    __aeabi_uidivmod                         0x00003875   Thumb Code    44  uidiv.o(.text)
    __vfscanf_char_file                      0x000038a1   Thumb Code    12  scanf_char_file.o(.text)
    __scatterload                            0x000038b5   Thumb Code    28  init.o(.text)
    __scatterload_rt2                        0x000038b5   Thumb Code     0  init.o(.text)
    _fgetc$bs                                0x000038d9   Thumb Code    28  fgetc_b.o(.text)
    __backspace                              0x000038f5   Thumb Code    10  fgetc_b.o(.text)
    __vfscanf_char                           0x00003911   Thumb Code    20  scanf_char.o(.text)
    __semihosting_library_function           0x0000392d   Thumb Code     0  semi.o(.text)
    isspace                                  0x0000392d   Thumb Code    10  isspace_c.o(.text)
    __vfscanf                                0x00003939   Thumb Code   808  _scanf.o(.text)
    __I$use$semihosting$fgetc                0x00003c65   Thumb Code     0  iusesemig.o(.text)
    __ctype_lookup                           0x00003c65   Thumb Code    34  ctype_c.o(.text)
    __decompress                             0x00003c8d   Thumb Code     0  __dczerorl2.o(.text)
    __decompress1                            0x00003c8d   Thumb Code    86  __dczerorl2.o(.text)
    __0printf$6                              0x00003ce5   Thumb Code    22  printf6.o(i.__0printf$6)
    __1printf$6                              0x00003ce5   Thumb Code     0  printf6.o(i.__0printf$6)
    __2printf                                0x00003ce5   Thumb Code     0  printf6.o(i.__0printf$6)
    __0sprintf$6                             0x00003d05   Thumb Code    34  printf6.o(i.__0sprintf$6)
    __1sprintf$6                             0x00003d05   Thumb Code     0  printf6.o(i.__0sprintf$6)
    __2sprintf                               0x00003d05   Thumb Code     0  printf6.o(i.__0sprintf$6)
    __scatterload_copy                       0x00003d2d   Thumb Code    14  handlers.o(i.__scatterload_copy)
    __scatterload_null                       0x00003d3b   Thumb Code     2  handlers.o(i.__scatterload_null)
    __scatterload_zeroinit                   0x00003d3d   Thumb Code    14  handlers.o(i.__scatterload_zeroinit)
    malloc                                   0x00004099   Thumb Code    92  malloc.o(i.malloc)
    __ctype_categories                       0x00004104   Data          64  ctype_c.o(.constdata)
    Region$$Table$$Base                      0x000041a0   Number         0  anon$$obj.o(Region$$Table)
    Region$$Table$$Limit                     0x000041c0   Number         0  anon$$obj.o(Region$$Table)
    SystemCoreClock                          0x20000004   Data           4  system_tm4c123.o(.data)
    SPI_CLK                                  0x200001ec   Data          20  ice_lcd.o(.data)
    SPI_CS                                   0x20000200   Data          20  ice_lcd.o(.data)
    SPI_MOSI                                 0x20000214   Data          20  ice_lcd.o(.data)
    LCD_CMD                                  0x20000228   Data          20  ice_lcd.o(.data)
    LCD_RESET                                0x2000023c   Data          20  ice_lcd.o(.data)
    LCD                                      0x20000250   Data          20  ice_lcd.o(.data)
    RF_CE                                    0x200002f4   Data          20  ice_spi_nordic.o(.data)
    RF                                       0x20000308   Data          20  ice_spi_nordic.o(.data)
    __stdout                                 0x200003ac   Data           4  stdout.o(.data)
    __stdin                                  0x200003b0   Data           4  stdin.o(.data)
    __microlib_freelist                      0x200003b4   Data           4  mvars.o(.data)
    __microlib_freelist_initialised          0x200003b8   Data           4  mvars.o(.data)
    UART0_Tx_Buffer                          0x200003c0   Data          18  serial_debug.o(.bss)
    UART0_Rx_Buffer                          0x200003d2   Data          18  serial_debug.o(.bss)
    __heap_base                              0x200003e8   Data           0  startup_tm4c123.o(HEAP)
    __heap_limit                             0x200003e8   Data           0  startup_tm4c123.o(HEAP)
    __initial_sp                             0x200023e8   Data           0  startup_tm4c123.o(STACK)



==============================================================================

Memory Map of the image

  Image Entry point : 0x00000b65

  Load Region LR_1 (Base: 0x00000000, Size: 0x00004580, Max: 0xffffffff, ABSOLUTE, COMPRESSED[0x000042b0])

    Execution Region ER_RO (Exec base: 0x00000000, Load base: 0x00000000, Size: 0x000041c0, Max: 0xffffffff, ABSOLUTE)

    Exec Addr    Load Addr    Size         Type   Attr      Idx    E Section Name        Object

    0x00000000   0x00000000   0x0000026c   Data   RO          198    RESET               startup_tm4c123.o
    0x0000026c   0x0000026c   0x00000000   Code   RO          900  * .ARM.Collect$$$$00000000  mc_w.l(entry.o)
    0x0000026c   0x0000026c   0x00000004   Code   RO         1199    .ARM.Collect$$$$00000001  mc_w.l(entry2.o)
    0x00000270   0x00000270   0x00000004   Code   RO         1202    .ARM.Collect$$$$00000004  mc_w.l(entry5.o)
    0x00000274   0x00000274   0x00000000   Code   RO         1204    .ARM.Collect$$$$00000008  mc_w.l(entry7b.o)
    0x00000274   0x00000274   0x00000000   Code   RO         1206    .ARM.Collect$$$$0000000A  mc_w.l(entry8b.o)
    0x00000274   0x00000274   0x00000008   Code   RO         1207    .ARM.Collect$$$$0000000B  mc_w.l(entry9a.o)
    0x0000027c   0x0000027c   0x00000000   Code   RO         1209    .ARM.Collect$$$$0000000D  mc_w.l(entry10a.o)
    0x0000027c   0x0000027c   0x00000000   Code   RO         1211    .ARM.Collect$$$$0000000F  mc_w.l(entry11a.o)
    0x0000027c   0x0000027c   0x00000004   Code   RO         1200    .ARM.Collect$$$$00002712  mc_w.l(entry2.o)
    0x00000280   0x00000280   0x000000e8   Code   RO            4    .text               main.o
    0x00000368   0x00000368   0x000002a4   Code   RO           92    .text               gpio_port.o
    0x0000060c   0x0000060c   0x000000a0   Code   RO          117    .text               pc_buffer.o
    0x000006ac   0x000006ac   0x00000284   Code   RO          135    .text               uart.o
    0x00000930   0x00000930   0x00000234   Code   RO          163    .text               serial_debug.o
    0x00000b64   0x00000b64   0x000000fc   Code   RO          199  * .text               startup_tm4c123.o
    0x00000c60   0x00000c60   0x0000024c   Code   RO          206    .text               system_tm4c123.o
    0x00000eac   0x00000eac   0x000000fe   Code   RO          236    .text               ECE353-Validate.lib(board_setup.o)
    0x00000faa   0x00000faa   0x00000002   PAD
    0x00000fac   0x00000fac   0x00000064   Code   RO          368    .text               ECE353-Validate.lib(validate_led.o)
    0x00001010   0x00001010   0x000002bc   Code   RO          392    .text               ECE353-Validate.lib(ice_adc.o)
    0x000012cc   0x000012cc   0x00000244   Code   RO          421    .text               ECE353-Validate.lib(ice_gpio_port.o)
    0x00001510   0x00001510   0x000002e8   Code   RO          447    .text               ECE353-Validate.lib(ice_gpiof.o)
    0x000017f8   0x000017f8   0x00000120   Code   RO          473    .text               ECE353-Validate.lib(ice_gpt.o)
    0x00001918   0x00001918   0x000003d8   Code   RO          500    .text               ECE353-Validate.lib(ice_systick.o)
    0x00001cf0   0x00001cf0   0x000001e0   Code   RO          526    .text               ECE353-Validate.lib(ice_uart_rx_irq.o)
    0x00001ed0   0x00001ed0   0x00000374   Code   RO          552    .text               ECE353-Validate.lib(ice_lcd.o)
    0x00002244   0x00002244   0x000001e0   Code   RO          579    .text               ECE353-Validate.lib(ice_uart_tx_irq.o)
    0x00002424   0x00002424   0x000003a8   Code   RO          605    .text               ECE353-Validate.lib(ice_spi_nordic.o)
    0x000027cc   0x000027cc   0x0000000a   Code   RO          632    .text               ECE353-Validate.lib(ice_pc_buffer.o)
    0x000027d6   0x000027d6   0x00000002   PAD
    0x000027d8   0x000027d8   0x00000068   Code   RO          656    .text               ECE353-Validate.lib(ice_intro_to_c.o)
    0x00002840   0x00002840   0x00000250   Code   RO          680    .text               ECE353-Validate.lib(ice_uart_polling.o)
    0x00002a90   0x00002a90   0x00000144   Code   RO          706    .text               ECE353-Validate.lib(ice_i2c_eeprom.o)
    0x00002bd4   0x00002bd4   0x0000014c   Code   RO          732    .text               ECE353-Validate.lib(ice_i2c_ft6206.o)
    0x00002d20   0x00002d20   0x000000b8   Code   RO          758    .text               ECE353-Validate.lib(validate_adc.o)
    0x00002dd8   0x00002dd8   0x000001a0   Code   RO          782    .text               ECE353-Validate.lib(validate_gpio.o)
    0x00002f78   0x00002f78   0x00000400   Code   RO          806    .text               ECE353-Validate.lib(validate_uart.o)
    0x00003378   0x00003378   0x00000114   Code   RO          831    .text               ECE353-Validate.lib(validate_gp_timer.o)
    0x0000348c   0x0000348c   0x000000f6   Code   RO          855    .text               ECE353-Validate.lib(validate_spi.o)
    0x00003582   0x00003582   0x00000002   PAD
    0x00003584   0x00003584   0x000001cc   Code   RO          879    .text               ECE353-Validate.lib(validate_sysctl.o)
    0x00003750   0x00003750   0x00000024   Code   RO          904    .text               mc_w.l(memseta.o)
    0x00003774   0x00003774   0x00000020   Code   RO         1195    .text               mc_w.l(__0scanf.o)
    0x00003794   0x00003794   0x000000e0   Code   RO         1197    .text               mc_w.l(_scanf_str.o)
    0x00003874   0x00003874   0x0000002c   Code   RO         1214    .text               mc_w.l(uidiv.o)
    0x000038a0   0x000038a0   0x00000014   Code   RO         1224    .text               mc_w.l(scanf_char_file.o)
    0x000038b4   0x000038b4   0x00000024   Code   RO         1237    .text               mc_w.l(init.o)
    0x000038d8   0x000038d8   0x0000002c   Code   RO         1239    .text               mc_w.l(fgetc_b.o)
    0x00003904   0x00003904   0x00000028   Code   RO         1248    .text               mc_w.l(scanf_char.o)
    0x0000392c   0x0000392c   0x00000000   Code   RO         1252    .text               mc_w.l(semi.o)
    0x0000392c   0x0000392c   0x0000000a   Code   RO         1253    .text               mc_w.l(isspace_c.o)
    0x00003936   0x00003936   0x00000002   PAD
    0x00003938   0x00003938   0x0000032c   Code   RO         1255    .text               mc_w.l(_scanf.o)
    0x00003c64   0x00003c64   0x00000000   Code   RO         1257    .text               mc_w.l(iusesemig.o)
    0x00003c64   0x00003c64   0x00000028   Code   RO         1258    .text               mc_w.l(ctype_c.o)
    0x00003c8c   0x00003c8c   0x00000056   Code   RO         1269    .text               mc_w.l(__dczerorl2.o)
    0x00003ce2   0x00003ce2   0x00000002   PAD
    0x00003ce4   0x00003ce4   0x00000020   Code   RO         1061    i.__0printf$6       mc_w.l(printf6.o)
    0x00003d04   0x00003d04   0x00000028   Code   RO         1063    i.__0sprintf$6      mc_w.l(printf6.o)
    0x00003d2c   0x00003d2c   0x0000000e   Code   RO         1263    i.__scatterload_copy  mc_w.l(handlers.o)
    0x00003d3a   0x00003d3a   0x00000002   Code   RO         1264    i.__scatterload_null  mc_w.l(handlers.o)
    0x00003d3c   0x00003d3c   0x0000000e   Code   RO         1265    i.__scatterload_zeroinit  mc_w.l(handlers.o)
    0x00003d4a   0x00003d4a   0x00000002   PAD
    0x00003d4c   0x00003d4c   0x000002f0   Code   RO         1068    i._printf_core      mc_w.l(printf6.o)
    0x0000403c   0x0000403c   0x00000024   Code   RO         1069    i._printf_post_padding  mc_w.l(printf6.o)
    0x00004060   0x00004060   0x0000002e   Code   RO         1070    i._printf_pre_padding  mc_w.l(printf6.o)
    0x0000408e   0x0000408e   0x0000000a   Code   RO         1072    i._sputc            mc_w.l(printf6.o)
    0x00004098   0x00004098   0x0000006c   Code   RO         1168    i.malloc            mc_w.l(malloc.o)
    0x00004104   0x00004104   0x00000040   Data   RO         1259    .constdata          mc_w.l(ctype_c.o)
    0x00004144   0x00004144   0x0000005c   Data   RO          807    .conststring        ECE353-Validate.lib(validate_uart.o)
    0x000041a0   0x000041a0   0x00000020   Data   RO         1261    Region$$Table       anon$$obj.o


    Execution Region ER_RW (Exec base: 0x20000000, Load base: 0x000041c0, Size: 0x000003c0, Max: 0xffffffff, ABSOLUTE, COMPRESSED[0x000000f0])

    Exec Addr    Load Addr    Size         Type   Attr      Idx    E Section Name        Object

    0x20000000   COMPRESSED   0x00000002   Data   RW          165    .data               serial_debug.o
    0x20000002   COMPRESSED   0x00000002   PAD
    0x20000004   COMPRESSED   0x00000004   Data   RW          207    .data               system_tm4c123.o
    0x20000008   COMPRESSED   0x00000028   Data   RW          393    .data               ECE353-Validate.lib(ice_adc.o)
    0x20000030   COMPRESSED   0x000000f0   Data   RW          422    .data               ECE353-Validate.lib(ice_gpio_port.o)
    0x20000120   COMPRESSED   0x00000064   Data   RW          448    .data               ECE353-Validate.lib(ice_gpiof.o)
    0x20000184   COMPRESSED   0x00000028   Data   RW          501    .data               ECE353-Validate.lib(ice_systick.o)
    0x200001ac   COMPRESSED   0x00000040   Data   RW          527    .data               ECE353-Validate.lib(ice_uart_rx_irq.o)
    0x200001ec   COMPRESSED   0x00000078   Data   RW          553    .data               ECE353-Validate.lib(ice_lcd.o)
    0x20000264   COMPRESSED   0x00000040   Data   RW          580    .data               ECE353-Validate.lib(ice_uart_tx_irq.o)
    0x200002a4   COMPRESSED   0x00000078   Data   RW          606    .data               ECE353-Validate.lib(ice_spi_nordic.o)
    0x2000031c   COMPRESSED   0x00000040   Data   RW          681    .data               ECE353-Validate.lib(ice_uart_polling.o)
    0x2000035c   COMPRESSED   0x00000028   Data   RW          707    .data               ECE353-Validate.lib(ice_i2c_eeprom.o)
    0x20000384   COMPRESSED   0x00000028   Data   RW          733    .data               ECE353-Validate.lib(ice_i2c_ft6206.o)
    0x200003ac   COMPRESSED   0x00000004   Data   RW          903    .data               mc_w.l(stdout.o)
    0x200003b0   COMPRESSED   0x00000004   Data   RW         1213    .data               mc_w.l(stdin.o)
    0x200003b4   COMPRESSED   0x00000004   Data   RW         1222    .data               mc_w.l(mvars.o)
    0x200003b8   COMPRESSED   0x00000004   Data   RW         1223    .data               mc_w.l(mvars.o)
    0x200003bc   COMPRESSED   0x00000003   Data   RW         1240    .data               mc_w.l(fgetc_b.o)


    Execution Region ER_ZI (Exec base: 0x200003c0, Load base: 0x000042b0, Size: 0x00002028, Max: 0xffffffff, ABSOLUTE)

    Exec Addr    Load Addr    Size         Type   Attr      Idx    E Section Name        Object

    0x200003c0        -       0x00000024   Zero   RW          164    .bss                serial_debug.o
    0x200003e4   0x000042b0   0x00000004   PAD
    0x200003e8        -       0x00000000   Zero   RW          197    HEAP                startup_tm4c123.o
    0x200003e8        -       0x00002000   Zero   RW          196    STACK               startup_tm4c123.o


==============================================================================

Image component sizes


      Code (inc. data)   RO Data    RW Data    ZI Data      Debug   Object Name

       676         32          0          0          0       5254   gpio_port.o
       232        130          0          0          0      28386   main.o
       160          0          0          0          0       1979   pc_buffer.o
       564         26          0          2         36       5965   serial_debug.o
       252         10        620          0       8192       5444   startup_tm4c123.o
       588        134          0          4          0       1565   system_tm4c123.o
       644         50          0          0          0      33215   uart.o

    ----------------------------------------------------------------------
      3116        382        652          8       8232      81808   Object Totals
         0          0         32          0          0          0   (incl. Generated)
         0          0          0          2          4          0   (incl. Padding)

    ----------------------------------------------------------------------

      Code (inc. data)   RO Data    RW Data    ZI Data      Debug   Library Member Name

       254         14          0          0          0      28591   board_setup.o
       700        300          0         40          0       1627   ice_adc.o
       580        230          0        240          0       1873   ice_gpio_port.o
       744        344          0        100          0       1213   ice_gpiof.o
       288         94          0          0          0        969   ice_gpt.o
       324        108          0         40          0       1344   ice_i2c_eeprom.o
       332        108          0         40          0       1347   ice_i2c_ft6206.o
       104         20          0          0          0        574   ice_intro_to_c.o
       884        420          0        120          0       1315   ice_lcd.o
        10          0          0          0          0        529   ice_pc_buffer.o
       936        444          0        120          0       1261   ice_spi_nordic.o
       984        366          0         40          0       2275   ice_systick.o
       592        190          0         64          0       1552   ice_uart_polling.o
       480        202          0         64          0        983   ice_uart_rx_irq.o
       480        202          0         64          0        983   ice_uart_tx_irq.o
       184          4          0          0          0       2029   validate_adc.o
       276         10          0          0          0       2452   validate_gp_timer.o
       416         10          0          0          0       3599   validate_gpio.o
       100         18          0          0          0        652   validate_led.o
       246          0          0          0          0       2538   validate_spi.o
       460         38          0          0          0       2598   validate_sysctl.o
      1024        150         92          0          0       5586   validate_uart.o
        32          6          0          0          0         84   __0scanf.o
        86          0          0          0          0          0   __dczerorl2.o
       812          4          0          0          0        112   _scanf.o
       224          0          0          0          0         96   _scanf_str.o
        40          6         64          0          0         68   ctype_c.o
         0          0          0          0          0          0   entry.o
         0          0          0          0          0          0   entry10a.o
         0          0          0          0          0          0   entry11a.o
         8          4          0          0          0          0   entry2.o
         4          0          0          0          0          0   entry5.o
         0          0          0          0          0          0   entry7b.o
         0          0          0          0          0          0   entry8b.o
         8          4          0          0          0          0   entry9a.o
        44          6          0          3          0        144   fgetc_b.o
        30          0          0          0          0          0   handlers.o
        36          8          0          0          0         68   init.o
        10          0          0          0          0         68   isspace_c.o
         0          0          0          0          0          0   iusesemig.o
       108         16          0          0          0         84   malloc.o
        36          0          0          0          0        108   memseta.o
         0          0          0          8          0          0   mvars.o
       916         20          0          0          0        504   printf6.o
        40          8          0          0          0         84   scanf_char.o
        20          8          0          0          0         68   scanf_char_file.o
         0          0          0          0          0          0   semi.o
         0          0          0          4          0          0   stdin.o
         0          0          0          4          0          0   stdout.o
        44          0          0          0          0         80   uidiv.o

    ----------------------------------------------------------------------
     12908       3362        156        952          0      67458   Library Totals
        12          0          0          1          0          0   (incl. Padding)

    ----------------------------------------------------------------------

      Code (inc. data)   RO Data    RW Data    ZI Data      Debug   Library Name

     10398       3272         92        932          0      65890   ECE353-Validate.lib
      2498         90         64         19          0       1568   mc_w.l

    ----------------------------------------------------------------------
     12908       3362        156        952          0      67458   Library Totals

    ----------------------------------------------------------------------

==============================================================================


      Code (inc. data)   RO Data    RW Data    ZI Data      Debug   

     16024       3744        808        960       8232     145070   Grand Totals
     16024       3744        808        240       8232     145070   ELF Image Totals (compressed)
     16024       3744        808        240          0          0   ROM Totals

==============================================================================

    Total RO  Size (Code + RO Data)                16832 (  16.44kB)
    Total RW  Size (RW Data + ZI Data)              9192 (   8.98kB)
    Total ROM Size (Code + RO Data + RW Data)      17072 (  16.67kB)

==============================================================================

