Component: ARM Compiler 5.06 update 5 (build 528) Tool: armlink [4d35e2]

==============================================================================

Section Cross References

    main.o(.text) refers to validate_uart.o(.text) for initialize_serial_debug
    main.o(.text) refers to accel.o(.text) for accel_initialize
    main.o(.text) refers to printf6.o(i.__0sprintf$6) for __2sprintf
    spi_select.o(.text) refers to gpio_port.o(.text) for gpio_enable_port
    accel.o(.text) refers to spi.o(.text) for spiTx
    accel.o(.text) refers to spi_select.o(.text) for spi_select_init
    accel.o(.text) refers to gpio_port.o(.text) for gpio_enable_port
    startup_tm4c123.o(RESET) refers to startup_tm4c123.o(STACK) for __initial_sp
    startup_tm4c123.o(RESET) refers to startup_tm4c123.o(.text) for Reset_Handler
    startup_tm4c123.o(.text) refers to system_tm4c123.o(.text) for SystemInit
    startup_tm4c123.o(.text) refers to entry.o(.ARM.Collect$$$$00000000) for __main
    system_tm4c123.o(.text) refers to system_tm4c123.o(.data) for SystemCoreClock
    validate_uart.o(.text) refers to printf6.o(i.__0sprintf$6) for __2sprintf
    validate_uart.o(.text) refers to validate_sysctl.o(.text) for validate_uart_rcgc
    validate_uart.o(.text) refers to validate_uart.o(.conststring) for .conststring
    entry.o(.ARM.Collect$$$$00000000) refers (Special) to entry10a.o(.ARM.Collect$$$$0000000D) for __rt_final_cpp
    entry.o(.ARM.Collect$$$$00000000) refers (Special) to entry11a.o(.ARM.Collect$$$$0000000F) for __rt_final_exit
    entry.o(.ARM.Collect$$$$00000000) refers (Special) to entry7b.o(.ARM.Collect$$$$00000008) for _main_clock
    entry.o(.ARM.Collect$$$$00000000) refers (Special) to entry8b.o(.ARM.Collect$$$$0000000A) for _main_cpp_init
    entry.o(.ARM.Collect$$$$00000000) refers (Special) to entry9a.o(.ARM.Collect$$$$0000000B) for _main_init
    entry.o(.ARM.Collect$$$$00000000) refers (Special) to entry5.o(.ARM.Collect$$$$00000004) for _main_scatterload
    entry.o(.ARM.Collect$$$$00000000) refers (Special) to entry2.o(.ARM.Collect$$$$00000001) for _main_stk
    printfb.o(i.__0fprintf$bare) refers to printfb.o(i._printf_core) for _printf_core
    printfb.o(i.__0fprintf$bare) refers to fputc.o(i.fputc) for fputc
    printfb.o(i.__0printf$bare) refers to printfb.o(i._printf_core) for _printf_core
    printfb.o(i.__0printf$bare) refers to fputc.o(i.fputc) for fputc
    printfb.o(i.__0printf$bare) refers to stdout.o(.data) for __stdout
    printfb.o(i.__0snprintf$bare) refers to printfb.o(i._printf_core) for _printf_core
    printfb.o(i.__0snprintf$bare) refers to printfb.o(i._snputc) for _snputc
    printfb.o(i.__0sprintf$bare) refers to printfb.o(i._printf_core) for _printf_core
    printfb.o(i.__0sprintf$bare) refers to printfb.o(i._sputc) for _sputc
    printfb.o(i.__0vfprintf$bare) refers to printfb.o(i._printf_core) for _printf_core
    printfb.o(i.__0vfprintf$bare) refers to fputc.o(i.fputc) for fputc
    printfb.o(i.__0vprintf$bare) refers to printfb.o(i._printf_core) for _printf_core
    printfb.o(i.__0vprintf$bare) refers to fputc.o(i.fputc) for fputc
    printfb.o(i.__0vprintf$bare) refers to stdout.o(.data) for __stdout
    printfb.o(i.__0vsnprintf$bare) refers to printfb.o(i._printf_core) for _printf_core
    printfb.o(i.__0vsnprintf$bare) refers to printfb.o(i._snputc) for _snputc
    printfb.o(i.__0vsprintf$bare) refers to printfb.o(i._printf_core) for _printf_core
    printfb.o(i.__0vsprintf$bare) refers to printfb.o(i._sputc) for _sputc
    printf0.o(i.__0fprintf$0) refers to printf0.o(i._printf_core) for _printf_core
    printf0.o(i.__0fprintf$0) refers to fputc.o(i.fputc) for fputc
    printf0.o(i.__0printf$0) refers to printf0.o(i._printf_core) for _printf_core
    printf0.o(i.__0printf$0) refers to fputc.o(i.fputc) for fputc
    printf0.o(i.__0printf$0) refers to stdout.o(.data) for __stdout
    printf0.o(i.__0snprintf$0) refers to printf0.o(i._printf_core) for _printf_core
    printf0.o(i.__0snprintf$0) refers to printf0.o(i._snputc) for _snputc
    printf0.o(i.__0sprintf$0) refers to printf0.o(i._printf_core) for _printf_core
    printf0.o(i.__0sprintf$0) refers to printf0.o(i._sputc) for _sputc
    printf0.o(i.__0vfprintf$0) refers to printf0.o(i._printf_core) for _printf_core
    printf0.o(i.__0vfprintf$0) refers to fputc.o(i.fputc) for fputc
    printf0.o(i.__0vprintf$0) refers to printf0.o(i._printf_core) for _printf_core
    printf0.o(i.__0vprintf$0) refers to fputc.o(i.fputc) for fputc
    printf0.o(i.__0vprintf$0) refers to stdout.o(.data) for __stdout
    printf0.o(i.__0vsnprintf$0) refers to printf0.o(i._printf_core) for _printf_core
    printf0.o(i.__0vsnprintf$0) refers to printf0.o(i._snputc) for _snputc
    printf0.o(i.__0vsprintf$0) refers to printf0.o(i._printf_core) for _printf_core
    printf0.o(i.__0vsprintf$0) refers to printf0.o(i._sputc) for _sputc
    printf1.o(i.__0fprintf$1) refers to printf1.o(i._printf_core) for _printf_core
    printf1.o(i.__0fprintf$1) refers to fputc.o(i.fputc) for fputc
    printf1.o(i.__0printf$1) refers to printf1.o(i._printf_core) for _printf_core
    printf1.o(i.__0printf$1) refers to fputc.o(i.fputc) for fputc
    printf1.o(i.__0printf$1) refers to stdout.o(.data) for __stdout
    printf1.o(i.__0snprintf$1) refers to printf1.o(i._printf_core) for _printf_core
    printf1.o(i.__0snprintf$1) refers to printf1.o(i._snputc) for _snputc
    printf1.o(i.__0sprintf$1) refers to printf1.o(i._printf_core) for _printf_core
    printf1.o(i.__0sprintf$1) refers to printf1.o(i._sputc) for _sputc
    printf1.o(i.__0vfprintf$1) refers to printf1.o(i._printf_core) for _printf_core
    printf1.o(i.__0vfprintf$1) refers to fputc.o(i.fputc) for fputc
    printf1.o(i.__0vprintf$1) refers to printf1.o(i._printf_core) for _printf_core
    printf1.o(i.__0vprintf$1) refers to fputc.o(i.fputc) for fputc
    printf1.o(i.__0vprintf$1) refers to stdout.o(.data) for __stdout
    printf1.o(i.__0vsnprintf$1) refers to printf1.o(i._printf_core) for _printf_core
    printf1.o(i.__0vsnprintf$1) refers to printf1.o(i._snputc) for _snputc
    printf1.o(i.__0vsprintf$1) refers to printf1.o(i._printf_core) for _printf_core
    printf1.o(i.__0vsprintf$1) refers to printf1.o(i._sputc) for _sputc
    printf1.o(i._printf_core) refers to uidiv.o(.text) for __aeabi_uidivmod
    printf2.o(i.__0fprintf$2) refers to printf2.o(i._printf_core) for _printf_core
    printf2.o(i.__0fprintf$2) refers to fputc.o(i.fputc) for fputc
    printf2.o(i.__0printf$2) refers to printf2.o(i._printf_core) for _printf_core
    printf2.o(i.__0printf$2) refers to fputc.o(i.fputc) for fputc
    printf2.o(i.__0printf$2) refers to stdout.o(.data) for __stdout
    printf2.o(i.__0snprintf$2) refers to printf2.o(i._printf_core) for _printf_core
    printf2.o(i.__0snprintf$2) refers to printf2.o(i._snputc) for _snputc
    printf2.o(i.__0sprintf$2) refers to printf2.o(i._printf_core) for _printf_core
    printf2.o(i.__0sprintf$2) refers to printf2.o(i._sputc) for _sputc
    printf2.o(i.__0vfprintf$2) refers to printf2.o(i._printf_core) for _printf_core
    printf2.o(i.__0vfprintf$2) refers to fputc.o(i.fputc) for fputc
    printf2.o(i.__0vprintf$2) refers to printf2.o(i._printf_core) for _printf_core
    printf2.o(i.__0vprintf$2) refers to fputc.o(i.fputc) for fputc
    printf2.o(i.__0vprintf$2) refers to stdout.o(.data) for __stdout
    printf2.o(i.__0vsnprintf$2) refers to printf2.o(i._printf_core) for _printf_core
    printf2.o(i.__0vsnprintf$2) refers to printf2.o(i._snputc) for _snputc
    printf2.o(i.__0vsprintf$2) refers to printf2.o(i._printf_core) for _printf_core
    printf2.o(i.__0vsprintf$2) refers to printf2.o(i._sputc) for _sputc
    printf3.o(i.__0fprintf$3) refers to printf3.o(i._printf_core) for _printf_core
    printf3.o(i.__0fprintf$3) refers to fputc.o(i.fputc) for fputc
    printf3.o(i.__0printf$3) refers to printf3.o(i._printf_core) for _printf_core
    printf3.o(i.__0printf$3) refers to fputc.o(i.fputc) for fputc
    printf3.o(i.__0printf$3) refers to stdout.o(.data) for __stdout
    printf3.o(i.__0snprintf$3) refers to printf3.o(i._printf_core) for _printf_core
    printf3.o(i.__0snprintf$3) refers to printf3.o(i._snputc) for _snputc
    printf3.o(i.__0sprintf$3) refers to printf3.o(i._printf_core) for _printf_core
    printf3.o(i.__0sprintf$3) refers to printf3.o(i._sputc) for _sputc
    printf3.o(i.__0vfprintf$3) refers to printf3.o(i._printf_core) for _printf_core
    printf3.o(i.__0vfprintf$3) refers to fputc.o(i.fputc) for fputc
    printf3.o(i.__0vprintf$3) refers to printf3.o(i._printf_core) for _printf_core
    printf3.o(i.__0vprintf$3) refers to fputc.o(i.fputc) for fputc
    printf3.o(i.__0vprintf$3) refers to stdout.o(.data) for __stdout
    printf3.o(i.__0vsnprintf$3) refers to printf3.o(i._printf_core) for _printf_core
    printf3.o(i.__0vsnprintf$3) refers to printf3.o(i._snputc) for _snputc
    printf3.o(i.__0vsprintf$3) refers to printf3.o(i._printf_core) for _printf_core
    printf3.o(i.__0vsprintf$3) refers to printf3.o(i._sputc) for _sputc
    printf3.o(i._printf_core) refers to uidiv.o(.text) for __aeabi_uidivmod
    printf4.o(i.__0fprintf$4) refers to printf4.o(i._printf_core) for _printf_core
    printf4.o(i.__0fprintf$4) refers to fputc.o(i.fputc) for fputc
    printf4.o(i.__0printf$4) refers to printf4.o(i._printf_core) for _printf_core
    printf4.o(i.__0printf$4) refers to fputc.o(i.fputc) for fputc
    printf4.o(i.__0printf$4) refers to stdout.o(.data) for __stdout
    printf4.o(i.__0snprintf$4) refers to printf4.o(i._printf_core) for _printf_core
    printf4.o(i.__0snprintf$4) refers to printf4.o(i._snputc) for _snputc
    printf4.o(i.__0sprintf$4) refers to printf4.o(i._printf_core) for _printf_core
    printf4.o(i.__0sprintf$4) refers to printf4.o(i._sputc) for _sputc
    printf4.o(i.__0vfprintf$4) refers to printf4.o(i._printf_core) for _printf_core
    printf4.o(i.__0vfprintf$4) refers to fputc.o(i.fputc) for fputc
    printf4.o(i.__0vprintf$4) refers to printf4.o(i._printf_core) for _printf_core
    printf4.o(i.__0vprintf$4) refers to fputc.o(i.fputc) for fputc
    printf4.o(i.__0vprintf$4) refers to stdout.o(.data) for __stdout
    printf4.o(i.__0vsnprintf$4) refers to printf4.o(i._printf_core) for _printf_core
    printf4.o(i.__0vsnprintf$4) refers to printf4.o(i._snputc) for _snputc
    printf4.o(i.__0vsprintf$4) refers to printf4.o(i._printf_core) for _printf_core
    printf4.o(i.__0vsprintf$4) refers to printf4.o(i._sputc) for _sputc
    printf4.o(i._printf_core) refers to uldiv.o(.text) for __aeabi_uldivmod
    printf5.o(i.__0fprintf$5) refers to printf5.o(i._printf_core) for _printf_core
    printf5.o(i.__0fprintf$5) refers to fputc.o(i.fputc) for fputc
    printf5.o(i.__0printf$5) refers to printf5.o(i._printf_core) for _printf_core
    printf5.o(i.__0printf$5) refers to fputc.o(i.fputc) for fputc
    printf5.o(i.__0printf$5) refers to stdout.o(.data) for __stdout
    printf5.o(i.__0snprintf$5) refers to printf5.o(i._printf_core) for _printf_core
    printf5.o(i.__0snprintf$5) refers to printf5.o(i._snputc) for _snputc
    printf5.o(i.__0sprintf$5) refers to printf5.o(i._printf_core) for _printf_core
    printf5.o(i.__0sprintf$5) refers to printf5.o(i._sputc) for _sputc
    printf5.o(i.__0vfprintf$5) refers to printf5.o(i._printf_core) for _printf_core
    printf5.o(i.__0vfprintf$5) refers to fputc.o(i.fputc) for fputc
    printf5.o(i.__0vprintf$5) refers to printf5.o(i._printf_core) for _printf_core
    printf5.o(i.__0vprintf$5) refers to fputc.o(i.fputc) for fputc
    printf5.o(i.__0vprintf$5) refers to stdout.o(.data) for __stdout
    printf5.o(i.__0vsnprintf$5) refers to printf5.o(i._printf_core) for _printf_core
    printf5.o(i.__0vsnprintf$5) refers to printf5.o(i._snputc) for _snputc
    printf5.o(i.__0vsprintf$5) refers to printf5.o(i._printf_core) for _printf_core
    printf5.o(i.__0vsprintf$5) refers to printf5.o(i._sputc) for _sputc
    printf5.o(i._printf_core) refers to uldiv.o(.text) for __aeabi_uldivmod
    printf6.o(i.__0fprintf$6) refers to printf6.o(i._printf_core) for _printf_core
    printf6.o(i.__0fprintf$6) refers to fputc.o(i.fputc) for fputc
    printf6.o(i.__0printf$6) refers to printf6.o(i._printf_core) for _printf_core
    printf6.o(i.__0printf$6) refers to fputc.o(i.fputc) for fputc
    printf6.o(i.__0printf$6) refers to stdout.o(.data) for __stdout
    printf6.o(i.__0snprintf$6) refers to printf6.o(i._printf_core) for _printf_core
    printf6.o(i.__0snprintf$6) refers to printf6.o(i._snputc) for _snputc
    printf6.o(i.__0sprintf$6) refers to printf6.o(i._printf_core) for _printf_core
    printf6.o(i.__0sprintf$6) refers to printf6.o(i._sputc) for _sputc
    printf6.o(i.__0vfprintf$6) refers to printf6.o(i._printf_core) for _printf_core
    printf6.o(i.__0vfprintf$6) refers to fputc.o(i.fputc) for fputc
    printf6.o(i.__0vprintf$6) refers to printf6.o(i._printf_core) for _printf_core
    printf6.o(i.__0vprintf$6) refers to fputc.o(i.fputc) for fputc
    printf6.o(i.__0vprintf$6) refers to stdout.o(.data) for __stdout
    printf6.o(i.__0vsnprintf$6) refers to printf6.o(i._printf_core) for _printf_core
    printf6.o(i.__0vsnprintf$6) refers to printf6.o(i._snputc) for _snputc
    printf6.o(i.__0vsprintf$6) refers to printf6.o(i._printf_core) for _printf_core
    printf6.o(i.__0vsprintf$6) refers to printf6.o(i._sputc) for _sputc
    printf6.o(i._printf_core) refers to printf6.o(i._printf_pre_padding) for _printf_pre_padding
    printf6.o(i._printf_core) refers to uidiv.o(.text) for __aeabi_uidivmod
    printf6.o(i._printf_core) refers to printf6.o(i._printf_post_padding) for _printf_post_padding
    printf7.o(i.__0fprintf$7) refers to printf7.o(i._printf_core) for _printf_core
    printf7.o(i.__0fprintf$7) refers to fputc.o(i.fputc) for fputc
    printf7.o(i.__0printf$7) refers to printf7.o(i._printf_core) for _printf_core
    printf7.o(i.__0printf$7) refers to fputc.o(i.fputc) for fputc
    printf7.o(i.__0printf$7) refers to stdout.o(.data) for __stdout
    printf7.o(i.__0snprintf$7) refers to printf7.o(i._printf_core) for _printf_core
    printf7.o(i.__0snprintf$7) refers to printf7.o(i._snputc) for _snputc
    printf7.o(i.__0sprintf$7) refers to printf7.o(i._printf_core) for _printf_core
    printf7.o(i.__0sprintf$7) refers to printf7.o(i._sputc) for _sputc
    printf7.o(i.__0vfprintf$7) refers to printf7.o(i._printf_core) for _printf_core
    printf7.o(i.__0vfprintf$7) refers to fputc.o(i.fputc) for fputc
    printf7.o(i.__0vprintf$7) refers to printf7.o(i._printf_core) for _printf_core
    printf7.o(i.__0vprintf$7) refers to fputc.o(i.fputc) for fputc
    printf7.o(i.__0vprintf$7) refers to stdout.o(.data) for __stdout
    printf7.o(i.__0vsnprintf$7) refers to printf7.o(i._printf_core) for _printf_core
    printf7.o(i.__0vsnprintf$7) refers to printf7.o(i._snputc) for _snputc
    printf7.o(i.__0vsprintf$7) refers to printf7.o(i._printf_core) for _printf_core
    printf7.o(i.__0vsprintf$7) refers to printf7.o(i._sputc) for _sputc
    printf7.o(i._printf_core) refers to printf7.o(i._printf_pre_padding) for _printf_pre_padding
    printf7.o(i._printf_core) refers to uldiv.o(.text) for __aeabi_uldivmod
    printf7.o(i._printf_core) refers to printf7.o(i._printf_post_padding) for _printf_post_padding
    printf8.o(i.__0fprintf$8) refers to printf8.o(i._printf_core) for _printf_core
    printf8.o(i.__0fprintf$8) refers to fputc.o(i.fputc) for fputc
    printf8.o(i.__0printf$8) refers to printf8.o(i._printf_core) for _printf_core
    printf8.o(i.__0printf$8) refers to fputc.o(i.fputc) for fputc
    printf8.o(i.__0printf$8) refers to stdout.o(.data) for __stdout
    printf8.o(i.__0snprintf$8) refers to printf8.o(i._printf_core) for _printf_core
    printf8.o(i.__0snprintf$8) refers to printf8.o(i._snputc) for _snputc
    printf8.o(i.__0sprintf$8) refers to printf8.o(i._printf_core) for _printf_core
    printf8.o(i.__0sprintf$8) refers to printf8.o(i._sputc) for _sputc
    printf8.o(i.__0vfprintf$8) refers to printf8.o(i._printf_core) for _printf_core
    printf8.o(i.__0vfprintf$8) refers to fputc.o(i.fputc) for fputc
    printf8.o(i.__0vprintf$8) refers to printf8.o(i._printf_core) for _printf_core
    printf8.o(i.__0vprintf$8) refers to fputc.o(i.fputc) for fputc
    printf8.o(i.__0vprintf$8) refers to stdout.o(.data) for __stdout
    printf8.o(i.__0vsnprintf$8) refers to printf8.o(i._printf_core) for _printf_core
    printf8.o(i.__0vsnprintf$8) refers to printf8.o(i._snputc) for _snputc
    printf8.o(i.__0vsprintf$8) refers to printf8.o(i._printf_core) for _printf_core
    printf8.o(i.__0vsprintf$8) refers to printf8.o(i._sputc) for _sputc
    printf8.o(i._printf_core) refers to printf8.o(i._printf_pre_padding) for _printf_pre_padding
    printf8.o(i._printf_core) refers to uldiv.o(.text) for __aeabi_uldivmod
    printf8.o(i._printf_core) refers to printf8.o(i._printf_post_padding) for _printf_post_padding
    printfa.o(i.__0fprintf) refers (Special) to iusefp.o(.text) for __I$use$fp
    printfa.o(i.__0fprintf) refers to printfa.o(i._printf_core) for _printf_core
    printfa.o(i.__0fprintf) refers to fputc.o(i.fputc) for fputc
    printfa.o(i.__0printf) refers (Special) to iusefp.o(.text) for __I$use$fp
    printfa.o(i.__0printf) refers to printfa.o(i._printf_core) for _printf_core
    printfa.o(i.__0printf) refers to fputc.o(i.fputc) for fputc
    printfa.o(i.__0printf) refers to stdout.o(.data) for __stdout
    printfa.o(i.__0snprintf) refers (Special) to iusefp.o(.text) for __I$use$fp
    printfa.o(i.__0snprintf) refers to printfa.o(i._printf_core) for _printf_core
    printfa.o(i.__0snprintf) refers to printfa.o(i._snputc) for _snputc
    printfa.o(i.__0sprintf) refers (Special) to iusefp.o(.text) for __I$use$fp
    printfa.o(i.__0sprintf) refers to printfa.o(i._printf_core) for _printf_core
    printfa.o(i.__0sprintf) refers to printfa.o(i._sputc) for _sputc
    printfa.o(i.__0vfprintf) refers (Special) to iusefp.o(.text) for __I$use$fp
    printfa.o(i.__0vfprintf) refers to printfa.o(i._printf_core) for _printf_core
    printfa.o(i.__0vfprintf) refers to fputc.o(i.fputc) for fputc
    printfa.o(i.__0vprintf) refers (Special) to iusefp.o(.text) for __I$use$fp
    printfa.o(i.__0vprintf) refers to printfa.o(i._printf_core) for _printf_core
    printfa.o(i.__0vprintf) refers to fputc.o(i.fputc) for fputc
    printfa.o(i.__0vprintf) refers to stdout.o(.data) for __stdout
    printfa.o(i.__0vsnprintf) refers (Special) to iusefp.o(.text) for __I$use$fp
    printfa.o(i.__0vsnprintf) refers to printfa.o(i._printf_core) for _printf_core
    printfa.o(i.__0vsnprintf) refers to printfa.o(i._snputc) for _snputc
    printfa.o(i.__0vsprintf) refers (Special) to iusefp.o(.text) for __I$use$fp
    printfa.o(i.__0vsprintf) refers to printfa.o(i._printf_core) for _printf_core
    printfa.o(i.__0vsprintf) refers to printfa.o(i._sputc) for _sputc
    printfa.o(i._fp_digits) refers (Special) to iusefp.o(.text) for __I$use$fp
    printfa.o(i._fp_digits) refers to dmul.o(.text) for __aeabi_dmul
    printfa.o(i._fp_digits) refers to ddiv.o(.text) for __aeabi_ddiv
    printfa.o(i._fp_digits) refers to cdrcmple.o(.text) for __aeabi_cdrcmple
    printfa.o(i._fp_digits) refers to dadd.o(.text) for __aeabi_dadd
    printfa.o(i._fp_digits) refers to dfixul.o(.text) for __aeabi_d2ulz
    printfa.o(i._fp_digits) refers to uldiv.o(.text) for __aeabi_uldivmod
    printfa.o(i._printf_core) refers (Special) to iusefp.o(.text) for __I$use$fp
    printfa.o(i._printf_core) refers to printfa.o(i._printf_pre_padding) for _printf_pre_padding
    printfa.o(i._printf_core) refers to uldiv.o(.text) for __aeabi_uldivmod
    printfa.o(i._printf_core) refers to printfa.o(i._printf_post_padding) for _printf_post_padding
    printfa.o(i._printf_core) refers to printfa.o(i._fp_digits) for _fp_digits
    printfa.o(i._printf_core) refers to uidiv.o(.text) for __aeabi_uidivmod
    printfa.o(i._printf_post_padding) refers (Special) to iusefp.o(.text) for __I$use$fp
    printfa.o(i._printf_pre_padding) refers (Special) to iusefp.o(.text) for __I$use$fp
    printfa.o(i._snputc) refers (Special) to iusefp.o(.text) for __I$use$fp
    printfa.o(i._sputc) refers (Special) to iusefp.o(.text) for __I$use$fp
    entry2.o(.ARM.Collect$$$$00000001) refers to entry2.o(.ARM.Collect$$$$00002712) for __lit__00000000
    entry2.o(.ARM.Collect$$$$00002712) refers to startup_tm4c123.o(STACK) for __initial_sp
    entry2.o(__vectab_stack_and_reset_area) refers to startup_tm4c123.o(STACK) for __initial_sp
    entry2.o(__vectab_stack_and_reset_area) refers to entry.o(.ARM.Collect$$$$00000000) for __main
    entry5.o(.ARM.Collect$$$$00000004) refers to init.o(.text) for __scatterload
    entry9a.o(.ARM.Collect$$$$0000000B) refers to main.o(.text) for main
    entry9b.o(.ARM.Collect$$$$0000000C) refers to main.o(.text) for main
    fputc.o(i.fputc) refers (Special) to iusesemip.o(.text) for __I$use$semihosting$fputc
    fputc.o(i.fputc) refers (Special) to semi.o(.text) for __semihosting_library_function
    uldiv.o(.text) refers to llushr.o(.text) for __aeabi_llsr
    uldiv.o(.text) refers to llshl.o(.text) for __aeabi_llsl
    dadd.o(.text) refers to llshl.o(.text) for __aeabi_llsl
    dadd.o(.text) refers to llsshr.o(.text) for __aeabi_lasr
    dadd.o(.text) refers to depilogue.o(.text) for _double_epilogue
    dmul.o(.text) refers to depilogue.o(.text) for _double_epilogue
    ddiv.o(.text) refers to depilogue.o(.text) for _double_round
    dfixul.o(.text) refers to llushr.o(.text) for __aeabi_llsr
    dfixul.o(.text) refers to llshl.o(.text) for __aeabi_llsl
    init.o(.text) refers to entry5.o(.ARM.Collect$$$$00000004) for __main_after_scatterload
    depilogue.o(.text) refers to llshl.o(.text) for __aeabi_llsl
    depilogue.o(.text) refers to llushr.o(.text) for __aeabi_llsr


==============================================================================

Removing Unused input sections from the image.

    Removing main.o(.rev16_text), (4 bytes).
    Removing main.o(.revsh_text), (4 bytes).
    Removing main.o(.rrx_text), (6 bytes).
    Removing gpio_port.o(.rev16_text), (4 bytes).
    Removing gpio_port.o(.revsh_text), (4 bytes).
    Removing gpio_port.o(.rrx_text), (6 bytes).
    Removing uart.o(.rev16_text), (4 bytes).
    Removing uart.o(.revsh_text), (4 bytes).
    Removing uart.o(.rrx_text), (6 bytes).
    Removing uart.o(.text), (644 bytes).
    Removing spi.o(.rev16_text), (4 bytes).
    Removing spi.o(.revsh_text), (4 bytes).
    Removing spi.o(.rrx_text), (6 bytes).
    Removing spi_select.o(.rev16_text), (4 bytes).
    Removing spi_select.o(.revsh_text), (4 bytes).
    Removing spi_select.o(.rrx_text), (6 bytes).
    Removing accel.o(.rev16_text), (4 bytes).
    Removing accel.o(.revsh_text), (4 bytes).
    Removing accel.o(.rrx_text), (6 bytes).
    Removing startup_tm4c123.o(HEAP), (0 bytes).
    Removing system_tm4c123.o(.rev16_text), (4 bytes).
    Removing system_tm4c123.o(.revsh_text), (4 bytes).
    Removing system_tm4c123.o(.rrx_text), (6 bytes).
    Removing validate_uart.o(.rev16_text), (4 bytes).
    Removing validate_uart.o(.revsh_text), (4 bytes).
    Removing validate_uart.o(.rrx_text), (6 bytes).
    Removing validate_sysctl.o(.rev16_text), (4 bytes).
    Removing validate_sysctl.o(.revsh_text), (4 bytes).
    Removing validate_sysctl.o(.rrx_text), (6 bytes).
    Removing dadd.o(.text), (334 bytes).
    Removing dmul.o(.text), (228 bytes).
    Removing ddiv.o(.text), (222 bytes).
    Removing dfixul.o(.text), (48 bytes).
    Removing cdrcmple.o(.text), (48 bytes).
    Removing depilogue.o(.text), (186 bytes).

35 unused section(s) (total 1836 bytes) removed from the image.

==============================================================================

Image Symbol Table

    Local Symbols

    Symbol Name                              Value     Ov Type        Size  Object(Section)

    RESET                                    0x00000000   Section      620  startup_tm4c123.o(RESET)
    ../clib/microlib/division.c              0x00000000   Number         0  uidiv.o ABSOLUTE
    ../clib/microlib/division.c              0x00000000   Number         0  uldiv.o ABSOLUTE
    ../clib/microlib/init/entry.s            0x00000000   Number         0  entry9b.o ABSOLUTE
    ../clib/microlib/init/entry.s            0x00000000   Number         0  entry9a.o ABSOLUTE
    ../clib/microlib/init/entry.s            0x00000000   Number         0  entry8b.o ABSOLUTE
    ../clib/microlib/init/entry.s            0x00000000   Number         0  entry8a.o ABSOLUTE
    ../clib/microlib/init/entry.s            0x00000000   Number         0  entry7b.o ABSOLUTE
    ../clib/microlib/init/entry.s            0x00000000   Number         0  entry7a.o ABSOLUTE
    ../clib/microlib/init/entry.s            0x00000000   Number         0  entry2.o ABSOLUTE
    ../clib/microlib/init/entry.s            0x00000000   Number         0  entry5.o ABSOLUTE
    ../clib/microlib/init/entry.s            0x00000000   Number         0  entry11a.o ABSOLUTE
    ../clib/microlib/init/entry.s            0x00000000   Number         0  entry10b.o ABSOLUTE
    ../clib/microlib/init/entry.s            0x00000000   Number         0  entry.o ABSOLUTE
    ../clib/microlib/init/entry.s            0x00000000   Number         0  entry10a.o ABSOLUTE
    ../clib/microlib/init/entry.s            0x00000000   Number         0  entry11b.o ABSOLUTE
    ../clib/microlib/longlong.c              0x00000000   Number         0  llsshr.o ABSOLUTE
    ../clib/microlib/longlong.c              0x00000000   Number         0  llushr.o ABSOLUTE
    ../clib/microlib/longlong.c              0x00000000   Number         0  llshl.o ABSOLUTE
    ../clib/microlib/printf/printf.c         0x00000000   Number         0  printfa.o ABSOLUTE
    ../clib/microlib/printf/printf.c         0x00000000   Number         0  printf8.o ABSOLUTE
    ../clib/microlib/printf/printf.c         0x00000000   Number         0  printf7.o ABSOLUTE
    ../clib/microlib/printf/printf.c         0x00000000   Number         0  printfb.o ABSOLUTE
    ../clib/microlib/printf/printf.c         0x00000000   Number         0  printf6.o ABSOLUTE
    ../clib/microlib/printf/printf.c         0x00000000   Number         0  printf2.o ABSOLUTE
    ../clib/microlib/printf/printf.c         0x00000000   Number         0  printf1.o ABSOLUTE
    ../clib/microlib/printf/printf.c         0x00000000   Number         0  printf0.o ABSOLUTE
    ../clib/microlib/printf/printf.c         0x00000000   Number         0  printf4.o ABSOLUTE
    ../clib/microlib/printf/printf.c         0x00000000   Number         0  printf5.o ABSOLUTE
    ../clib/microlib/printf/printf.c         0x00000000   Number         0  printf3.o ABSOLUTE
    ../clib/microlib/printf/stubs.s          0x00000000   Number         0  stubs.o ABSOLUTE
    ../clib/microlib/stdio/fputc.c           0x00000000   Number         0  fputc.o ABSOLUTE
    ../clib/microlib/stdio/semi.s            0x00000000   Number         0  semi.o ABSOLUTE
    ../clib/microlib/stdio/streams.c         0x00000000   Number         0  stdout.o ABSOLUTE
    ../clib/microlib/stubs.s                 0x00000000   Number         0  iusefp.o ABSOLUTE
    ../clib/microlib/stubs.s                 0x00000000   Number         0  iusesemip.o ABSOLUTE
    ../fplib/microlib/fpadd.c                0x00000000   Number         0  dadd.o ABSOLUTE
    ../fplib/microlib/fpdiv.c                0x00000000   Number         0  ddiv.o ABSOLUTE
    ../fplib/microlib/fpepilogue.c           0x00000000   Number         0  depilogue.o ABSOLUTE
    ../fplib/microlib/fpfix.c                0x00000000   Number         0  dfixul.o ABSOLUTE
    ../fplib/microlib/fpmul.c                0x00000000   Number         0  dmul.o ABSOLUTE
    ..\\drivers\\c\\gpio_port.c              0x00000000   Number         0  gpio_port.o ABSOLUTE
    ..\\drivers\\c\\spi.c                    0x00000000   Number         0  spi.o ABSOLUTE
    ..\\drivers\\c\\uart.c                   0x00000000   Number         0  uart.o ABSOLUTE
    ..\\peripherals\\c\\accel.c              0x00000000   Number         0  accel.o ABSOLUTE
    ..\\peripherals\\c\\spi_select.c         0x00000000   Number         0  spi_select.o ABSOLUTE
    ..\drivers\c\gpio_port.c                 0x00000000   Number         0  gpio_port.o ABSOLUTE
    ..\drivers\c\spi.c                       0x00000000   Number         0  spi.o ABSOLUTE
    ..\drivers\c\uart.c                      0x00000000   Number         0  uart.o ABSOLUTE
    ..\peripherals\c\accel.c                 0x00000000   Number         0  accel.o ABSOLUTE
    ..\peripherals\c\spi_select.c            0x00000000   Number         0  spi_select.o ABSOLUTE
    RTE\Device\TM4C123GH6PM\startup_TM4C123.s 0x00000000   Number         0  startup_tm4c123.o ABSOLUTE
    RTE\Device\TM4C123GH6PM\system_TM4C123.c 0x00000000   Number         0  system_tm4c123.o ABSOLUTE
    RTE\\Device\\TM4C123GH6PM\\system_TM4C123.c 0x00000000   Number         0  system_tm4c123.o ABSOLUTE
    cdrcmple.s                               0x00000000   Number         0  cdrcmple.o ABSOLUTE
    dc.s                                     0x00000000   Number         0  dc.o ABSOLUTE
    handlers.s                               0x00000000   Number         0  handlers.o ABSOLUTE
    init.s                                   0x00000000   Number         0  init.o ABSOLUTE
    main.c                                   0x00000000   Number         0  main.o ABSOLUTE
    main.c                                   0x00000000   Number         0  main.o ABSOLUTE
    validate_sysctl.c                        0x00000000   Number         0  validate_sysctl.o ABSOLUTE
    validate_sysctl.c                        0x00000000   Number         0  validate_sysctl.o ABSOLUTE
    validate_uart.c                          0x00000000   Number         0  validate_uart.o ABSOLUTE
    validate_uart.c                          0x00000000   Number         0  validate_uart.o ABSOLUTE
    .ARM.Collect$$$$00000000                 0x0000026c   Section        0  entry.o(.ARM.Collect$$$$00000000)
    .ARM.Collect$$$$00000001                 0x0000026c   Section        4  entry2.o(.ARM.Collect$$$$00000001)
    .ARM.Collect$$$$00000004                 0x00000270   Section        4  entry5.o(.ARM.Collect$$$$00000004)
    .ARM.Collect$$$$00000008                 0x00000274   Section        0  entry7b.o(.ARM.Collect$$$$00000008)
    .ARM.Collect$$$$0000000A                 0x00000274   Section        0  entry8b.o(.ARM.Collect$$$$0000000A)
    .ARM.Collect$$$$0000000B                 0x00000274   Section        8  entry9a.o(.ARM.Collect$$$$0000000B)
    .ARM.Collect$$$$0000000D                 0x0000027c   Section        0  entry10a.o(.ARM.Collect$$$$0000000D)
    .ARM.Collect$$$$0000000F                 0x0000027c   Section        0  entry11a.o(.ARM.Collect$$$$0000000F)
    .ARM.Collect$$$$00002712                 0x0000027c   Section        4  entry2.o(.ARM.Collect$$$$00002712)
    __lit__00000000                          0x0000027c   Data           4  entry2.o(.ARM.Collect$$$$00002712)
    .text                                    0x00000280   Section        0  main.o(.text)
    .text                                    0x000002f8   Section        0  gpio_port.o(.text)
    verify_base_addr                         0x000002f9   Thumb Code    64  gpio_port.o(.text)
    .text                                    0x0000059c   Section        0  spi.o(.text)
    .text                                    0x00000728   Section        0  spi_select.o(.text)
    .text                                    0x000007cc   Section        0  accel.o(.text)
    accel_reg_read                           0x000007cd   Thumb Code    42  accel.o(.text)
    accel_reg_write                          0x000007f7   Thumb Code    44  accel.o(.text)
    accel_CSN_low                            0x0000094d   Thumb Code    18  accel.o(.text)
    accel_CSN_high                           0x0000095f   Thumb Code    18  accel.o(.text)
    .text                                    0x00000978   Section      252  startup_tm4c123.o(.text)
    $v0                                      0x00000978   Number         0  startup_tm4c123.o(.text)
    .text                                    0x00000a74   Section        0  system_tm4c123.o(.text)
    getOscClk                                0x00000a75   Thumb Code   182  system_tm4c123.o(.text)
    .text                                    0x00000cc0   Section        0  validate_uart.o(.text)
    uart_get_ibrd                            0x00000d6b   Thumb Code    30  validate_uart.o(.text)
    uart_get_fbrd                            0x00000d89   Thumb Code    28  validate_uart.o(.text)
    uart_get_irq_num                         0x00000da5   Thumb Code    68  validate_uart.o(.text)
    .text                                    0x000010c0   Section        0  validate_sysctl.o(.text)
    get_gpio_rcgc                            0x000010c1   Thumb Code    74  validate_sysctl.o(.text)
    get_adc_rcgc                             0x0000110b   Thumb Code    28  validate_sysctl.o(.text)
    get_gpt_rcgc                             0x00001127   Thumb Code    74  validate_sysctl.o(.text)
    get_uart_rcgc                            0x00001171   Thumb Code    68  validate_sysctl.o(.text)
    get_spi_rcgc                             0x000011b5   Thumb Code    48  validate_sysctl.o(.text)
    .text                                    0x0000128c   Section        0  uidiv.o(.text)
    .text                                    0x000012b8   Section       36  init.o(.text)
    i.__0sprintf$6                           0x000012dc   Section        0  printf6.o(i.__0sprintf$6)
    i.__scatterload_copy                     0x00001304   Section       14  handlers.o(i.__scatterload_copy)
    i.__scatterload_null                     0x00001312   Section        2  handlers.o(i.__scatterload_null)
    i.__scatterload_zeroinit                 0x00001314   Section       14  handlers.o(i.__scatterload_zeroinit)
    i._printf_core                           0x00001324   Section        0  printf6.o(i._printf_core)
    _printf_core                             0x00001325   Thumb Code   748  printf6.o(i._printf_core)
    i._printf_post_padding                   0x00001614   Section        0  printf6.o(i._printf_post_padding)
    _printf_post_padding                     0x00001615   Thumb Code    36  printf6.o(i._printf_post_padding)
    i._printf_pre_padding                    0x00001638   Section        0  printf6.o(i._printf_pre_padding)
    _printf_pre_padding                      0x00001639   Thumb Code    46  printf6.o(i._printf_pre_padding)
    i._sputc                                 0x00001666   Section        0  printf6.o(i._sputc)
    _sputc                                   0x00001667   Thumb Code    10  printf6.o(i._sputc)
    .conststring                             0x00001670   Section       92  validate_uart.o(.conststring)
    .data                                    0x20000000   Section        4  system_tm4c123.o(.data)
    STACK                                    0x20000008   Section      512  startup_tm4c123.o(STACK)

    Global Symbols

    Symbol Name                              Value     Ov Type        Size  Object(Section)

    BuildAttributes$$THM_ISAv4$E$P$D$K$B$S$7EM$VFPi3$EXTD16$VFPS$VFMA$PE$A:L22UL41UL21$X:L11$S22US41US21$IEEE1$IW$USESV6$~STKCKD$USESV7$~SHL$OSPACE$ROPI$EBA8$MICROLIB$REQ8$PRES8$EABIv2 0x00000000   Number         0  anon$$obj.o ABSOLUTE
    __ARM_use_no_argv                        0x00000000   Number         0  main.o ABSOLUTE
    __Vectors                                0x00000000   Data           4  startup_tm4c123.o(RESET)
    _printf_a                                0x00000000   Number         0  stubs.o ABSOLUTE
    _printf_c                                0x00000000   Number         0  stubs.o ABSOLUTE
    _printf_charcount                        0x00000000   Number         0  stubs.o ABSOLUTE
    _printf_d                                0x00000000   Number         0  stubs.o ABSOLUTE
    _printf_e                                0x00000000   Number         0  stubs.o ABSOLUTE
    _printf_f                                0x00000000   Number         0  stubs.o ABSOLUTE
    _printf_flags                            0x00000000   Number         0  stubs.o ABSOLUTE
    _printf_fp_dec                           0x00000000   Number         0  stubs.o ABSOLUTE
    _printf_fp_hex                           0x00000000   Number         0  stubs.o ABSOLUTE
    _printf_g                                0x00000000   Number         0  stubs.o ABSOLUTE
    _printf_i                                0x00000000   Number         0  stubs.o ABSOLUTE
    _printf_int_dec                          0x00000000   Number         0  stubs.o ABSOLUTE
    _printf_l                                0x00000000   Number         0  stubs.o ABSOLUTE
    _printf_lc                               0x00000000   Number         0  stubs.o ABSOLUTE
    _printf_ll                               0x00000000   Number         0  stubs.o ABSOLUTE
    _printf_lld                              0x00000000   Number         0  stubs.o ABSOLUTE
    _printf_lli                              0x00000000   Number         0  stubs.o ABSOLUTE
    _printf_llo                              0x00000000   Number         0  stubs.o ABSOLUTE
    _printf_llu                              0x00000000   Number         0  stubs.o ABSOLUTE
    _printf_llx                              0x00000000   Number         0  stubs.o ABSOLUTE
    _printf_longlong_dec                     0x00000000   Number         0  stubs.o ABSOLUTE
    _printf_longlong_hex                     0x00000000   Number         0  stubs.o ABSOLUTE
    _printf_longlong_oct                     0x00000000   Number         0  stubs.o ABSOLUTE
    _printf_ls                               0x00000000   Number         0  stubs.o ABSOLUTE
    _printf_mbtowc                           0x00000000   Number         0  stubs.o ABSOLUTE
    _printf_n                                0x00000000   Number         0  stubs.o ABSOLUTE
    _printf_o                                0x00000000   Number         0  stubs.o ABSOLUTE
    _printf_p                                0x00000000   Number         0  stubs.o ABSOLUTE
    _printf_percent                          0x00000000   Number         0  stubs.o ABSOLUTE
    _printf_pre_padding                      0x00000000   Number         0  stubs.o ABSOLUTE
    _printf_return_value                     0x00000000   Number         0  stubs.o ABSOLUTE
    _printf_s                                0x00000000   Number         0  stubs.o ABSOLUTE
    _printf_sizespec                         0x00000000   Number         0  stubs.o ABSOLUTE
    _printf_str                              0x00000000   Number         0  stubs.o ABSOLUTE
    _printf_truncate_signed                  0x00000000   Number         0  stubs.o ABSOLUTE
    _printf_truncate_unsigned                0x00000000   Number         0  stubs.o ABSOLUTE
    _printf_u                                0x00000000   Number         0  stubs.o ABSOLUTE
    _printf_wc                               0x00000000   Number         0  stubs.o ABSOLUTE
    _printf_wctomb                           0x00000000   Number         0  stubs.o ABSOLUTE
    _printf_widthprec                        0x00000000   Number         0  stubs.o ABSOLUTE
    _printf_x                                0x00000000   Number         0  stubs.o ABSOLUTE
    __cpp_initialize__aeabi_                  - Undefined Weak Reference
    __cxa_finalize                            - Undefined Weak Reference
    __decompress                              - Undefined Weak Reference
    _clock_init                               - Undefined Weak Reference
    _microlib_exit                            - Undefined Weak Reference
    __Vectors_End                            0x0000026c   Data           0  startup_tm4c123.o(RESET)
    __Vectors_Size                           0x0000026c   Number         0  startup_tm4c123.o ABSOLUTE
    __main                                   0x0000026d   Thumb Code     0  entry.o(.ARM.Collect$$$$00000000)
    _main_stk                                0x0000026d   Thumb Code     0  entry2.o(.ARM.Collect$$$$00000001)
    _main_scatterload                        0x00000271   Thumb Code     0  entry5.o(.ARM.Collect$$$$00000004)
    __main_after_scatterload                 0x00000275   Thumb Code     0  entry5.o(.ARM.Collect$$$$00000004)
    _main_clock                              0x00000275   Thumb Code     0  entry7b.o(.ARM.Collect$$$$00000008)
    _main_cpp_init                           0x00000275   Thumb Code     0  entry8b.o(.ARM.Collect$$$$0000000A)
    _main_init                               0x00000275   Thumb Code     0  entry9a.o(.ARM.Collect$$$$0000000B)
    __rt_final_cpp                           0x0000027d   Thumb Code     0  entry10a.o(.ARM.Collect$$$$0000000D)
    __rt_final_exit                          0x0000027d   Thumb Code     0  entry11a.o(.ARM.Collect$$$$0000000F)
    main                                     0x00000281   Thumb Code    92  main.o(.text)
    gpio_get_irq_num                         0x00000339   Thumb Code    74  gpio_port.o(.text)
    gpio_enable_port                         0x00000383   Thumb Code   156  gpio_port.o(.text)
    gpio_config_digital_enable               0x0000041f   Thumb Code    34  gpio_port.o(.text)
    gpio_config_enable_output                0x00000441   Thumb Code    34  gpio_port.o(.text)
    gpio_config_enable_input                 0x00000463   Thumb Code    34  gpio_port.o(.text)
    gpio_config_enable_pullup                0x00000485   Thumb Code    34  gpio_port.o(.text)
    gpio_config_enable_pulldown              0x000004a7   Thumb Code    34  gpio_port.o(.text)
    gpio_config_analog_enable                0x000004c9   Thumb Code    34  gpio_port.o(.text)
    gpio_config_alternate_function           0x000004eb   Thumb Code    34  gpio_port.o(.text)
    gpio_config_port_control                 0x0000050d   Thumb Code    44  gpio_port.o(.text)
    gpio_config_open_drain                   0x00000539   Thumb Code    34  gpio_port.o(.text)
    gpio_config_falling_edge_irq             0x0000055b   Thumb Code    34  gpio_port.o(.text)
    spiVerifyBaseAddr                        0x0000059d   Thumb Code    34  spi.o(.text)
    initialize_spi                           0x000005bf   Thumb Code   242  spi.o(.text)
    spiTx                                    0x000006b1   Thumb Code    94  spi.o(.text)
    spi_select                               0x00000729   Thumb Code    62  spi_select.o(.text)
    spi_select_init                          0x00000767   Thumb Code    92  spi_select.o(.text)
    accel_read_x                             0x00000823   Thumb Code    24  accel.o(.text)
    accel_read_y                             0x0000083b   Thumb Code    24  accel.o(.text)
    accel_read_z                             0x00000853   Thumb Code    24  accel.o(.text)
    accel_initialize                         0x0000086b   Thumb Code   226  accel.o(.text)
    Reset_Handler                            0x00000979   Thumb Code     8  startup_tm4c123.o(.text)
    NMI_Handler                              0x00000981   Thumb Code     2  startup_tm4c123.o(.text)
    HardFault_Handler                        0x00000983   Thumb Code     2  startup_tm4c123.o(.text)
    MemManage_Handler                        0x00000985   Thumb Code     2  startup_tm4c123.o(.text)
    BusFault_Handler                         0x00000987   Thumb Code     2  startup_tm4c123.o(.text)
    UsageFault_Handler                       0x00000989   Thumb Code     2  startup_tm4c123.o(.text)
    SVC_Handler                              0x0000098b   Thumb Code     2  startup_tm4c123.o(.text)
    DebugMon_Handler                         0x0000098d   Thumb Code     2  startup_tm4c123.o(.text)
    PendSV_Handler                           0x0000098f   Thumb Code     2  startup_tm4c123.o(.text)
    SysTick_Handler                          0x00000991   Thumb Code     2  startup_tm4c123.o(.text)
    GPIOA_Handler                            0x00000993   Thumb Code     2  startup_tm4c123.o(.text)
    GPIOB_Handler                            0x00000995   Thumb Code     2  startup_tm4c123.o(.text)
    GPIOC_Handler                            0x00000997   Thumb Code     2  startup_tm4c123.o(.text)
    GPIOD_Handler                            0x00000999   Thumb Code     2  startup_tm4c123.o(.text)
    GPIOE_Handler                            0x0000099b   Thumb Code     2  startup_tm4c123.o(.text)
    UART0_Handler                            0x0000099d   Thumb Code     2  startup_tm4c123.o(.text)
    UART1_Handler                            0x0000099f   Thumb Code     2  startup_tm4c123.o(.text)
    SSI0_Handler                             0x000009a1   Thumb Code     2  startup_tm4c123.o(.text)
    I2C0_Handler                             0x000009a3   Thumb Code     2  startup_tm4c123.o(.text)
    PMW0_FAULT_Handler                       0x000009a5   Thumb Code     2  startup_tm4c123.o(.text)
    PWM0_0_Handler                           0x000009a7   Thumb Code     2  startup_tm4c123.o(.text)
    PWM0_1_Handler                           0x000009a9   Thumb Code     2  startup_tm4c123.o(.text)
    PWM0_2_Handler                           0x000009ab   Thumb Code     2  startup_tm4c123.o(.text)
    QEI0_Handler                             0x000009ad   Thumb Code     2  startup_tm4c123.o(.text)
    ADC0SS0_Handler                          0x000009af   Thumb Code     2  startup_tm4c123.o(.text)
    ADC0SS1_Handler                          0x000009b1   Thumb Code     2  startup_tm4c123.o(.text)
    ADC0SS2_Handler                          0x000009b3   Thumb Code     2  startup_tm4c123.o(.text)
    ADC0SS3_Handler                          0x000009b5   Thumb Code     2  startup_tm4c123.o(.text)
    WDT0_Handler                             0x000009b7   Thumb Code     2  startup_tm4c123.o(.text)
    TIMER0A_Handler                          0x000009b9   Thumb Code     2  startup_tm4c123.o(.text)
    TIMER0B_Handler                          0x000009bb   Thumb Code     2  startup_tm4c123.o(.text)
    TIMER1A_Handler                          0x000009bd   Thumb Code     2  startup_tm4c123.o(.text)
    TIMER1B_Handler                          0x000009bf   Thumb Code     2  startup_tm4c123.o(.text)
    TIMER2A_Handler                          0x000009c1   Thumb Code     2  startup_tm4c123.o(.text)
    TIMER2B_Handler                          0x000009c3   Thumb Code     2  startup_tm4c123.o(.text)
    COMP0_Handler                            0x000009c5   Thumb Code     2  startup_tm4c123.o(.text)
    COMP1_Handler                            0x000009c7   Thumb Code     2  startup_tm4c123.o(.text)
    COMP2_Handler                            0x000009c9   Thumb Code     2  startup_tm4c123.o(.text)
    SYSCTL_Handler                           0x000009cb   Thumb Code     2  startup_tm4c123.o(.text)
    FLASH_Handler                            0x000009cd   Thumb Code     2  startup_tm4c123.o(.text)
    GPIOF_Handler                            0x000009cf   Thumb Code     2  startup_tm4c123.o(.text)
    GPIOG_Handler                            0x000009d1   Thumb Code     2  startup_tm4c123.o(.text)
    GPIOH_Handler                            0x000009d3   Thumb Code     2  startup_tm4c123.o(.text)
    UART2_Handler                            0x000009d5   Thumb Code     2  startup_tm4c123.o(.text)
    SSI1_Handler                             0x000009d7   Thumb Code     2  startup_tm4c123.o(.text)
    TIMER3A_Handler                          0x000009d9   Thumb Code     2  startup_tm4c123.o(.text)
    TIMER3B_Handler                          0x000009db   Thumb Code     2  startup_tm4c123.o(.text)
    I2C1_Handler                             0x000009dd   Thumb Code     2  startup_tm4c123.o(.text)
    QEI1_Handler                             0x000009df   Thumb Code     2  startup_tm4c123.o(.text)
    CAN0_Handler                             0x000009e1   Thumb Code     2  startup_tm4c123.o(.text)
    CAN1_Handler                             0x000009e3   Thumb Code     2  startup_tm4c123.o(.text)
    CAN2_Handler                             0x000009e5   Thumb Code     2  startup_tm4c123.o(.text)
    HIB_Handler                              0x000009e7   Thumb Code     2  startup_tm4c123.o(.text)
    USB0_Handler                             0x000009e9   Thumb Code     2  startup_tm4c123.o(.text)
    PWM0_3_Handler                           0x000009eb   Thumb Code     2  startup_tm4c123.o(.text)
    UDMA_Handler                             0x000009ed   Thumb Code     2  startup_tm4c123.o(.text)
    UDMAERR_Handler                          0x000009ef   Thumb Code     2  startup_tm4c123.o(.text)
    ADC1SS0_Handler                          0x000009f1   Thumb Code     2  startup_tm4c123.o(.text)
    ADC1SS1_Handler                          0x000009f3   Thumb Code     2  startup_tm4c123.o(.text)
    ADC1SS2_Handler                          0x000009f5   Thumb Code     2  startup_tm4c123.o(.text)
    ADC1SS3_Handler                          0x000009f7   Thumb Code     2  startup_tm4c123.o(.text)
    GPIOJ_Handler                            0x000009f9   Thumb Code     2  startup_tm4c123.o(.text)
    GPIOK_Handler                            0x000009fb   Thumb Code     2  startup_tm4c123.o(.text)
    GPIOL_Handler                            0x000009fd   Thumb Code     2  startup_tm4c123.o(.text)
    SSI2_Handler                             0x000009ff   Thumb Code     2  startup_tm4c123.o(.text)
    SSI3_Handler                             0x00000a01   Thumb Code     2  startup_tm4c123.o(.text)
    UART3_Handler                            0x00000a03   Thumb Code     2  startup_tm4c123.o(.text)
    UART4_Handler                            0x00000a05   Thumb Code     2  startup_tm4c123.o(.text)
    UART5_Handler                            0x00000a07   Thumb Code     2  startup_tm4c123.o(.text)
    UART6_Handler                            0x00000a09   Thumb Code     2  startup_tm4c123.o(.text)
    UART7_Handler                            0x00000a0b   Thumb Code     2  startup_tm4c123.o(.text)
    I2C2_Handler                             0x00000a0d   Thumb Code     2  startup_tm4c123.o(.text)
    I2C3_Handler                             0x00000a0f   Thumb Code     2  startup_tm4c123.o(.text)
    TIMER4A_Handler                          0x00000a11   Thumb Code     2  startup_tm4c123.o(.text)
    TIMER4B_Handler                          0x00000a13   Thumb Code     2  startup_tm4c123.o(.text)
    TIMER5A_Handler                          0x00000a15   Thumb Code     2  startup_tm4c123.o(.text)
    TIMER5B_Handler                          0x00000a17   Thumb Code     2  startup_tm4c123.o(.text)
    WTIMER0A_Handler                         0x00000a19   Thumb Code     2  startup_tm4c123.o(.text)
    WTIMER0B_Handler                         0x00000a1b   Thumb Code     2  startup_tm4c123.o(.text)
    WTIMER1A_Handler                         0x00000a1d   Thumb Code     2  startup_tm4c123.o(.text)
    WTIMER1B_Handler                         0x00000a1f   Thumb Code     2  startup_tm4c123.o(.text)
    WTIMER2A_Handler                         0x00000a21   Thumb Code     2  startup_tm4c123.o(.text)
    WTIMER2B_Handler                         0x00000a23   Thumb Code     2  startup_tm4c123.o(.text)
    WTIMER3A_Handler                         0x00000a25   Thumb Code     2  startup_tm4c123.o(.text)
    WTIMER3B_Handler                         0x00000a27   Thumb Code     2  startup_tm4c123.o(.text)
    WTIMER4A_Handler                         0x00000a29   Thumb Code     2  startup_tm4c123.o(.text)
    WTIMER4B_Handler                         0x00000a2b   Thumb Code     2  startup_tm4c123.o(.text)
    WTIMER5A_Handler                         0x00000a2d   Thumb Code     2  startup_tm4c123.o(.text)
    WTIMER5B_Handler                         0x00000a2f   Thumb Code     2  startup_tm4c123.o(.text)
    FPU_Handler                              0x00000a31   Thumb Code     2  startup_tm4c123.o(.text)
    I2C4_Handler                             0x00000a33   Thumb Code     2  startup_tm4c123.o(.text)
    I2C5_Handler                             0x00000a35   Thumb Code     2  startup_tm4c123.o(.text)
    GPIOM_Handler                            0x00000a37   Thumb Code     2  startup_tm4c123.o(.text)
    GPION_Handler                            0x00000a39   Thumb Code     2  startup_tm4c123.o(.text)
    QEI2_Handler                             0x00000a3b   Thumb Code     2  startup_tm4c123.o(.text)
    GPIOP0_Handler                           0x00000a3d   Thumb Code     2  startup_tm4c123.o(.text)
    GPIOP1_Handler                           0x00000a3f   Thumb Code     2  startup_tm4c123.o(.text)
    GPIOP2_Handler                           0x00000a41   Thumb Code     2  startup_tm4c123.o(.text)
    GPIOP3_Handler                           0x00000a43   Thumb Code     2  startup_tm4c123.o(.text)
    GPIOP4_Handler                           0x00000a45   Thumb Code     2  startup_tm4c123.o(.text)
    GPIOP5_Handler                           0x00000a47   Thumb Code     2  startup_tm4c123.o(.text)
    GPIOP6_Handler                           0x00000a49   Thumb Code     2  startup_tm4c123.o(.text)
    GPIOP7_Handler                           0x00000a4b   Thumb Code     2  startup_tm4c123.o(.text)
    GPIOQ0_Handler                           0x00000a4d   Thumb Code     2  startup_tm4c123.o(.text)
    GPIOQ1_Handler                           0x00000a4f   Thumb Code     2  startup_tm4c123.o(.text)
    GPIOQ2_Handler                           0x00000a51   Thumb Code     2  startup_tm4c123.o(.text)
    GPIOQ3_Handler                           0x00000a53   Thumb Code     2  startup_tm4c123.o(.text)
    GPIOQ4_Handler                           0x00000a55   Thumb Code     2  startup_tm4c123.o(.text)
    GPIOQ5_Handler                           0x00000a57   Thumb Code     2  startup_tm4c123.o(.text)
    GPIOQ6_Handler                           0x00000a59   Thumb Code     2  startup_tm4c123.o(.text)
    GPIOQ7_Handler                           0x00000a5b   Thumb Code     2  startup_tm4c123.o(.text)
    GPIOR_Handler                            0x00000a5d   Thumb Code     2  startup_tm4c123.o(.text)
    GPIOS_Handler                            0x00000a5f   Thumb Code     2  startup_tm4c123.o(.text)
    PMW1_0_Handler                           0x00000a61   Thumb Code     2  startup_tm4c123.o(.text)
    PWM1_1_Handler                           0x00000a63   Thumb Code     2  startup_tm4c123.o(.text)
    PWM1_2_Handler                           0x00000a65   Thumb Code     2  startup_tm4c123.o(.text)
    PWM1_3_Handler                           0x00000a67   Thumb Code     2  startup_tm4c123.o(.text)
    PWM1_FAULT_Handler                       0x00000a69   Thumb Code     2  startup_tm4c123.o(.text)
    SystemCoreClockUpdate                    0x00000b2b   Thumb Code   184  system_tm4c123.o(.text)
    SystemInit                               0x00000be3   Thumb Code   112  system_tm4c123.o(.text)
    put_string                               0x00000cc1   Thumb Code    34  validate_uart.o(.text)
    validate_print_ice_validation_info_start 0x00000ce3   Thumb Code    68  validate_uart.o(.text)
    validate_print_ice_validation_info_end   0x00000d27   Thumb Code    68  validate_uart.o(.text)
    staff_uart_config_gpio                   0x00000de9   Thumb Code    82  validate_uart.o(.text)
    staff_uart_config_polling                0x00000e3b   Thumb Code    68  validate_uart.o(.text)
    validate_uart_baud_rate                  0x00000e7f   Thumb Code    26  validate_uart.o(.text)
    validate_uart_line_control               0x00000e99   Thumb Code    18  validate_uart.o(.text)
    validate_uart_interrupt_mask             0x00000eab   Thumb Code    18  validate_uart.o(.text)
    validate_uart_control                    0x00000ebd   Thumb Code    18  validate_uart.o(.text)
    validate_uart_interrupts_enabled         0x00000ecf   Thumb Code    44  validate_uart.o(.text)
    put_char                                 0x00000efb   Thumb Code    20  validate_uart.o(.text)
    get_char                                 0x00000f0f   Thumb Code    62  validate_uart.o(.text)
    get_string                               0x00000f4d   Thumb Code    40  validate_uart.o(.text)
    initialize_serial_debug                  0x00000f75   Thumb Code    12  validate_uart.o(.text)
    print_test_status                        0x00000f81   Thumb Code    52  validate_uart.o(.text)
    validate_uart                            0x00000fb5   Thumb Code   126  validate_uart.o(.text)
    validate_gpio_rcgc                       0x000011e5   Thumb Code    26  validate_sysctl.o(.text)
    validate_adc_rcgc                        0x000011ff   Thumb Code    28  validate_sysctl.o(.text)
    validate_gpt_rcgc                        0x0000121b   Thumb Code    28  validate_sysctl.o(.text)
    validate_uart_rcgc                       0x00001237   Thumb Code    28  validate_sysctl.o(.text)
    validate_spi_rcgc                        0x00001253   Thumb Code    28  validate_sysctl.o(.text)
    __aeabi_uidiv                            0x0000128d   Thumb Code     0  uidiv.o(.text)
    __aeabi_uidivmod                         0x0000128d   Thumb Code    44  uidiv.o(.text)
    __scatterload                            0x000012b9   Thumb Code    28  init.o(.text)
    __scatterload_rt2                        0x000012b9   Thumb Code     0  init.o(.text)
    __0sprintf$6                             0x000012dd   Thumb Code    34  printf6.o(i.__0sprintf$6)
    __1sprintf$6                             0x000012dd   Thumb Code     0  printf6.o(i.__0sprintf$6)
    __2sprintf                               0x000012dd   Thumb Code     0  printf6.o(i.__0sprintf$6)
    __scatterload_copy                       0x00001305   Thumb Code    14  handlers.o(i.__scatterload_copy)
    __scatterload_null                       0x00001313   Thumb Code     2  handlers.o(i.__scatterload_null)
    __scatterload_zeroinit                   0x00001315   Thumb Code    14  handlers.o(i.__scatterload_zeroinit)
    Region$$Table$$Base                      0x000016cc   Number         0  anon$$obj.o(Region$$Table)
    Region$$Table$$Limit                     0x000016ec   Number         0  anon$$obj.o(Region$$Table)
    SystemCoreClock                          0x20000000   Data           4  system_tm4c123.o(.data)
    __initial_sp                             0x20000208   Data           0  startup_tm4c123.o(STACK)



==============================================================================

Memory Map of the image

  Image Entry point : 0x00000979

  Load Region LR_1 (Base: 0x00000000, Size: 0x000016f0, Max: 0xffffffff, ABSOLUTE)

    Execution Region ER_RO (Exec base: 0x00000000, Load base: 0x00000000, Size: 0x000016ec, Max: 0xffffffff, ABSOLUTE)

    Exec Addr    Load Addr    Size         Type   Attr      Idx    E Section Name        Object

    0x00000000   0x00000000   0x0000026c   Data   RO          211    RESET               startup_tm4c123.o
    0x0000026c   0x0000026c   0x00000000   Code   RO          355  * .ARM.Collect$$$$00000000  mc_w.l(entry.o)
    0x0000026c   0x0000026c   0x00000004   Code   RO          619    .ARM.Collect$$$$00000001  mc_w.l(entry2.o)
    0x00000270   0x00000270   0x00000004   Code   RO          622    .ARM.Collect$$$$00000004  mc_w.l(entry5.o)
    0x00000274   0x00000274   0x00000000   Code   RO          624    .ARM.Collect$$$$00000008  mc_w.l(entry7b.o)
    0x00000274   0x00000274   0x00000000   Code   RO          626    .ARM.Collect$$$$0000000A  mc_w.l(entry8b.o)
    0x00000274   0x00000274   0x00000008   Code   RO          627    .ARM.Collect$$$$0000000B  mc_w.l(entry9a.o)
    0x0000027c   0x0000027c   0x00000000   Code   RO          629    .ARM.Collect$$$$0000000D  mc_w.l(entry10a.o)
    0x0000027c   0x0000027c   0x00000000   Code   RO          631    .ARM.Collect$$$$0000000F  mc_w.l(entry11a.o)
    0x0000027c   0x0000027c   0x00000004   Code   RO          620    .ARM.Collect$$$$00002712  mc_w.l(entry2.o)
    0x00000280   0x00000280   0x00000078   Code   RO            4    .text               main.o
    0x000002f8   0x000002f8   0x000002a4   Code   RO           88    .text               gpio_port.o
    0x0000059c   0x0000059c   0x0000018c   Code   RO          140    .text               spi.o
    0x00000728   0x00000728   0x000000a4   Code   RO          164    .text               spi_select.o
    0x000007cc   0x000007cc   0x000001ac   Code   RO          188    .text               accel.o
    0x00000978   0x00000978   0x000000fc   Code   RO          212  * .text               startup_tm4c123.o
    0x00000a74   0x00000a74   0x0000024c   Code   RO          219    .text               system_tm4c123.o
    0x00000cc0   0x00000cc0   0x00000400   Code   RO          252    .text               ECE353-Validate.lib(validate_uart.o)
    0x000010c0   0x000010c0   0x000001cc   Code   RO          334    .text               ECE353-Validate.lib(validate_sysctl.o)
    0x0000128c   0x0000128c   0x0000002c   Code   RO          636    .text               mc_w.l(uidiv.o)
    0x000012b8   0x000012b8   0x00000024   Code   RO          651    .text               mc_w.l(init.o)
    0x000012dc   0x000012dc   0x00000028   Code   RO          515    i.__0sprintf$6      mc_w.l(printf6.o)
    0x00001304   0x00001304   0x0000000e   Code   RO          665    i.__scatterload_copy  mc_w.l(handlers.o)
    0x00001312   0x00001312   0x00000002   Code   RO          666    i.__scatterload_null  mc_w.l(handlers.o)
    0x00001314   0x00001314   0x0000000e   Code   RO          667    i.__scatterload_zeroinit  mc_w.l(handlers.o)
    0x00001322   0x00001322   0x00000002   PAD
    0x00001324   0x00001324   0x000002f0   Code   RO          520    i._printf_core      mc_w.l(printf6.o)
    0x00001614   0x00001614   0x00000024   Code   RO          521    i._printf_post_padding  mc_w.l(printf6.o)
    0x00001638   0x00001638   0x0000002e   Code   RO          522    i._printf_pre_padding  mc_w.l(printf6.o)
    0x00001666   0x00001666   0x0000000a   Code   RO          524    i._sputc            mc_w.l(printf6.o)
    0x00001670   0x00001670   0x0000005c   Data   RO          253    .conststring        ECE353-Validate.lib(validate_uart.o)
    0x000016cc   0x000016cc   0x00000020   Data   RO          663    Region$$Table       anon$$obj.o


    Execution Region ER_RW (Exec base: 0x20000000, Load base: 0x000016ec, Size: 0x00000004, Max: 0xffffffff, ABSOLUTE)

    Exec Addr    Load Addr    Size         Type   Attr      Idx    E Section Name        Object

    0x20000000   0x000016ec   0x00000004   Data   RW          220    .data               system_tm4c123.o


    Execution Region ER_ZI (Exec base: 0x20000004, Load base: 0x000016f0, Size: 0x00000204, Max: 0xffffffff, ABSOLUTE)

    Exec Addr    Load Addr    Size         Type   Attr      Idx    E Section Name        Object

    0x20000004   0x000016f0   0x00000004   PAD
    0x20000008        -       0x00000200   Zero   RW          209    STACK               startup_tm4c123.o


==============================================================================

Image component sizes


      Code (inc. data)   RO Data    RW Data    ZI Data      Debug   Object Name

       428          8          0          0          0       2038   accel.o
       676         32          0          0          0       5250   gpio_port.o
       120         28          0          0          0      28211   main.o
       396         26          0          0          0       1877   spi.o
       164         10          0          0          0        877   spi_select.o
       252         10        620          0        512       5444   startup_tm4c123.o
       588        134          0          4          0       1561   system_tm4c123.o

    ----------------------------------------------------------------------
      2624        248        652          4        516      45258   Object Totals
         0          0         32          0          0          0   (incl. Generated)
         0          0          0          0          4          0   (incl. Padding)

    ----------------------------------------------------------------------

      Code (inc. data)   RO Data    RW Data    ZI Data      Debug   Library Member Name

       460         38          0          0          0       2598   validate_sysctl.o
      1024        150         92          0          0      31422   validate_uart.o
         0          0          0          0          0          0   entry.o
         0          0          0          0          0          0   entry10a.o
         0          0          0          0          0          0   entry11a.o
         8          4          0          0          0          0   entry2.o
         4          0          0          0          0          0   entry5.o
         0          0          0          0          0          0   entry7b.o
         0          0          0          0          0          0   entry8b.o
         8          4          0          0          0          0   entry9a.o
        30          0          0          0          0          0   handlers.o
        36          8          0          0          0         68   init.o
       884         10          0          0          0        420   printf6.o
        44          0          0          0          0         80   uidiv.o

    ----------------------------------------------------------------------
      2500        214         92          0          0      34588   Library Totals
         2          0          0          0          0          0   (incl. Padding)

    ----------------------------------------------------------------------

      Code (inc. data)   RO Data    RW Data    ZI Data      Debug   Library Name

      1484        188         92          0          0      34020   ECE353-Validate.lib
      1014         26          0          0          0        568   mc_w.l

    ----------------------------------------------------------------------
      2500        214         92          0          0      34588   Library Totals

    ----------------------------------------------------------------------

==============================================================================


      Code (inc. data)   RO Data    RW Data    ZI Data      Debug   

      5124        462        744          4        516      78642   Grand Totals
      5124        462        744          4        516      78642   ELF Image Totals
      5124        462        744          4          0          0   ROM Totals

==============================================================================

    Total RO  Size (Code + RO Data)                 5868 (   5.73kB)
    Total RW  Size (RW Data + ZI Data)               520 (   0.51kB)
    Total ROM Size (Code + RO Data + RW Data)       5872 (   5.73kB)

==============================================================================

