<html>
<body>
<pre>
<h1>µVision Build Log</h1>
<h2>Tool Versions:</h2>
IDE-Version: µVision V5.24.2.0
Copyright (C) 2017 ARM Ltd and ARM Germany GmbH. All rights reserved.
License Information: UW Madison CAE Flex license: MDK-ARM Professional: 100 user(s) (mdk_pro) Operation stops: 20 Nov 2020
 
Tool Versions:
Toolchain:       MDK-ARM Professional: 100 user(s)  Version: 5.24.1
Toolchain Path:  C:\Keil_v5\ARM\ARMCC\Bin
C Compiler:      Armcc.exe V5.06 update 5 (build 528)
Assembler:       Armasm.exe V5.06 update 5 (build 528)
Linker/Locator:  ArmLink.exe V5.06 update 5 (build 528)
Library Manager: ArmAr.exe V5.06 update 5 (build 528)
Hex Converter:   FromElf.exe V5.06 update 5 (build 528)
CPU DLL:         SARMCM3.DLL V5.24.1
Dialog DLL:      DCM.DLL V1.16.0.0
Target DLL:      lmidk-agdi.dll V???
Dialog DLL:      TCM.DLL V1.32.0.0
 
<h2>Project:</h2>
I:\School\ECE353\tristian_ICE_Distribution\ICE-18-I2C-FT6206\ICE-I2C-FT6206.uvprojx
Project File Date:  12/07/2019

<h2>Output:</h2>
*** Using Compiler 'V5.06 update 5 (build 528)', folder: 'C:\Keil_v5\ARM\ARMCC\Bin'
Rebuild target 'ICE-I2C-FT6206'
compiling pc_buffer.c...
compiling i2c.c...
compiling gpio_port.c...
compiling uart.c...
compiling main.c...
main.c(75): warning:  #177-D: variable "td_status"  was declared but never referenced
    i2c_status_t td_status;
main.c(76): warning:  #177-D: variable "x_status"  was declared but never referenced
    i2c_status_t x_status;
main.c(77): warning:  #177-D: variable "y_status"  was declared but never referenced
    i2c_status_t y_status;
main.c: 3 warnings, 0 errors
compiling timers.c...
assembling startup_TM4C123.s...
compiling ft6x06.c...
..\peripherals\c\ft6x06.c(59): warning:  #188-D: enumerated type mixed with another type
  	return I2CMasterDatAck(i2c_base);
..\peripherals\c\ft6x06.c(72): warning:  #550-D: variable "s"  was set but never used
  	i2c_status_t s;
..\peripherals\c\ft6x06.c(91): warning:  #550-D: variable "s"  was set but never used
  	i2c_status_t s;
..\peripherals\c\ft6x06.c(108): warning:  #550-D: variable "s"  was set but never used
  	i2c_status_t s;
..\peripherals\c\ft6x06.c: 4 warnings, 0 errors
compiling system_TM4C123.c...
compiling serial_debug.c...
linking...
Program Size: Code=16140 RO-data=744 RW-data=952 ZI-data=8232  
".\obj\ece353_base_project.axf" - 0 Error(s), 7 Warning(s).

<h2>Software Packages used:</h2>

Package Vendor: ARM
                http://www.keil.com/pack/ARM.CMSIS.5.0.1.pack
                ARM.CMSIS.5.0.1
                CMSIS (Cortex Microcontroller Software Interface Standard)
   * Component: CORE Version: 5.0.1

Package Vendor: Keil
                http://www.keil.com/pack/Keil.TM4C_DFP.1.1.0.pack
                Keil.TM4C_DFP.1.1.0
                Texas Instruments Tiva C Series Device Support and Examples
   * Component: Startup Version: 1.0.1

<h2>Collection of Component include folders:</h2>
  .\RTE\_ICE-I2C-FT6206
  C:\Keil_v5\ARM\PACK\ARM\CMSIS\5.0.1\CMSIS\Include
  C:\Keil_v5\ARM\PACK\Keil\TM4C_DFP\1.1.0\Device\Include\TM4C123

<h2>Collection of Component Files used:</h2>

   * Component: Keil::Device:Startup:1.0.1
      Include file:  Device\Include\TM4C123\TM4C123.h
      Source file:   Device\Source\system_TM4C123.c
      Source file:   Device\Source\ARM\startup_TM4C123.s

   * Component: ARM::CMSIS:CORE:5.0.1
Build Time Elapsed:  00:00:03
</pre>
</body>
</html>
