Component: ARM Compiler 5.06 update 6 (build 750) Tool: armlink [4d35ed]

==============================================================================

Section Cross References

    main.o(.text) refers to gpio_port.o(.text) for gpio_enable_port
    main.o(.text) refers to memcpya.o(.text) for __aeabi_memcpy4
    main.o(.text) refers to uart.o(.text) for uart_init
    main.o(.text) refers to board_setup.o(.text) for validate_ice
    startup_tm4c123.o(RESET) refers to startup_tm4c123.o(STACK) for __initial_sp
    startup_tm4c123.o(RESET) refers to startup_tm4c123.o(.text) for Reset_Handler
    startup_tm4c123.o(.text) refers to system_tm4c123.o(.text) for SystemInit
    startup_tm4c123.o(.text) refers to entry.o(.ARM.Collect$$$$00000000) for __main
    system_tm4c123.o(.text) refers to system_tm4c123.o(.data) for SystemCoreClock
    board_setup.o(.text) refers to ice_intro_to_c.o(.text) for ice_validate_intro_to_c
    board_setup.o(.text) refers to ice_pc_buffer.o(.text) for ice_validate_pc_buffer
    board_setup.o(.text) refers to ice_gpiof.o(.text) for ice_validate_gpiof
    board_setup.o(.text) refers to validate_led.o(.text) for validate_LED_set_failure
    board_setup.o(.text) refers to ice_gpio_port.o(.text) for ice_validate_gpio_port
    board_setup.o(.text) refers to ice_adc.o(.text) for ice_validate_adc
    board_setup.o(.text) refers to ice_gpt.o(.text) for ice_validate_gpt
    board_setup.o(.text) refers to ice_systick.o(.text) for ice_validate_systick
    board_setup.o(.text) refers to ice_uart_polling.o(.text) for ice_validate_uart_polling
    board_setup.o(.text) refers to ice_uart_rx_irq.o(.text) for ice_validate_uart_rx
    board_setup.o(.text) refers to ice_uart_tx_irq.o(.text) for ice_validate_uart_tx
    board_setup.o(.text) refers to ice_lcd.o(.text) for ice_validate_lcd
    board_setup.o(.text) refers to ice_spi_nordic.o(.text) for ice_validate_spi_nordic
    board_setup.o(.text) refers to ice_i2c_ft6206.o(.text) for ice_validate_ft6206
    board_setup.o(.text) refers to ice_i2c_eeprom.o(.text) for ice_validate_i2c_eeprom
    ice_adc.o(.text) refers to printf6.o(i.__0sprintf$6) for __2sprintf
    ice_adc.o(.text) refers to validate_uart.o(.text) for validate_print_ice_validation_info_start
    ice_adc.o(.text) refers to validate_gpio.o(.text) for validate_gpio_pin
    ice_adc.o(.text) refers to validate_adc.o(.text) for validate_adc
    ice_adc.o(.text) refers to ice_adc.o(.data) for ps2_x
    ice_gpio_port.o(.text) refers to printf6.o(i.__0sprintf$6) for __2sprintf
    ice_gpio_port.o(.text) refers to validate_uart.o(.text) for validate_print_ice_validation_info_start
    ice_gpio_port.o(.text) refers to validate_gpio.o(.text) for validate_gpio_pin
    ice_gpio_port.o(.text) refers to ice_gpio_port.o(.data) for lcd_data
    ice_gpiof.o(.text) refers to validate_uart.o(.text) for initialize_serial_debug
    ice_gpiof.o(.text) refers to validate_gpio.o(.text) for validate_gpio_pin
    ice_gpiof.o(.text) refers to ice_gpiof.o(.data) for red
    ice_gpt.o(.text) refers to printf6.o(i.__0sprintf$6) for __2sprintf
    ice_gpt.o(.text) refers to validate_uart.o(.text) for validate_print_ice_validation_info_start
    ice_gpt.o(.text) refers to validate_gp_timer.o(.text) for validate_gp_timer
    ice_systick.o(.text) refers to printf6.o(i.__0sprintf$6) for __2sprintf
    ice_systick.o(.text) refers to validate_uart.o(.text) for validate_print_ice_validation_info_start
    ice_systick.o(.text) refers to validate_gpio.o(.text) for validate_gpio_pin
    ice_systick.o(.text) refers to validate_adc.o(.text) for validate_adc
    ice_systick.o(.text) refers to ice_systick.o(.data) for green
    ice_uart_rx_irq.o(.text) refers to validate_gpio.o(.text) for validate_gpio_pin
    ice_uart_rx_irq.o(.text) refers to validate_uart.o(.text) for validate_uart
    ice_uart_rx_irq.o(.text) refers to ice_uart_rx_irq.o(.data) for Tx
    ice_lcd.o(.text) refers to validate_gpio.o(.text) for validate_gpio_pin
    ice_lcd.o(.text) refers to validate_spi.o(.text) for validate_spi
    ice_lcd.o(.text) refers to validate_uart.o(.text) for validate_print_ice_validation_info_start
    ice_lcd.o(.text) refers to ice_lcd.o(.data) for SPI_CLK
    ice_uart_tx_irq.o(.text) refers to validate_gpio.o(.text) for validate_gpio_pin
    ice_uart_tx_irq.o(.text) refers to validate_uart.o(.text) for validate_uart
    ice_uart_tx_irq.o(.text) refers to ice_uart_tx_irq.o(.data) for Tx
    ice_spi_nordic.o(.text) refers to validate_gpio.o(.text) for validate_gpio_pin
    ice_spi_nordic.o(.text) refers to validate_spi.o(.text) for validate_spi
    ice_spi_nordic.o(.text) refers to validate_uart.o(.text) for validate_print_ice_validation_info_start
    ice_spi_nordic.o(.text) refers to ice_spi_nordic.o(.data) for SPI_CLK
    ice_pc_buffer.o(.text) refers to validate_uart.o(.text) for initialize_serial_debug
    ice_intro_to_c.o(.text) refers to validate_uart.o(.text) for initialize_serial_debug
    ice_uart_polling.o(.text) refers to printf6.o(i.__0sprintf$6) for __2sprintf
    ice_uart_polling.o(.text) refers to validate_uart.o(.text) for validate_print_ice_validation_info_start
    ice_uart_polling.o(.text) refers to validate_gpio.o(.text) for validate_gpio_pin
    ice_uart_polling.o(.text) refers to ice_uart_polling.o(.data) for Tx
    ice_i2c_eeprom.o(.text) refers to printf6.o(i.__0sprintf$6) for __2sprintf
    ice_i2c_eeprom.o(.text) refers to validate_uart.o(.text) for validate_print_ice_validation_info_start
    ice_i2c_eeprom.o(.text) refers to validate_gpio.o(.text) for validate_gpio_pin
    ice_i2c_eeprom.o(.text) refers to ice_uart_tx_irq.o(.text) for ice_validate_uart_tx
    ice_i2c_eeprom.o(.text) refers to ice_i2c_eeprom.o(.data) for SCL
    ice_i2c_ft6206.o(.text) refers to printf6.o(i.__0sprintf$6) for __2sprintf
    ice_i2c_ft6206.o(.text) refers to validate_uart.o(.text) for validate_print_ice_validation_info_start
    ice_i2c_ft6206.o(.text) refers to validate_gpio.o(.text) for validate_gpio_pin
    ice_i2c_ft6206.o(.text) refers to ice_uart_tx_irq.o(.text) for ice_validate_uart_tx
    ice_i2c_ft6206.o(.text) refers to ice_gpt.o(.text) for ice_validate_gpt
    ice_i2c_ft6206.o(.text) refers to ice_i2c_ft6206.o(.data) for SCL
    validate_adc.o(.text) refers to validate_sysctl.o(.text) for validate_adc_rcgc
    validate_gpio.o(.text) refers to validate_sysctl.o(.text) for validate_gpio_rcgc
    validate_uart.o(.text) refers to printf6.o(i.__0sprintf$6) for __2sprintf
    validate_uart.o(.text) refers to validate_sysctl.o(.text) for validate_uart_rcgc
    validate_uart.o(.text) refers to validate_uart.o(.conststring) for .conststring
    validate_gp_timer.o(.text) refers to validate_sysctl.o(.text) for validate_gpt_rcgc
    validate_spi.o(.text) refers to validate_sysctl.o(.text) for validate_spi_rcgc
    entry.o(.ARM.Collect$$$$00000000) refers (Special) to entry10a.o(.ARM.Collect$$$$0000000D) for __rt_final_cpp
    entry.o(.ARM.Collect$$$$00000000) refers (Special) to entry11a.o(.ARM.Collect$$$$0000000F) for __rt_final_exit
    entry.o(.ARM.Collect$$$$00000000) refers (Special) to entry7b.o(.ARM.Collect$$$$00000008) for _main_clock
    entry.o(.ARM.Collect$$$$00000000) refers (Special) to entry8b.o(.ARM.Collect$$$$0000000A) for _main_cpp_init
    entry.o(.ARM.Collect$$$$00000000) refers (Special) to entry9a.o(.ARM.Collect$$$$0000000B) for _main_init
    entry.o(.ARM.Collect$$$$00000000) refers (Special) to entry5.o(.ARM.Collect$$$$00000004) for _main_scatterload
    entry.o(.ARM.Collect$$$$00000000) refers (Special) to entry2.o(.ARM.Collect$$$$00000001) for _main_stk
    printfb.o(i.__0fprintf$bare) refers to printfb.o(i._printf_core) for _printf_core
    printfb.o(i.__0fprintf$bare) refers to fputc.o(i.fputc) for fputc
    printfb.o(i.__0printf$bare) refers to printfb.o(i._printf_core) for _printf_core
    printfb.o(i.__0printf$bare) refers to fputc.o(i.fputc) for fputc
    printfb.o(i.__0printf$bare) refers to stdout.o(.data) for __stdout
    printfb.o(i.__0snprintf$bare) refers to printfb.o(i._printf_core) for _printf_core
    printfb.o(i.__0snprintf$bare) refers to printfb.o(i._snputc) for _snputc
    printfb.o(i.__0sprintf$bare) refers to printfb.o(i._printf_core) for _printf_core
    printfb.o(i.__0sprintf$bare) refers to printfb.o(i._sputc) for _sputc
    printfb.o(i.__0vfprintf$bare) refers to printfb.o(i._printf_core) for _printf_core
    printfb.o(i.__0vfprintf$bare) refers to fputc.o(i.fputc) for fputc
    printfb.o(i.__0vprintf$bare) refers to printfb.o(i._printf_core) for _printf_core
    printfb.o(i.__0vprintf$bare) refers to fputc.o(i.fputc) for fputc
    printfb.o(i.__0vprintf$bare) refers to stdout.o(.data) for __stdout
    printfb.o(i.__0vsnprintf$bare) refers to printfb.o(i._printf_core) for _printf_core
    printfb.o(i.__0vsnprintf$bare) refers to printfb.o(i._snputc) for _snputc
    printfb.o(i.__0vsprintf$bare) refers to printfb.o(i._printf_core) for _printf_core
    printfb.o(i.__0vsprintf$bare) refers to printfb.o(i._sputc) for _sputc
    printf0.o(i.__0fprintf$0) refers to printf0.o(i._printf_core) for _printf_core
    printf0.o(i.__0fprintf$0) refers to fputc.o(i.fputc) for fputc
    printf0.o(i.__0printf$0) refers to printf0.o(i._printf_core) for _printf_core
    printf0.o(i.__0printf$0) refers to fputc.o(i.fputc) for fputc
    printf0.o(i.__0printf$0) refers to stdout.o(.data) for __stdout
    printf0.o(i.__0snprintf$0) refers to printf0.o(i._printf_core) for _printf_core
    printf0.o(i.__0snprintf$0) refers to printf0.o(i._snputc) for _snputc
    printf0.o(i.__0sprintf$0) refers to printf0.o(i._printf_core) for _printf_core
    printf0.o(i.__0sprintf$0) refers to printf0.o(i._sputc) for _sputc
    printf0.o(i.__0vfprintf$0) refers to printf0.o(i._printf_core) for _printf_core
    printf0.o(i.__0vfprintf$0) refers to fputc.o(i.fputc) for fputc
    printf0.o(i.__0vprintf$0) refers to printf0.o(i._printf_core) for _printf_core
    printf0.o(i.__0vprintf$0) refers to fputc.o(i.fputc) for fputc
    printf0.o(i.__0vprintf$0) refers to stdout.o(.data) for __stdout
    printf0.o(i.__0vsnprintf$0) refers to printf0.o(i._printf_core) for _printf_core
    printf0.o(i.__0vsnprintf$0) refers to printf0.o(i._snputc) for _snputc
    printf0.o(i.__0vsprintf$0) refers to printf0.o(i._printf_core) for _printf_core
    printf0.o(i.__0vsprintf$0) refers to printf0.o(i._sputc) for _sputc
    printf1.o(i.__0fprintf$1) refers to printf1.o(i._printf_core) for _printf_core
    printf1.o(i.__0fprintf$1) refers to fputc.o(i.fputc) for fputc
    printf1.o(i.__0printf$1) refers to printf1.o(i._printf_core) for _printf_core
    printf1.o(i.__0printf$1) refers to fputc.o(i.fputc) for fputc
    printf1.o(i.__0printf$1) refers to stdout.o(.data) for __stdout
    printf1.o(i.__0snprintf$1) refers to printf1.o(i._printf_core) for _printf_core
    printf1.o(i.__0snprintf$1) refers to printf1.o(i._snputc) for _snputc
    printf1.o(i.__0sprintf$1) refers to printf1.o(i._printf_core) for _printf_core
    printf1.o(i.__0sprintf$1) refers to printf1.o(i._sputc) for _sputc
    printf1.o(i.__0vfprintf$1) refers to printf1.o(i._printf_core) for _printf_core
    printf1.o(i.__0vfprintf$1) refers to fputc.o(i.fputc) for fputc
    printf1.o(i.__0vprintf$1) refers to printf1.o(i._printf_core) for _printf_core
    printf1.o(i.__0vprintf$1) refers to fputc.o(i.fputc) for fputc
    printf1.o(i.__0vprintf$1) refers to stdout.o(.data) for __stdout
    printf1.o(i.__0vsnprintf$1) refers to printf1.o(i._printf_core) for _printf_core
    printf1.o(i.__0vsnprintf$1) refers to printf1.o(i._snputc) for _snputc
    printf1.o(i.__0vsprintf$1) refers to printf1.o(i._printf_core) for _printf_core
    printf1.o(i.__0vsprintf$1) refers to printf1.o(i._sputc) for _sputc
    printf1.o(i._printf_core) refers to uidiv.o(.text) for __aeabi_uidivmod
    printf2.o(i.__0fprintf$2) refers to printf2.o(i._printf_core) for _printf_core
    printf2.o(i.__0fprintf$2) refers to fputc.o(i.fputc) for fputc
    printf2.o(i.__0printf$2) refers to printf2.o(i._printf_core) for _printf_core
    printf2.o(i.__0printf$2) refers to fputc.o(i.fputc) for fputc
    printf2.o(i.__0printf$2) refers to stdout.o(.data) for __stdout
    printf2.o(i.__0snprintf$2) refers to printf2.o(i._printf_core) for _printf_core
    printf2.o(i.__0snprintf$2) refers to printf2.o(i._snputc) for _snputc
    printf2.o(i.__0sprintf$2) refers to printf2.o(i._printf_core) for _printf_core
    printf2.o(i.__0sprintf$2) refers to printf2.o(i._sputc) for _sputc
    printf2.o(i.__0vfprintf$2) refers to printf2.o(i._printf_core) for _printf_core
    printf2.o(i.__0vfprintf$2) refers to fputc.o(i.fputc) for fputc
    printf2.o(i.__0vprintf$2) refers to printf2.o(i._printf_core) for _printf_core
    printf2.o(i.__0vprintf$2) refers to fputc.o(i.fputc) for fputc
    printf2.o(i.__0vprintf$2) refers to stdout.o(.data) for __stdout
    printf2.o(i.__0vsnprintf$2) refers to printf2.o(i._printf_core) for _printf_core
    printf2.o(i.__0vsnprintf$2) refers to printf2.o(i._snputc) for _snputc
    printf2.o(i.__0vsprintf$2) refers to printf2.o(i._printf_core) for _printf_core
    printf2.o(i.__0vsprintf$2) refers to printf2.o(i._sputc) for _sputc
    printf3.o(i.__0fprintf$3) refers to printf3.o(i._printf_core) for _printf_core
    printf3.o(i.__0fprintf$3) refers to fputc.o(i.fputc) for fputc
    printf3.o(i.__0printf$3) refers to printf3.o(i._printf_core) for _printf_core
    printf3.o(i.__0printf$3) refers to fputc.o(i.fputc) for fputc
    printf3.o(i.__0printf$3) refers to stdout.o(.data) for __stdout
    printf3.o(i.__0snprintf$3) refers to printf3.o(i._printf_core) for _printf_core
    printf3.o(i.__0snprintf$3) refers to printf3.o(i._snputc) for _snputc
    printf3.o(i.__0sprintf$3) refers to printf3.o(i._printf_core) for _printf_core
    printf3.o(i.__0sprintf$3) refers to printf3.o(i._sputc) for _sputc
    printf3.o(i.__0vfprintf$3) refers to printf3.o(i._printf_core) for _printf_core
    printf3.o(i.__0vfprintf$3) refers to fputc.o(i.fputc) for fputc
    printf3.o(i.__0vprintf$3) refers to printf3.o(i._printf_core) for _printf_core
    printf3.o(i.__0vprintf$3) refers to fputc.o(i.fputc) for fputc
    printf3.o(i.__0vprintf$3) refers to stdout.o(.data) for __stdout
    printf3.o(i.__0vsnprintf$3) refers to printf3.o(i._printf_core) for _printf_core
    printf3.o(i.__0vsnprintf$3) refers to printf3.o(i._snputc) for _snputc
    printf3.o(i.__0vsprintf$3) refers to printf3.o(i._printf_core) for _printf_core
    printf3.o(i.__0vsprintf$3) refers to printf3.o(i._sputc) for _sputc
    printf3.o(i._printf_core) refers to uidiv.o(.text) for __aeabi_uidivmod
    printf4.o(i.__0fprintf$4) refers to printf4.o(i._printf_core) for _printf_core
    printf4.o(i.__0fprintf$4) refers to fputc.o(i.fputc) for fputc
    printf4.o(i.__0printf$4) refers to printf4.o(i._printf_core) for _printf_core
    printf4.o(i.__0printf$4) refers to fputc.o(i.fputc) for fputc
    printf4.o(i.__0printf$4) refers to stdout.o(.data) for __stdout
    printf4.o(i.__0snprintf$4) refers to printf4.o(i._printf_core) for _printf_core
    printf4.o(i.__0snprintf$4) refers to printf4.o(i._snputc) for _snputc
    printf4.o(i.__0sprintf$4) refers to printf4.o(i._printf_core) for _printf_core
    printf4.o(i.__0sprintf$4) refers to printf4.o(i._sputc) for _sputc
    printf4.o(i.__0vfprintf$4) refers to printf4.o(i._printf_core) for _printf_core
    printf4.o(i.__0vfprintf$4) refers to fputc.o(i.fputc) for fputc
    printf4.o(i.__0vprintf$4) refers to printf4.o(i._printf_core) for _printf_core
    printf4.o(i.__0vprintf$4) refers to fputc.o(i.fputc) for fputc
    printf4.o(i.__0vprintf$4) refers to stdout.o(.data) for __stdout
    printf4.o(i.__0vsnprintf$4) refers to printf4.o(i._printf_core) for _printf_core
    printf4.o(i.__0vsnprintf$4) refers to printf4.o(i._snputc) for _snputc
    printf4.o(i.__0vsprintf$4) refers to printf4.o(i._printf_core) for _printf_core
    printf4.o(i.__0vsprintf$4) refers to printf4.o(i._sputc) for _sputc
    printf4.o(i._printf_core) refers to uldiv.o(.text) for __aeabi_uldivmod
    printf5.o(i.__0fprintf$5) refers to printf5.o(i._printf_core) for _printf_core
    printf5.o(i.__0fprintf$5) refers to fputc.o(i.fputc) for fputc
    printf5.o(i.__0printf$5) refers to printf5.o(i._printf_core) for _printf_core
    printf5.o(i.__0printf$5) refers to fputc.o(i.fputc) for fputc
    printf5.o(i.__0printf$5) refers to stdout.o(.data) for __stdout
    printf5.o(i.__0snprintf$5) refers to printf5.o(i._printf_core) for _printf_core
    printf5.o(i.__0snprintf$5) refers to printf5.o(i._snputc) for _snputc
    printf5.o(i.__0sprintf$5) refers to printf5.o(i._printf_core) for _printf_core
    printf5.o(i.__0sprintf$5) refers to printf5.o(i._sputc) for _sputc
    printf5.o(i.__0vfprintf$5) refers to printf5.o(i._printf_core) for _printf_core
    printf5.o(i.__0vfprintf$5) refers to fputc.o(i.fputc) for fputc
    printf5.o(i.__0vprintf$5) refers to printf5.o(i._printf_core) for _printf_core
    printf5.o(i.__0vprintf$5) refers to fputc.o(i.fputc) for fputc
    printf5.o(i.__0vprintf$5) refers to stdout.o(.data) for __stdout
    printf5.o(i.__0vsnprintf$5) refers to printf5.o(i._printf_core) for _printf_core
    printf5.o(i.__0vsnprintf$5) refers to printf5.o(i._snputc) for _snputc
    printf5.o(i.__0vsprintf$5) refers to printf5.o(i._printf_core) for _printf_core
    printf5.o(i.__0vsprintf$5) refers to printf5.o(i._sputc) for _sputc
    printf5.o(i._printf_core) refers to uldiv.o(.text) for __aeabi_uldivmod
    printf6.o(i.__0fprintf$6) refers to printf6.o(i._printf_core) for _printf_core
    printf6.o(i.__0fprintf$6) refers to fputc.o(i.fputc) for fputc
    printf6.o(i.__0printf$6) refers to printf6.o(i._printf_core) for _printf_core
    printf6.o(i.__0printf$6) refers to fputc.o(i.fputc) for fputc
    printf6.o(i.__0printf$6) refers to stdout.o(.data) for __stdout
    printf6.o(i.__0snprintf$6) refers to printf6.o(i._printf_core) for _printf_core
    printf6.o(i.__0snprintf$6) refers to printf6.o(i._snputc) for _snputc
    printf6.o(i.__0sprintf$6) refers to printf6.o(i._printf_core) for _printf_core
    printf6.o(i.__0sprintf$6) refers to printf6.o(i._sputc) for _sputc
    printf6.o(i.__0vfprintf$6) refers to printf6.o(i._printf_core) for _printf_core
    printf6.o(i.__0vfprintf$6) refers to fputc.o(i.fputc) for fputc
    printf6.o(i.__0vprintf$6) refers to printf6.o(i._printf_core) for _printf_core
    printf6.o(i.__0vprintf$6) refers to fputc.o(i.fputc) for fputc
    printf6.o(i.__0vprintf$6) refers to stdout.o(.data) for __stdout
    printf6.o(i.__0vsnprintf$6) refers to printf6.o(i._printf_core) for _printf_core
    printf6.o(i.__0vsnprintf$6) refers to printf6.o(i._snputc) for _snputc
    printf6.o(i.__0vsprintf$6) refers to printf6.o(i._printf_core) for _printf_core
    printf6.o(i.__0vsprintf$6) refers to printf6.o(i._sputc) for _sputc
    printf6.o(i._printf_core) refers to printf6.o(i._printf_pre_padding) for _printf_pre_padding
    printf6.o(i._printf_core) refers to uidiv.o(.text) for __aeabi_uidivmod
    printf6.o(i._printf_core) refers to printf6.o(i._printf_post_padding) for _printf_post_padding
    printf7.o(i.__0fprintf$7) refers to printf7.o(i._printf_core) for _printf_core
    printf7.o(i.__0fprintf$7) refers to fputc.o(i.fputc) for fputc
    printf7.o(i.__0printf$7) refers to printf7.o(i._printf_core) for _printf_core
    printf7.o(i.__0printf$7) refers to fputc.o(i.fputc) for fputc
    printf7.o(i.__0printf$7) refers to stdout.o(.data) for __stdout
    printf7.o(i.__0snprintf$7) refers to printf7.o(i._printf_core) for _printf_core
    printf7.o(i.__0snprintf$7) refers to printf7.o(i._snputc) for _snputc
    printf7.o(i.__0sprintf$7) refers to printf7.o(i._printf_core) for _printf_core
    printf7.o(i.__0sprintf$7) refers to printf7.o(i._sputc) for _sputc
    printf7.o(i.__0vfprintf$7) refers to printf7.o(i._printf_core) for _printf_core
    printf7.o(i.__0vfprintf$7) refers to fputc.o(i.fputc) for fputc
    printf7.o(i.__0vprintf$7) refers to printf7.o(i._printf_core) for _printf_core
    printf7.o(i.__0vprintf$7) refers to fputc.o(i.fputc) for fputc
    printf7.o(i.__0vprintf$7) refers to stdout.o(.data) for __stdout
    printf7.o(i.__0vsnprintf$7) refers to printf7.o(i._printf_core) for _printf_core
    printf7.o(i.__0vsnprintf$7) refers to printf7.o(i._snputc) for _snputc
    printf7.o(i.__0vsprintf$7) refers to printf7.o(i._printf_core) for _printf_core
    printf7.o(i.__0vsprintf$7) refers to printf7.o(i._sputc) for _sputc
    printf7.o(i._printf_core) refers to printf7.o(i._printf_pre_padding) for _printf_pre_padding
    printf7.o(i._printf_core) refers to uldiv.o(.text) for __aeabi_uldivmod
    printf7.o(i._printf_core) refers to printf7.o(i._printf_post_padding) for _printf_post_padding
    printf8.o(i.__0fprintf$8) refers to printf8.o(i._printf_core) for _printf_core
    printf8.o(i.__0fprintf$8) refers to fputc.o(i.fputc) for fputc
    printf8.o(i.__0printf$8) refers to printf8.o(i._printf_core) for _printf_core
    printf8.o(i.__0printf$8) refers to fputc.o(i.fputc) for fputc
    printf8.o(i.__0printf$8) refers to stdout.o(.data) for __stdout
    printf8.o(i.__0snprintf$8) refers to printf8.o(i._printf_core) for _printf_core
    printf8.o(i.__0snprintf$8) refers to printf8.o(i._snputc) for _snputc
    printf8.o(i.__0sprintf$8) refers to printf8.o(i._printf_core) for _printf_core
    printf8.o(i.__0sprintf$8) refers to printf8.o(i._sputc) for _sputc
    printf8.o(i.__0vfprintf$8) refers to printf8.o(i._printf_core) for _printf_core
    printf8.o(i.__0vfprintf$8) refers to fputc.o(i.fputc) for fputc
    printf8.o(i.__0vprintf$8) refers to printf8.o(i._printf_core) for _printf_core
    printf8.o(i.__0vprintf$8) refers to fputc.o(i.fputc) for fputc
    printf8.o(i.__0vprintf$8) refers to stdout.o(.data) for __stdout
    printf8.o(i.__0vsnprintf$8) refers to printf8.o(i._printf_core) for _printf_core
    printf8.o(i.__0vsnprintf$8) refers to printf8.o(i._snputc) for _snputc
    printf8.o(i.__0vsprintf$8) refers to printf8.o(i._printf_core) for _printf_core
    printf8.o(i.__0vsprintf$8) refers to printf8.o(i._sputc) for _sputc
    printf8.o(i._printf_core) refers to printf8.o(i._printf_pre_padding) for _printf_pre_padding
    printf8.o(i._printf_core) refers to uldiv.o(.text) for __aeabi_uldivmod
    printf8.o(i._printf_core) refers to printf8.o(i._printf_post_padding) for _printf_post_padding
    printfa.o(i.__0fprintf) refers (Special) to iusefp.o(.text) for __I$use$fp
    printfa.o(i.__0fprintf) refers to printfa.o(i._printf_core) for _printf_core
    printfa.o(i.__0fprintf) refers to fputc.o(i.fputc) for fputc
    printfa.o(i.__0printf) refers (Special) to iusefp.o(.text) for __I$use$fp
    printfa.o(i.__0printf) refers to printfa.o(i._printf_core) for _printf_core
    printfa.o(i.__0printf) refers to fputc.o(i.fputc) for fputc
    printfa.o(i.__0printf) refers to stdout.o(.data) for __stdout
    printfa.o(i.__0snprintf) refers (Special) to iusefp.o(.text) for __I$use$fp
    printfa.o(i.__0snprintf) refers to printfa.o(i._printf_core) for _printf_core
    printfa.o(i.__0snprintf) refers to printfa.o(i._snputc) for _snputc
    printfa.o(i.__0sprintf) refers (Special) to iusefp.o(.text) for __I$use$fp
    printfa.o(i.__0sprintf) refers to printfa.o(i._printf_core) for _printf_core
    printfa.o(i.__0sprintf) refers to printfa.o(i._sputc) for _sputc
    printfa.o(i.__0vfprintf) refers (Special) to iusefp.o(.text) for __I$use$fp
    printfa.o(i.__0vfprintf) refers to printfa.o(i._printf_core) for _printf_core
    printfa.o(i.__0vfprintf) refers to fputc.o(i.fputc) for fputc
    printfa.o(i.__0vprintf) refers (Special) to iusefp.o(.text) for __I$use$fp
    printfa.o(i.__0vprintf) refers to printfa.o(i._printf_core) for _printf_core
    printfa.o(i.__0vprintf) refers to fputc.o(i.fputc) for fputc
    printfa.o(i.__0vprintf) refers to stdout.o(.data) for __stdout
    printfa.o(i.__0vsnprintf) refers (Special) to iusefp.o(.text) for __I$use$fp
    printfa.o(i.__0vsnprintf) refers to printfa.o(i._printf_core) for _printf_core
    printfa.o(i.__0vsnprintf) refers to printfa.o(i._snputc) for _snputc
    printfa.o(i.__0vsprintf) refers (Special) to iusefp.o(.text) for __I$use$fp
    printfa.o(i.__0vsprintf) refers to printfa.o(i._printf_core) for _printf_core
    printfa.o(i.__0vsprintf) refers to printfa.o(i._sputc) for _sputc
    printfa.o(i._fp_digits) refers (Special) to iusefp.o(.text) for __I$use$fp
    printfa.o(i._fp_digits) refers to dmul.o(.text) for __aeabi_dmul
    printfa.o(i._fp_digits) refers to ddiv.o(.text) for __aeabi_ddiv
    printfa.o(i._fp_digits) refers to cdrcmple.o(.text) for __aeabi_cdrcmple
    printfa.o(i._fp_digits) refers to dadd.o(.text) for __aeabi_dadd
    printfa.o(i._fp_digits) refers to dfixul.o(.text) for __aeabi_d2ulz
    printfa.o(i._fp_digits) refers to uldiv.o(.text) for __aeabi_uldivmod
    printfa.o(i._printf_core) refers (Special) to iusefp.o(.text) for __I$use$fp
    printfa.o(i._printf_core) refers to printfa.o(i._printf_pre_padding) for _printf_pre_padding
    printfa.o(i._printf_core) refers to uldiv.o(.text) for __aeabi_uldivmod
    printfa.o(i._printf_core) refers to printfa.o(i._printf_post_padding) for _printf_post_padding
    printfa.o(i._printf_core) refers to printfa.o(i._fp_digits) for _fp_digits
    printfa.o(i._printf_core) refers to uidiv.o(.text) for __aeabi_uidivmod
    printfa.o(i._printf_post_padding) refers (Special) to iusefp.o(.text) for __I$use$fp
    printfa.o(i._printf_pre_padding) refers (Special) to iusefp.o(.text) for __I$use$fp
    printfa.o(i._snputc) refers (Special) to iusefp.o(.text) for __I$use$fp
    printfa.o(i._sputc) refers (Special) to iusefp.o(.text) for __I$use$fp
    entry2.o(.ARM.Collect$$$$00000001) refers to entry2.o(.ARM.Collect$$$$00002712) for __lit__00000000
    entry2.o(.ARM.Collect$$$$00002712) refers to startup_tm4c123.o(STACK) for __initial_sp
    entry2.o(__vectab_stack_and_reset_area) refers to startup_tm4c123.o(STACK) for __initial_sp
    entry2.o(__vectab_stack_and_reset_area) refers to entry.o(.ARM.Collect$$$$00000000) for __main
    entry5.o(.ARM.Collect$$$$00000004) refers to init.o(.text) for __scatterload
    entry9a.o(.ARM.Collect$$$$0000000B) refers to main.o(.text) for main
    entry9b.o(.ARM.Collect$$$$0000000C) refers to main.o(.text) for main
    fputc.o(i.fputc) refers (Special) to iusesemip.o(.text) for __I$use$semihosting$fputc
    fputc.o(i.fputc) refers (Special) to semi.o(.text) for __semihosting_library_function
    uldiv.o(.text) refers to llushr.o(.text) for __aeabi_llsr
    uldiv.o(.text) refers to llshl.o(.text) for __aeabi_llsl
    dadd.o(.text) refers to llshl.o(.text) for __aeabi_llsl
    dadd.o(.text) refers to llsshr.o(.text) for __aeabi_lasr
    dadd.o(.text) refers to depilogue.o(.text) for _double_epilogue
    dmul.o(.text) refers to depilogue.o(.text) for _double_epilogue
    ddiv.o(.text) refers to depilogue.o(.text) for _double_round
    dfixul.o(.text) refers to llushr.o(.text) for __aeabi_llsr
    dfixul.o(.text) refers to llshl.o(.text) for __aeabi_llsl
    init.o(.text) refers to entry5.o(.ARM.Collect$$$$00000004) for __main_after_scatterload
    depilogue.o(.text) refers to llshl.o(.text) for __aeabi_llsl
    depilogue.o(.text) refers to llushr.o(.text) for __aeabi_llsr


==============================================================================

Removing Unused input sections from the image.

    Removing main.o(.rev16_text), (4 bytes).
    Removing main.o(.revsh_text), (4 bytes).
    Removing main.o(.rrx_text), (6 bytes).
    Removing gpio_port.o(.rev16_text), (4 bytes).
    Removing gpio_port.o(.revsh_text), (4 bytes).
    Removing gpio_port.o(.rrx_text), (6 bytes).
    Removing uart.o(.rev16_text), (4 bytes).
    Removing uart.o(.revsh_text), (4 bytes).
    Removing uart.o(.rrx_text), (6 bytes).
    Removing startup_tm4c123.o(HEAP), (0 bytes).
    Removing system_tm4c123.o(.rev16_text), (4 bytes).
    Removing system_tm4c123.o(.revsh_text), (4 bytes).
    Removing system_tm4c123.o(.rrx_text), (6 bytes).
    Removing board_setup.o(.rev16_text), (4 bytes).
    Removing board_setup.o(.revsh_text), (4 bytes).
    Removing board_setup.o(.rrx_text), (6 bytes).
    Removing validate_led.o(.rev16_text), (4 bytes).
    Removing validate_led.o(.revsh_text), (4 bytes).
    Removing validate_led.o(.rrx_text), (6 bytes).
    Removing ice_adc.o(.rev16_text), (4 bytes).
    Removing ice_adc.o(.revsh_text), (4 bytes).
    Removing ice_adc.o(.rrx_text), (6 bytes).
    Removing ice_gpio_port.o(.rev16_text), (4 bytes).
    Removing ice_gpio_port.o(.revsh_text), (4 bytes).
    Removing ice_gpio_port.o(.rrx_text), (6 bytes).
    Removing ice_gpiof.o(.rev16_text), (4 bytes).
    Removing ice_gpiof.o(.revsh_text), (4 bytes).
    Removing ice_gpiof.o(.rrx_text), (6 bytes).
    Removing ice_gpt.o(.rev16_text), (4 bytes).
    Removing ice_gpt.o(.revsh_text), (4 bytes).
    Removing ice_gpt.o(.rrx_text), (6 bytes).
    Removing ice_systick.o(.rev16_text), (4 bytes).
    Removing ice_systick.o(.revsh_text), (4 bytes).
    Removing ice_systick.o(.rrx_text), (6 bytes).
    Removing ice_uart_rx_irq.o(.rev16_text), (4 bytes).
    Removing ice_uart_rx_irq.o(.revsh_text), (4 bytes).
    Removing ice_uart_rx_irq.o(.rrx_text), (6 bytes).
    Removing ice_lcd.o(.rev16_text), (4 bytes).
    Removing ice_lcd.o(.revsh_text), (4 bytes).
    Removing ice_lcd.o(.rrx_text), (6 bytes).
    Removing ice_uart_tx_irq.o(.rev16_text), (4 bytes).
    Removing ice_uart_tx_irq.o(.revsh_text), (4 bytes).
    Removing ice_uart_tx_irq.o(.rrx_text), (6 bytes).
    Removing ice_spi_nordic.o(.rev16_text), (4 bytes).
    Removing ice_spi_nordic.o(.revsh_text), (4 bytes).
    Removing ice_spi_nordic.o(.rrx_text), (6 bytes).
    Removing ice_pc_buffer.o(.rev16_text), (4 bytes).
    Removing ice_pc_buffer.o(.revsh_text), (4 bytes).
    Removing ice_pc_buffer.o(.rrx_text), (6 bytes).
    Removing ice_intro_to_c.o(.rev16_text), (4 bytes).
    Removing ice_intro_to_c.o(.revsh_text), (4 bytes).
    Removing ice_intro_to_c.o(.rrx_text), (6 bytes).
    Removing ice_uart_polling.o(.rev16_text), (4 bytes).
    Removing ice_uart_polling.o(.revsh_text), (4 bytes).
    Removing ice_uart_polling.o(.rrx_text), (6 bytes).
    Removing ice_i2c_eeprom.o(.rev16_text), (4 bytes).
    Removing ice_i2c_eeprom.o(.revsh_text), (4 bytes).
    Removing ice_i2c_eeprom.o(.rrx_text), (6 bytes).
    Removing ice_i2c_ft6206.o(.rev16_text), (4 bytes).
    Removing ice_i2c_ft6206.o(.revsh_text), (4 bytes).
    Removing ice_i2c_ft6206.o(.rrx_text), (6 bytes).
    Removing validate_adc.o(.rev16_text), (4 bytes).
    Removing validate_adc.o(.revsh_text), (4 bytes).
    Removing validate_adc.o(.rrx_text), (6 bytes).
    Removing validate_gpio.o(.rev16_text), (4 bytes).
    Removing validate_gpio.o(.revsh_text), (4 bytes).
    Removing validate_gpio.o(.rrx_text), (6 bytes).
    Removing validate_uart.o(.rev16_text), (4 bytes).
    Removing validate_uart.o(.revsh_text), (4 bytes).
    Removing validate_uart.o(.rrx_text), (6 bytes).
    Removing validate_gp_timer.o(.rev16_text), (4 bytes).
    Removing validate_gp_timer.o(.revsh_text), (4 bytes).
    Removing validate_gp_timer.o(.rrx_text), (6 bytes).
    Removing validate_spi.o(.rev16_text), (4 bytes).
    Removing validate_spi.o(.revsh_text), (4 bytes).
    Removing validate_spi.o(.rrx_text), (6 bytes).
    Removing validate_sysctl.o(.rev16_text), (4 bytes).
    Removing validate_sysctl.o(.revsh_text), (4 bytes).
    Removing validate_sysctl.o(.rrx_text), (6 bytes).
    Removing dadd.o(.text), (334 bytes).
    Removing dmul.o(.text), (228 bytes).
    Removing ddiv.o(.text), (222 bytes).
    Removing dfixul.o(.text), (48 bytes).
    Removing cdrcmple.o(.text), (48 bytes).
    Removing depilogue.o(.text), (186 bytes).

85 unused section(s) (total 1430 bytes) removed from the image.

==============================================================================

Image Symbol Table

    Local Symbols

    Symbol Name                              Value     Ov Type        Size  Object(Section)

    RESET                                    0x00000000   Section      620  startup_tm4c123.o(RESET)
    ../clib/../cmprslib/lz77c.c              0x00000000   Number         0  __dclz77c.o ABSOLUTE
    ../clib/microlib/division.c              0x00000000   Number         0  uldiv.o ABSOLUTE
    ../clib/microlib/division.c              0x00000000   Number         0  uidiv.o ABSOLUTE
    ../clib/microlib/init/entry.s            0x00000000   Number         0  entry7a.o ABSOLUTE
    ../clib/microlib/init/entry.s            0x00000000   Number         0  entry7b.o ABSOLUTE
    ../clib/microlib/init/entry.s            0x00000000   Number         0  entry8a.o ABSOLUTE
    ../clib/microlib/init/entry.s            0x00000000   Number         0  entry8b.o ABSOLUTE
    ../clib/microlib/init/entry.s            0x00000000   Number         0  entry11a.o ABSOLUTE
    ../clib/microlib/init/entry.s            0x00000000   Number         0  entry10b.o ABSOLUTE
    ../clib/microlib/init/entry.s            0x00000000   Number         0  entry2.o ABSOLUTE
    ../clib/microlib/init/entry.s            0x00000000   Number         0  entry11b.o ABSOLUTE
    ../clib/microlib/init/entry.s            0x00000000   Number         0  entry.o ABSOLUTE
    ../clib/microlib/init/entry.s            0x00000000   Number         0  entry9b.o ABSOLUTE
    ../clib/microlib/init/entry.s            0x00000000   Number         0  entry5.o ABSOLUTE
    ../clib/microlib/init/entry.s            0x00000000   Number         0  entry9a.o ABSOLUTE
    ../clib/microlib/init/entry.s            0x00000000   Number         0  entry10a.o ABSOLUTE
    ../clib/microlib/longlong.c              0x00000000   Number         0  llsshr.o ABSOLUTE
    ../clib/microlib/longlong.c              0x00000000   Number         0  llushr.o ABSOLUTE
    ../clib/microlib/longlong.c              0x00000000   Number         0  llshl.o ABSOLUTE
    ../clib/microlib/printf/printf.c         0x00000000   Number         0  printf2.o ABSOLUTE
    ../clib/microlib/printf/printf.c         0x00000000   Number         0  printf3.o ABSOLUTE
    ../clib/microlib/printf/printf.c         0x00000000   Number         0  printf4.o ABSOLUTE
    ../clib/microlib/printf/printf.c         0x00000000   Number         0  printf5.o ABSOLUTE
    ../clib/microlib/printf/printf.c         0x00000000   Number         0  printf6.o ABSOLUTE
    ../clib/microlib/printf/printf.c         0x00000000   Number         0  printfa.o ABSOLUTE
    ../clib/microlib/printf/printf.c         0x00000000   Number         0  printf8.o ABSOLUTE
    ../clib/microlib/printf/printf.c         0x00000000   Number         0  printf7.o ABSOLUTE
    ../clib/microlib/printf/printf.c         0x00000000   Number         0  printfb.o ABSOLUTE
    ../clib/microlib/printf/printf.c         0x00000000   Number         0  printf0.o ABSOLUTE
    ../clib/microlib/printf/printf.c         0x00000000   Number         0  printf1.o ABSOLUTE
    ../clib/microlib/printf/stubs.s          0x00000000   Number         0  stubs.o ABSOLUTE
    ../clib/microlib/stdio/fputc.c           0x00000000   Number         0  fputc.o ABSOLUTE
    ../clib/microlib/stdio/semi.s            0x00000000   Number         0  semi.o ABSOLUTE
    ../clib/microlib/stdio/streams.c         0x00000000   Number         0  stdout.o ABSOLUTE
    ../clib/microlib/string/memcpy.c         0x00000000   Number         0  memcpya.o ABSOLUTE
    ../clib/microlib/string/memcpy.c         0x00000000   Number         0  memcpyb.o ABSOLUTE
    ../clib/microlib/stubs.s                 0x00000000   Number         0  iusefp.o ABSOLUTE
    ../clib/microlib/stubs.s                 0x00000000   Number         0  iusesemip.o ABSOLUTE
    ../fplib/microlib/fpadd.c                0x00000000   Number         0  dadd.o ABSOLUTE
    ../fplib/microlib/fpdiv.c                0x00000000   Number         0  ddiv.o ABSOLUTE
    ../fplib/microlib/fpepilogue.c           0x00000000   Number         0  depilogue.o ABSOLUTE
    ../fplib/microlib/fpfix.c                0x00000000   Number         0  dfixul.o ABSOLUTE
    ../fplib/microlib/fpmul.c                0x00000000   Number         0  dmul.o ABSOLUTE
    ..\\drivers\\c\\gpio_port.c              0x00000000   Number         0  gpio_port.o ABSOLUTE
    ..\\drivers\\c\\uart.c                   0x00000000   Number         0  uart.o ABSOLUTE
    ..\drivers\c\gpio_port.c                 0x00000000   Number         0  gpio_port.o ABSOLUTE
    ..\drivers\c\uart.c                      0x00000000   Number         0  uart.o ABSOLUTE
    RTE\Device\TM4C123GH6PM\startup_TM4C123.s 0x00000000   Number         0  startup_tm4c123.o ABSOLUTE
    RTE\Device\TM4C123GH6PM\system_TM4C123.c 0x00000000   Number         0  system_tm4c123.o ABSOLUTE
    RTE\\Device\\TM4C123GH6PM\\system_TM4C123.c 0x00000000   Number         0  system_tm4c123.o ABSOLUTE
    board_setup.c                            0x00000000   Number         0  board_setup.o ABSOLUTE
    board_setup.c                            0x00000000   Number         0  board_setup.o ABSOLUTE
    cdrcmple.s                               0x00000000   Number         0  cdrcmple.o ABSOLUTE
    dc.s                                     0x00000000   Number         0  dc.o ABSOLUTE
    handlers.s                               0x00000000   Number         0  handlers.o ABSOLUTE
    ice_adc.c                                0x00000000   Number         0  ice_adc.o ABSOLUTE
    ice_adc.c                                0x00000000   Number         0  ice_adc.o ABSOLUTE
    ice_gpio_port.c                          0x00000000   Number         0  ice_gpio_port.o ABSOLUTE
    ice_gpio_port.c                          0x00000000   Number         0  ice_gpio_port.o ABSOLUTE
    ice_gpiof.c                              0x00000000   Number         0  ice_gpiof.o ABSOLUTE
    ice_gpiof.c                              0x00000000   Number         0  ice_gpiof.o ABSOLUTE
    ice_gpt.c                                0x00000000   Number         0  ice_gpt.o ABSOLUTE
    ice_gpt.c                                0x00000000   Number         0  ice_gpt.o ABSOLUTE
    ice_i2c_eeprom.c                         0x00000000   Number         0  ice_i2c_eeprom.o ABSOLUTE
    ice_i2c_eeprom.c                         0x00000000   Number         0  ice_i2c_eeprom.o ABSOLUTE
    ice_i2c_ft6206.c                         0x00000000   Number         0  ice_i2c_ft6206.o ABSOLUTE
    ice_i2c_ft6206.c                         0x00000000   Number         0  ice_i2c_ft6206.o ABSOLUTE
    ice_intro_to_c.c                         0x00000000   Number         0  ice_intro_to_c.o ABSOLUTE
    ice_intro_to_c.c                         0x00000000   Number         0  ice_intro_to_c.o ABSOLUTE
    ice_lcd.c                                0x00000000   Number         0  ice_lcd.o ABSOLUTE
    ice_lcd.c                                0x00000000   Number         0  ice_lcd.o ABSOLUTE
    ice_pc_buffer.c                          0x00000000   Number         0  ice_pc_buffer.o ABSOLUTE
    ice_pc_buffer.c                          0x00000000   Number         0  ice_pc_buffer.o ABSOLUTE
    ice_spi_nordic.c                         0x00000000   Number         0  ice_spi_nordic.o ABSOLUTE
    ice_spi_nordic.c                         0x00000000   Number         0  ice_spi_nordic.o ABSOLUTE
    ice_systick.c                            0x00000000   Number         0  ice_systick.o ABSOLUTE
    ice_systick.c                            0x00000000   Number         0  ice_systick.o ABSOLUTE
    ice_uart_polling.c                       0x00000000   Number         0  ice_uart_polling.o ABSOLUTE
    ice_uart_polling.c                       0x00000000   Number         0  ice_uart_polling.o ABSOLUTE
    ice_uart_rx_irq.c                        0x00000000   Number         0  ice_uart_rx_irq.o ABSOLUTE
    ice_uart_rx_irq.c                        0x00000000   Number         0  ice_uart_rx_irq.o ABSOLUTE
    ice_uart_tx_irq.c                        0x00000000   Number         0  ice_uart_tx_irq.o ABSOLUTE
    ice_uart_tx_irq.c                        0x00000000   Number         0  ice_uart_tx_irq.o ABSOLUTE
    init.s                                   0x00000000   Number         0  init.o ABSOLUTE
    main.c                                   0x00000000   Number         0  main.o ABSOLUTE
    main.c                                   0x00000000   Number         0  main.o ABSOLUTE
    validate_adc.c                           0x00000000   Number         0  validate_adc.o ABSOLUTE
    validate_adc.c                           0x00000000   Number         0  validate_adc.o ABSOLUTE
    validate_gp_timer.c                      0x00000000   Number         0  validate_gp_timer.o ABSOLUTE
    validate_gp_timer.c                      0x00000000   Number         0  validate_gp_timer.o ABSOLUTE
    validate_gpio.c                          0x00000000   Number         0  validate_gpio.o ABSOLUTE
    validate_gpio.c                          0x00000000   Number         0  validate_gpio.o ABSOLUTE
    validate_led.c                           0x00000000   Number         0  validate_led.o ABSOLUTE
    validate_led.c                           0x00000000   Number         0  validate_led.o ABSOLUTE
    validate_spi.c                           0x00000000   Number         0  validate_spi.o ABSOLUTE
    validate_spi.c                           0x00000000   Number         0  validate_spi.o ABSOLUTE
    validate_sysctl.c                        0x00000000   Number         0  validate_sysctl.o ABSOLUTE
    validate_sysctl.c                        0x00000000   Number         0  validate_sysctl.o ABSOLUTE
    validate_uart.c                          0x00000000   Number         0  validate_uart.o ABSOLUTE
    validate_uart.c                          0x00000000   Number         0  validate_uart.o ABSOLUTE
    .ARM.Collect$$$$00000000                 0x0000026c   Section        0  entry.o(.ARM.Collect$$$$00000000)
    .ARM.Collect$$$$00000001                 0x0000026c   Section        4  entry2.o(.ARM.Collect$$$$00000001)
    .ARM.Collect$$$$00000004                 0x00000270   Section        4  entry5.o(.ARM.Collect$$$$00000004)
    .ARM.Collect$$$$00000008                 0x00000274   Section        0  entry7b.o(.ARM.Collect$$$$00000008)
    .ARM.Collect$$$$0000000A                 0x00000274   Section        0  entry8b.o(.ARM.Collect$$$$0000000A)
    .ARM.Collect$$$$0000000B                 0x00000274   Section        8  entry9a.o(.ARM.Collect$$$$0000000B)
    .ARM.Collect$$$$0000000D                 0x0000027c   Section        0  entry10a.o(.ARM.Collect$$$$0000000D)
    .ARM.Collect$$$$0000000F                 0x0000027c   Section        0  entry11a.o(.ARM.Collect$$$$0000000F)
    .ARM.Collect$$$$00002712                 0x0000027c   Section        4  entry2.o(.ARM.Collect$$$$00002712)
    __lit__00000000                          0x0000027c   Data           4  entry2.o(.ARM.Collect$$$$00002712)
    .text                                    0x00000280   Section        0  main.o(.text)
    .text                                    0x00000348   Section        0  gpio_port.o(.text)
    verify_base_addr                         0x00000349   Thumb Code    64  gpio_port.o(.text)
    .text                                    0x000005ec   Section        0  uart.o(.text)
    .text                                    0x00000868   Section      252  startup_tm4c123.o(.text)
    $v0                                      0x00000868   Number         0  startup_tm4c123.o(.text)
    .text                                    0x00000964   Section        0  system_tm4c123.o(.text)
    getOscClk                                0x00000965   Thumb Code   182  system_tm4c123.o(.text)
    .text                                    0x00000bb0   Section        0  board_setup.o(.text)
    .text                                    0x00000cb0   Section        0  validate_led.o(.text)
    .text                                    0x00000d14   Section        0  ice_adc.o(.text)
    print_adc_pin_status                     0x00000d15   Thumb Code   144  ice_adc.o(.text)
    print_adc_status                         0x00000da5   Thumb Code   144  ice_adc.o(.text)
    .text                                    0x00000fd0   Section        0  ice_gpio_port.o(.text)
    print_pin_status                         0x00000fd1   Thumb Code   122  ice_gpio_port.o(.text)
    .text                                    0x00001214   Section        0  ice_gpiof.o(.text)
    .text                                    0x000014fc   Section        0  ice_gpt.o(.text)
    .text                                    0x0000161c   Section        0  ice_systick.o(.text)
    print_systick_load                       0x0000161d   Thumb Code    86  ice_systick.o(.text)
    print_pin_status                         0x00001673   Thumb Code   122  ice_systick.o(.text)
    print_adc_pin_status                     0x000016ed   Thumb Code   144  ice_systick.o(.text)
    print_adc_status                         0x0000177d   Thumb Code   144  ice_systick.o(.text)
    .text                                    0x000019f4   Section        0  ice_uart_rx_irq.o(.text)
    .text                                    0x00001bd4   Section        0  ice_lcd.o(.text)
    .text                                    0x00001f48   Section        0  ice_uart_tx_irq.o(.text)
    .text                                    0x00002128   Section        0  ice_spi_nordic.o(.text)
    .text                                    0x000024d0   Section        0  ice_pc_buffer.o(.text)
    .text                                    0x000024dc   Section        0  ice_intro_to_c.o(.text)
    .text                                    0x00002544   Section        0  ice_uart_polling.o(.text)
    print_pin_status                         0x00002545   Thumb Code   144  ice_uart_polling.o(.text)
    print_uart_status                        0x000025d5   Thumb Code   178  ice_uart_polling.o(.text)
    .text                                    0x00002794   Section        0  ice_i2c_eeprom.o(.text)
    print_pin_status                         0x00002795   Thumb Code   144  ice_i2c_eeprom.o(.text)
    .text                                    0x000028d8   Section        0  ice_i2c_ft6206.o(.text)
    print_pin_status                         0x000028d9   Thumb Code   144  ice_i2c_ft6206.o(.text)
    .text                                    0x00002a24   Section        0  validate_adc.o(.text)
    verify_base_addr                         0x00002a25   Thumb Code    26  validate_adc.o(.text)
    .text                                    0x00002adc   Section        0  validate_gpio.o(.text)
    verify_base_addr                         0x00002add   Thumb Code    64  validate_gpio.o(.text)
    .text                                    0x00002c7c   Section        0  validate_uart.o(.text)
    uart_get_ibrd                            0x00002d27   Thumb Code    30  validate_uart.o(.text)
    uart_get_fbrd                            0x00002d45   Thumb Code    28  validate_uart.o(.text)
    uart_get_irq_num                         0x00002d61   Thumb Code    68  validate_uart.o(.text)
    .text                                    0x0000307c   Section        0  validate_gp_timer.o(.text)
    verify_base_addr                         0x0000307d   Thumb Code    64  validate_gp_timer.o(.text)
    validate_gpt_mode                        0x000030bd   Thumb Code    22  validate_gp_timer.o(.text)
    validate_gpio_gpt_direction              0x000030d3   Thumb Code    22  validate_gp_timer.o(.text)
    validate_gtp_interrupts                  0x000030e9   Thumb Code    22  validate_gp_timer.o(.text)
    validate_gpt_size_32                     0x000030ff   Thumb Code    20  validate_gp_timer.o(.text)
    validate_gpt_interval                    0x00003113   Thumb Code    18  validate_gp_timer.o(.text)
    .text                                    0x00003190   Section        0  validate_spi.o(.text)
    .text                                    0x00003288   Section        0  validate_sysctl.o(.text)
    get_gpio_rcgc                            0x00003289   Thumb Code    74  validate_sysctl.o(.text)
    get_adc_rcgc                             0x000032d3   Thumb Code    28  validate_sysctl.o(.text)
    get_gpt_rcgc                             0x000032ef   Thumb Code    74  validate_sysctl.o(.text)
    get_uart_rcgc                            0x00003339   Thumb Code    68  validate_sysctl.o(.text)
    get_spi_rcgc                             0x0000337d   Thumb Code    48  validate_sysctl.o(.text)
    .text                                    0x00003454   Section        0  memcpya.o(.text)
    .text                                    0x00003478   Section        0  uidiv.o(.text)
    .text                                    0x000034a4   Section       36  init.o(.text)
    .text                                    0x000034c8   Section        0  __dclz77c.o(.text)
    i.__0sprintf$6                           0x00003528   Section        0  printf6.o(i.__0sprintf$6)
    i.__scatterload_copy                     0x00003550   Section       14  handlers.o(i.__scatterload_copy)
    i.__scatterload_null                     0x0000355e   Section        2  handlers.o(i.__scatterload_null)
    i.__scatterload_zeroinit                 0x00003560   Section       14  handlers.o(i.__scatterload_zeroinit)
    i._printf_core                           0x00003570   Section        0  printf6.o(i._printf_core)
    _printf_core                             0x00003571   Thumb Code   748  printf6.o(i._printf_core)
    i._printf_post_padding                   0x00003860   Section        0  printf6.o(i._printf_post_padding)
    _printf_post_padding                     0x00003861   Thumb Code    36  printf6.o(i._printf_post_padding)
    i._printf_pre_padding                    0x00003884   Section        0  printf6.o(i._printf_pre_padding)
    _printf_pre_padding                      0x00003885   Thumb Code    46  printf6.o(i._printf_pre_padding)
    i._sputc                                 0x000038b2   Section        0  printf6.o(i._sputc)
    _sputc                                   0x000038b3   Thumb Code    10  printf6.o(i._sputc)
    .conststring                             0x000038bc   Section       92  validate_uart.o(.conststring)
    .data                                    0x20000000   Section        4  system_tm4c123.o(.data)
    .data                                    0x20000004   Section       40  ice_adc.o(.data)
    ps2_x                                    0x20000004   Data          20  ice_adc.o(.data)
    ps2_y                                    0x20000018   Data          20  ice_adc.o(.data)
    .data                                    0x2000002c   Section      240  ice_gpio_port.o(.data)
    lcd_cs                                   0x2000002c   Data          20  ice_gpio_port.o(.data)
    lcd_data_instr                           0x20000040   Data          20  ice_gpio_port.o(.data)
    lcd_wr                                   0x20000054   Data          20  ice_gpio_port.o(.data)
    lcd_rd                                   0x20000068   Data          20  ice_gpio_port.o(.data)
    lcd_data                                 0x2000007c   Data         160  ice_gpio_port.o(.data)
    .data                                    0x2000011c   Section      100  ice_gpiof.o(.data)
    red                                      0x2000011c   Data          20  ice_gpiof.o(.data)
    blue                                     0x20000130   Data          20  ice_gpiof.o(.data)
    green                                    0x20000144   Data          20  ice_gpiof.o(.data)
    sw1                                      0x20000158   Data          20  ice_gpiof.o(.data)
    sw2                                      0x2000016c   Data          20  ice_gpiof.o(.data)
    .data                                    0x20000180   Section       40  ice_systick.o(.data)
    ps2_x                                    0x20000180   Data          20  ice_systick.o(.data)
    green                                    0x20000194   Data          20  ice_systick.o(.data)
    .data                                    0x200001a8   Section       64  ice_uart_rx_irq.o(.data)
    Tx                                       0x200001a8   Data          20  ice_uart_rx_irq.o(.data)
    Rx                                       0x200001bc   Data          20  ice_uart_rx_irq.o(.data)
    uart0                                    0x200001d0   Data          24  ice_uart_rx_irq.o(.data)
    .data                                    0x200001e8   Section      120  ice_lcd.o(.data)
    .data                                    0x20000260   Section       64  ice_uart_tx_irq.o(.data)
    Tx                                       0x20000260   Data          20  ice_uart_tx_irq.o(.data)
    Rx                                       0x20000274   Data          20  ice_uart_tx_irq.o(.data)
    uart0                                    0x20000288   Data          24  ice_uart_tx_irq.o(.data)
    .data                                    0x200002a0   Section      120  ice_spi_nordic.o(.data)
    SPI_CLK                                  0x200002a0   Data          20  ice_spi_nordic.o(.data)
    SPI_CS                                   0x200002b4   Data          20  ice_spi_nordic.o(.data)
    SPI_MISO                                 0x200002c8   Data          20  ice_spi_nordic.o(.data)
    SPI_MOSI                                 0x200002dc   Data          20  ice_spi_nordic.o(.data)
    .data                                    0x20000318   Section       64  ice_uart_polling.o(.data)
    Tx                                       0x20000318   Data          20  ice_uart_polling.o(.data)
    Rx                                       0x2000032c   Data          20  ice_uart_polling.o(.data)
    uart0                                    0x20000340   Data          24  ice_uart_polling.o(.data)
    .data                                    0x20000358   Section       40  ice_i2c_eeprom.o(.data)
    SCL                                      0x20000358   Data          20  ice_i2c_eeprom.o(.data)
    SDA                                      0x2000036c   Data          20  ice_i2c_eeprom.o(.data)
    .data                                    0x20000380   Section       40  ice_i2c_ft6206.o(.data)
    SCL                                      0x20000380   Data          20  ice_i2c_ft6206.o(.data)
    SDA                                      0x20000394   Data          20  ice_i2c_ft6206.o(.data)
    STACK                                    0x200003a8   Section     8192  startup_tm4c123.o(STACK)

    Global Symbols

    Symbol Name                              Value     Ov Type        Size  Object(Section)

    BuildAttributes$$THM_ISAv4$E$P$D$K$B$S$7EM$VFPi3$EXTD16$VFPS$VFMA$PE$A:L22UL41UL21$X:L11$S22US41US21$IEEE1$IW$USESV6$~STKCKD$USESV7$~SHL$OSPACE$ROPI$EBA8$MICROLIB$REQ8$PRES8$EABIv2 0x00000000   Number         0  anon$$obj.o ABSOLUTE
    __ARM_use_no_argv                        0x00000000   Number         0  main.o ABSOLUTE
    __Vectors                                0x00000000   Data           4  startup_tm4c123.o(RESET)
    _printf_a                                0x00000000   Number         0  stubs.o ABSOLUTE
    _printf_c                                0x00000000   Number         0  stubs.o ABSOLUTE
    _printf_charcount                        0x00000000   Number         0  stubs.o ABSOLUTE
    _printf_d                                0x00000000   Number         0  stubs.o ABSOLUTE
    _printf_e                                0x00000000   Number         0  stubs.o ABSOLUTE
    _printf_f                                0x00000000   Number         0  stubs.o ABSOLUTE
    _printf_flags                            0x00000000   Number         0  stubs.o ABSOLUTE
    _printf_fp_dec                           0x00000000   Number         0  stubs.o ABSOLUTE
    _printf_fp_hex                           0x00000000   Number         0  stubs.o ABSOLUTE
    _printf_g                                0x00000000   Number         0  stubs.o ABSOLUTE
    _printf_i                                0x00000000   Number         0  stubs.o ABSOLUTE
    _printf_int_dec                          0x00000000   Number         0  stubs.o ABSOLUTE
    _printf_l                                0x00000000   Number         0  stubs.o ABSOLUTE
    _printf_lc                               0x00000000   Number         0  stubs.o ABSOLUTE
    _printf_ll                               0x00000000   Number         0  stubs.o ABSOLUTE
    _printf_lld                              0x00000000   Number         0  stubs.o ABSOLUTE
    _printf_lli                              0x00000000   Number         0  stubs.o ABSOLUTE
    _printf_llo                              0x00000000   Number         0  stubs.o ABSOLUTE
    _printf_llu                              0x00000000   Number         0  stubs.o ABSOLUTE
    _printf_llx                              0x00000000   Number         0  stubs.o ABSOLUTE
    _printf_longlong_dec                     0x00000000   Number         0  stubs.o ABSOLUTE
    _printf_longlong_hex                     0x00000000   Number         0  stubs.o ABSOLUTE
    _printf_longlong_oct                     0x00000000   Number         0  stubs.o ABSOLUTE
    _printf_ls                               0x00000000   Number         0  stubs.o ABSOLUTE
    _printf_mbtowc                           0x00000000   Number         0  stubs.o ABSOLUTE
    _printf_n                                0x00000000   Number         0  stubs.o ABSOLUTE
    _printf_o                                0x00000000   Number         0  stubs.o ABSOLUTE
    _printf_p                                0x00000000   Number         0  stubs.o ABSOLUTE
    _printf_percent                          0x00000000   Number         0  stubs.o ABSOLUTE
    _printf_pre_padding                      0x00000000   Number         0  stubs.o ABSOLUTE
    _printf_return_value                     0x00000000   Number         0  stubs.o ABSOLUTE
    _printf_s                                0x00000000   Number         0  stubs.o ABSOLUTE
    _printf_sizespec                         0x00000000   Number         0  stubs.o ABSOLUTE
    _printf_str                              0x00000000   Number         0  stubs.o ABSOLUTE
    _printf_truncate_signed                  0x00000000   Number         0  stubs.o ABSOLUTE
    _printf_truncate_unsigned                0x00000000   Number         0  stubs.o ABSOLUTE
    _printf_u                                0x00000000   Number         0  stubs.o ABSOLUTE
    _printf_wc                               0x00000000   Number         0  stubs.o ABSOLUTE
    _printf_wctomb                           0x00000000   Number         0  stubs.o ABSOLUTE
    _printf_widthprec                        0x00000000   Number         0  stubs.o ABSOLUTE
    _printf_x                                0x00000000   Number         0  stubs.o ABSOLUTE
    __cpp_initialize__aeabi_                  - Undefined Weak Reference
    __cxa_finalize                            - Undefined Weak Reference
    _clock_init                               - Undefined Weak Reference
    _microlib_exit                            - Undefined Weak Reference
    __Vectors_End                            0x0000026c   Data           0  startup_tm4c123.o(RESET)
    __Vectors_Size                           0x0000026c   Number         0  startup_tm4c123.o ABSOLUTE
    __main                                   0x0000026d   Thumb Code     0  entry.o(.ARM.Collect$$$$00000000)
    _main_stk                                0x0000026d   Thumb Code     0  entry2.o(.ARM.Collect$$$$00000001)
    _main_scatterload                        0x00000271   Thumb Code     0  entry5.o(.ARM.Collect$$$$00000004)
    __main_after_scatterload                 0x00000275   Thumb Code     0  entry5.o(.ARM.Collect$$$$00000004)
    _main_clock                              0x00000275   Thumb Code     0  entry7b.o(.ARM.Collect$$$$00000008)
    _main_cpp_init                           0x00000275   Thumb Code     0  entry8b.o(.ARM.Collect$$$$0000000A)
    _main_init                               0x00000275   Thumb Code     0  entry9a.o(.ARM.Collect$$$$0000000B)
    __rt_final_cpp                           0x0000027d   Thumb Code     0  entry10a.o(.ARM.Collect$$$$0000000D)
    __rt_final_exit                          0x0000027d   Thumb Code     0  entry11a.o(.ARM.Collect$$$$0000000F)
    uart0_config_gpio                        0x00000281   Thumb Code    44  main.o(.text)
    main                                     0x000002ad   Thumb Code    86  main.o(.text)
    gpio_get_irq_num                         0x00000389   Thumb Code    74  gpio_port.o(.text)
    gpio_enable_port                         0x000003d3   Thumb Code   156  gpio_port.o(.text)
    gpio_config_digital_enable               0x0000046f   Thumb Code    34  gpio_port.o(.text)
    gpio_config_enable_output                0x00000491   Thumb Code    34  gpio_port.o(.text)
    gpio_config_enable_input                 0x000004b3   Thumb Code    34  gpio_port.o(.text)
    gpio_config_enable_pullup                0x000004d5   Thumb Code    34  gpio_port.o(.text)
    gpio_config_enable_pulldown              0x000004f7   Thumb Code    34  gpio_port.o(.text)
    gpio_config_analog_enable                0x00000519   Thumb Code    34  gpio_port.o(.text)
    gpio_config_alternate_function           0x0000053b   Thumb Code    34  gpio_port.o(.text)
    gpio_config_port_control                 0x0000055d   Thumb Code    44  gpio_port.o(.text)
    gpio_config_open_drain                   0x00000589   Thumb Code    34  gpio_port.o(.text)
    gpio_config_falling_edge_irq             0x000005ab   Thumb Code    34  gpio_port.o(.text)
    verify_uart_base                         0x000005ed   Thumb Code    54  uart.o(.text)
    uart_get_rcgc_mask                       0x00000623   Thumb Code    68  uart.o(.text)
    uart_get_pr_mask                         0x00000667   Thumb Code    68  uart.o(.text)
    uart_get_irq_num                         0x000006ab   Thumb Code    68  uart.o(.text)
    uart_tx_poll                             0x000006ef   Thumb Code    38  uart.o(.text)
    uart_tx_poll_string                      0x00000715   Thumb Code    50  uart.o(.text)
    uart_rx_poll                             0x00000747   Thumb Code    70  uart.o(.text)
    uart_init                                0x0000078d   Thumb Code   204  uart.o(.text)
    Reset_Handler                            0x00000869   Thumb Code     8  startup_tm4c123.o(.text)
    NMI_Handler                              0x00000871   Thumb Code     2  startup_tm4c123.o(.text)
    HardFault_Handler                        0x00000873   Thumb Code     2  startup_tm4c123.o(.text)
    MemManage_Handler                        0x00000875   Thumb Code     2  startup_tm4c123.o(.text)
    BusFault_Handler                         0x00000877   Thumb Code     2  startup_tm4c123.o(.text)
    UsageFault_Handler                       0x00000879   Thumb Code     2  startup_tm4c123.o(.text)
    SVC_Handler                              0x0000087b   Thumb Code     2  startup_tm4c123.o(.text)
    DebugMon_Handler                         0x0000087d   Thumb Code     2  startup_tm4c123.o(.text)
    PendSV_Handler                           0x0000087f   Thumb Code     2  startup_tm4c123.o(.text)
    SysTick_Handler                          0x00000881   Thumb Code     2  startup_tm4c123.o(.text)
    GPIOA_Handler                            0x00000883   Thumb Code     2  startup_tm4c123.o(.text)
    GPIOB_Handler                            0x00000885   Thumb Code     2  startup_tm4c123.o(.text)
    GPIOC_Handler                            0x00000887   Thumb Code     2  startup_tm4c123.o(.text)
    GPIOD_Handler                            0x00000889   Thumb Code     2  startup_tm4c123.o(.text)
    GPIOE_Handler                            0x0000088b   Thumb Code     2  startup_tm4c123.o(.text)
    UART0_Handler                            0x0000088d   Thumb Code     2  startup_tm4c123.o(.text)
    UART1_Handler                            0x0000088f   Thumb Code     2  startup_tm4c123.o(.text)
    SSI0_Handler                             0x00000891   Thumb Code     2  startup_tm4c123.o(.text)
    I2C0_Handler                             0x00000893   Thumb Code     2  startup_tm4c123.o(.text)
    PMW0_FAULT_Handler                       0x00000895   Thumb Code     2  startup_tm4c123.o(.text)
    PWM0_0_Handler                           0x00000897   Thumb Code     2  startup_tm4c123.o(.text)
    PWM0_1_Handler                           0x00000899   Thumb Code     2  startup_tm4c123.o(.text)
    PWM0_2_Handler                           0x0000089b   Thumb Code     2  startup_tm4c123.o(.text)
    QEI0_Handler                             0x0000089d   Thumb Code     2  startup_tm4c123.o(.text)
    ADC0SS0_Handler                          0x0000089f   Thumb Code     2  startup_tm4c123.o(.text)
    ADC0SS1_Handler                          0x000008a1   Thumb Code     2  startup_tm4c123.o(.text)
    ADC0SS2_Handler                          0x000008a3   Thumb Code     2  startup_tm4c123.o(.text)
    ADC0SS3_Handler                          0x000008a5   Thumb Code     2  startup_tm4c123.o(.text)
    WDT0_Handler                             0x000008a7   Thumb Code     2  startup_tm4c123.o(.text)
    TIMER0A_Handler                          0x000008a9   Thumb Code     2  startup_tm4c123.o(.text)
    TIMER0B_Handler                          0x000008ab   Thumb Code     2  startup_tm4c123.o(.text)
    TIMER1A_Handler                          0x000008ad   Thumb Code     2  startup_tm4c123.o(.text)
    TIMER1B_Handler                          0x000008af   Thumb Code     2  startup_tm4c123.o(.text)
    TIMER2A_Handler                          0x000008b1   Thumb Code     2  startup_tm4c123.o(.text)
    TIMER2B_Handler                          0x000008b3   Thumb Code     2  startup_tm4c123.o(.text)
    COMP0_Handler                            0x000008b5   Thumb Code     2  startup_tm4c123.o(.text)
    COMP1_Handler                            0x000008b7   Thumb Code     2  startup_tm4c123.o(.text)
    COMP2_Handler                            0x000008b9   Thumb Code     2  startup_tm4c123.o(.text)
    SYSCTL_Handler                           0x000008bb   Thumb Code     2  startup_tm4c123.o(.text)
    FLASH_Handler                            0x000008bd   Thumb Code     2  startup_tm4c123.o(.text)
    GPIOF_Handler                            0x000008bf   Thumb Code     2  startup_tm4c123.o(.text)
    GPIOG_Handler                            0x000008c1   Thumb Code     2  startup_tm4c123.o(.text)
    GPIOH_Handler                            0x000008c3   Thumb Code     2  startup_tm4c123.o(.text)
    UART2_Handler                            0x000008c5   Thumb Code     2  startup_tm4c123.o(.text)
    SSI1_Handler                             0x000008c7   Thumb Code     2  startup_tm4c123.o(.text)
    TIMER3A_Handler                          0x000008c9   Thumb Code     2  startup_tm4c123.o(.text)
    TIMER3B_Handler                          0x000008cb   Thumb Code     2  startup_tm4c123.o(.text)
    I2C1_Handler                             0x000008cd   Thumb Code     2  startup_tm4c123.o(.text)
    QEI1_Handler                             0x000008cf   Thumb Code     2  startup_tm4c123.o(.text)
    CAN0_Handler                             0x000008d1   Thumb Code     2  startup_tm4c123.o(.text)
    CAN1_Handler                             0x000008d3   Thumb Code     2  startup_tm4c123.o(.text)
    CAN2_Handler                             0x000008d5   Thumb Code     2  startup_tm4c123.o(.text)
    HIB_Handler                              0x000008d7   Thumb Code     2  startup_tm4c123.o(.text)
    USB0_Handler                             0x000008d9   Thumb Code     2  startup_tm4c123.o(.text)
    PWM0_3_Handler                           0x000008db   Thumb Code     2  startup_tm4c123.o(.text)
    UDMA_Handler                             0x000008dd   Thumb Code     2  startup_tm4c123.o(.text)
    UDMAERR_Handler                          0x000008df   Thumb Code     2  startup_tm4c123.o(.text)
    ADC1SS0_Handler                          0x000008e1   Thumb Code     2  startup_tm4c123.o(.text)
    ADC1SS1_Handler                          0x000008e3   Thumb Code     2  startup_tm4c123.o(.text)
    ADC1SS2_Handler                          0x000008e5   Thumb Code     2  startup_tm4c123.o(.text)
    ADC1SS3_Handler                          0x000008e7   Thumb Code     2  startup_tm4c123.o(.text)
    GPIOJ_Handler                            0x000008e9   Thumb Code     2  startup_tm4c123.o(.text)
    GPIOK_Handler                            0x000008eb   Thumb Code     2  startup_tm4c123.o(.text)
    GPIOL_Handler                            0x000008ed   Thumb Code     2  startup_tm4c123.o(.text)
    SSI2_Handler                             0x000008ef   Thumb Code     2  startup_tm4c123.o(.text)
    SSI3_Handler                             0x000008f1   Thumb Code     2  startup_tm4c123.o(.text)
    UART3_Handler                            0x000008f3   Thumb Code     2  startup_tm4c123.o(.text)
    UART4_Handler                            0x000008f5   Thumb Code     2  startup_tm4c123.o(.text)
    UART5_Handler                            0x000008f7   Thumb Code     2  startup_tm4c123.o(.text)
    UART6_Handler                            0x000008f9   Thumb Code     2  startup_tm4c123.o(.text)
    UART7_Handler                            0x000008fb   Thumb Code     2  startup_tm4c123.o(.text)
    I2C2_Handler                             0x000008fd   Thumb Code     2  startup_tm4c123.o(.text)
    I2C3_Handler                             0x000008ff   Thumb Code     2  startup_tm4c123.o(.text)
    TIMER4A_Handler                          0x00000901   Thumb Code     2  startup_tm4c123.o(.text)
    TIMER4B_Handler                          0x00000903   Thumb Code     2  startup_tm4c123.o(.text)
    TIMER5A_Handler                          0x00000905   Thumb Code     2  startup_tm4c123.o(.text)
    TIMER5B_Handler                          0x00000907   Thumb Code     2  startup_tm4c123.o(.text)
    WTIMER0A_Handler                         0x00000909   Thumb Code     2  startup_tm4c123.o(.text)
    WTIMER0B_Handler                         0x0000090b   Thumb Code     2  startup_tm4c123.o(.text)
    WTIMER1A_Handler                         0x0000090d   Thumb Code     2  startup_tm4c123.o(.text)
    WTIMER1B_Handler                         0x0000090f   Thumb Code     2  startup_tm4c123.o(.text)
    WTIMER2A_Handler                         0x00000911   Thumb Code     2  startup_tm4c123.o(.text)
    WTIMER2B_Handler                         0x00000913   Thumb Code     2  startup_tm4c123.o(.text)
    WTIMER3A_Handler                         0x00000915   Thumb Code     2  startup_tm4c123.o(.text)
    WTIMER3B_Handler                         0x00000917   Thumb Code     2  startup_tm4c123.o(.text)
    WTIMER4A_Handler                         0x00000919   Thumb Code     2  startup_tm4c123.o(.text)
    WTIMER4B_Handler                         0x0000091b   Thumb Code     2  startup_tm4c123.o(.text)
    WTIMER5A_Handler                         0x0000091d   Thumb Code     2  startup_tm4c123.o(.text)
    WTIMER5B_Handler                         0x0000091f   Thumb Code     2  startup_tm4c123.o(.text)
    FPU_Handler                              0x00000921   Thumb Code     2  startup_tm4c123.o(.text)
    I2C4_Handler                             0x00000923   Thumb Code     2  startup_tm4c123.o(.text)
    I2C5_Handler                             0x00000925   Thumb Code     2  startup_tm4c123.o(.text)
    GPIOM_Handler                            0x00000927   Thumb Code     2  startup_tm4c123.o(.text)
    GPION_Handler                            0x00000929   Thumb Code     2  startup_tm4c123.o(.text)
    QEI2_Handler                             0x0000092b   Thumb Code     2  startup_tm4c123.o(.text)
    GPIOP0_Handler                           0x0000092d   Thumb Code     2  startup_tm4c123.o(.text)
    GPIOP1_Handler                           0x0000092f   Thumb Code     2  startup_tm4c123.o(.text)
    GPIOP2_Handler                           0x00000931   Thumb Code     2  startup_tm4c123.o(.text)
    GPIOP3_Handler                           0x00000933   Thumb Code     2  startup_tm4c123.o(.text)
    GPIOP4_Handler                           0x00000935   Thumb Code     2  startup_tm4c123.o(.text)
    GPIOP5_Handler                           0x00000937   Thumb Code     2  startup_tm4c123.o(.text)
    GPIOP6_Handler                           0x00000939   Thumb Code     2  startup_tm4c123.o(.text)
    GPIOP7_Handler                           0x0000093b   Thumb Code     2  startup_tm4c123.o(.text)
    GPIOQ0_Handler                           0x0000093d   Thumb Code     2  startup_tm4c123.o(.text)
    GPIOQ1_Handler                           0x0000093f   Thumb Code     2  startup_tm4c123.o(.text)
    GPIOQ2_Handler                           0x00000941   Thumb Code     2  startup_tm4c123.o(.text)
    GPIOQ3_Handler                           0x00000943   Thumb Code     2  startup_tm4c123.o(.text)
    GPIOQ4_Handler                           0x00000945   Thumb Code     2  startup_tm4c123.o(.text)
    GPIOQ5_Handler                           0x00000947   Thumb Code     2  startup_tm4c123.o(.text)
    GPIOQ6_Handler                           0x00000949   Thumb Code     2  startup_tm4c123.o(.text)
    GPIOQ7_Handler                           0x0000094b   Thumb Code     2  startup_tm4c123.o(.text)
    GPIOR_Handler                            0x0000094d   Thumb Code     2  startup_tm4c123.o(.text)
    GPIOS_Handler                            0x0000094f   Thumb Code     2  startup_tm4c123.o(.text)
    PMW1_0_Handler                           0x00000951   Thumb Code     2  startup_tm4c123.o(.text)
    PWM1_1_Handler                           0x00000953   Thumb Code     2  startup_tm4c123.o(.text)
    PWM1_2_Handler                           0x00000955   Thumb Code     2  startup_tm4c123.o(.text)
    PWM1_3_Handler                           0x00000957   Thumb Code     2  startup_tm4c123.o(.text)
    PWM1_FAULT_Handler                       0x00000959   Thumb Code     2  startup_tm4c123.o(.text)
    SystemCoreClockUpdate                    0x00000a1b   Thumb Code   184  system_tm4c123.o(.text)
    SystemInit                               0x00000ad3   Thumb Code   112  system_tm4c123.o(.text)
    validate_ice                             0x00000bb1   Thumb Code   254  board_setup.o(.text)
    validate_LED_config_gpio                 0x00000cb1   Thumb Code    66  validate_led.o(.text)
    validate_LED_set_failure                 0x00000cf3   Thumb Code    16  validate_led.o(.text)
    ice_validate_adc                         0x00000e35   Thumb Code   112  ice_adc.o(.text)
    ice_validate_gpio_port                   0x0000104b   Thumb Code   228  ice_gpio_port.o(.text)
    ice_validate_gpiof                       0x00001215   Thumb Code   400  ice_gpiof.o(.text)
    print_gp_timer_status                    0x000014fd   Thumb Code   166  ice_gpt.o(.text)
    ice_validate_gpt                         0x000015a3   Thumb Code    28  ice_gpt.o(.text)
    ice_validate_systick                     0x0000180d   Thumb Code   122  ice_systick.o(.text)
    ice_validate_uart_rx                     0x000019f5   Thumb Code   278  ice_uart_rx_irq.o(.text)
    ice_validate_lcd                         0x00001bd5   Thumb Code   464  ice_lcd.o(.text)
    ice_validate_uart_tx                     0x00001f49   Thumb Code   278  ice_uart_tx_irq.o(.text)
    ice_validate_spi_nordic                  0x00002129   Thumb Code   492  ice_spi_nordic.o(.text)
    ice_validate_pc_buffer                   0x000024d1   Thumb Code    10  ice_pc_buffer.o(.text)
    ice_validate_intro_to_c                  0x000024dd   Thumb Code    84  ice_intro_to_c.o(.text)
    ice_validate_uart_polling                0x00002687   Thumb Code    80  ice_uart_polling.o(.text)
    ice_validate_i2c_pins                    0x00002825   Thumb Code    52  ice_i2c_eeprom.o(.text)
    ice_validate_i2c_eeprom                  0x00002859   Thumb Code    20  ice_i2c_eeprom.o(.text)
    ice_validate_i2c                         0x00002969   Thumb Code    52  ice_i2c_ft6206.o(.text)
    ice_validate_ft6206                      0x0000299d   Thumb Code    28  ice_i2c_ft6206.o(.text)
    validate_adc_emux                        0x00002a3f   Thumb Code    26  validate_adc.o(.text)
    validate_adc_ssmux3                      0x00002a59   Thumb Code    28  validate_adc.o(.text)
    validate_adc_ssctl3                      0x00002a75   Thumb Code    30  validate_adc.o(.text)
    validate_adc                             0x00002a93   Thumb Code    70  validate_adc.o(.text)
    validate_gpio_input                      0x00002b1d   Thumb Code    20  validate_gpio.o(.text)
    validate_gpio_output                     0x00002b31   Thumb Code    20  validate_gpio.o(.text)
    validate_gpio_digital_enable             0x00002b45   Thumb Code    20  validate_gpio.o(.text)
    validate_gpio_pullup                     0x00002b59   Thumb Code    20  validate_gpio.o(.text)
    validate_gpio_analog_mode_select         0x00002b6d   Thumb Code    20  validate_gpio.o(.text)
    validate_gpio_alternate_function_select  0x00002b81   Thumb Code    20  validate_gpio.o(.text)
    validate_gpio_port_control               0x00002b95   Thumb Code    24  validate_gpio.o(.text)
    validate_gpio_pin                        0x00002bad   Thumb Code   198  validate_gpio.o(.text)
    put_string                               0x00002c7d   Thumb Code    34  validate_uart.o(.text)
    validate_print_ice_validation_info_start 0x00002c9f   Thumb Code    68  validate_uart.o(.text)
    validate_print_ice_validation_info_end   0x00002ce3   Thumb Code    68  validate_uart.o(.text)
    staff_uart_config_gpio                   0x00002da5   Thumb Code    82  validate_uart.o(.text)
    staff_uart_config_polling                0x00002df7   Thumb Code    68  validate_uart.o(.text)
    validate_uart_baud_rate                  0x00002e3b   Thumb Code    26  validate_uart.o(.text)
    validate_uart_line_control               0x00002e55   Thumb Code    18  validate_uart.o(.text)
    validate_uart_interrupt_mask             0x00002e67   Thumb Code    18  validate_uart.o(.text)
    validate_uart_control                    0x00002e79   Thumb Code    18  validate_uart.o(.text)
    validate_uart_interrupts_enabled         0x00002e8b   Thumb Code    44  validate_uart.o(.text)
    put_char                                 0x00002eb7   Thumb Code    20  validate_uart.o(.text)
    get_char                                 0x00002ecb   Thumb Code    62  validate_uart.o(.text)
    get_string                               0x00002f09   Thumb Code    40  validate_uart.o(.text)
    initialize_serial_debug                  0x00002f31   Thumb Code    12  validate_uart.o(.text)
    print_test_status                        0x00002f3d   Thumb Code    52  validate_uart.o(.text)
    validate_uart                            0x00002f71   Thumb Code   126  validate_uart.o(.text)
    validate_gp_timer                        0x00003125   Thumb Code    98  validate_gp_timer.o(.text)
    validate_spi_data_len                    0x00003191   Thumb Code    24  validate_spi.o(.text)
    validate_spi_format                      0x000031a9   Thumb Code    24  validate_spi.o(.text)
    validate_spi_cpsr                        0x000031c1   Thumb Code    22  validate_spi.o(.text)
    validate_spi_mode                        0x000031d7   Thumb Code    62  validate_spi.o(.text)
    validate_spi_enabled                     0x00003215   Thumb Code    22  validate_spi.o(.text)
    validate_spi                             0x0000322b   Thumb Code    92  validate_spi.o(.text)
    validate_gpio_rcgc                       0x000033ad   Thumb Code    26  validate_sysctl.o(.text)
    validate_adc_rcgc                        0x000033c7   Thumb Code    28  validate_sysctl.o(.text)
    validate_gpt_rcgc                        0x000033e3   Thumb Code    28  validate_sysctl.o(.text)
    validate_uart_rcgc                       0x000033ff   Thumb Code    28  validate_sysctl.o(.text)
    validate_spi_rcgc                        0x0000341b   Thumb Code    28  validate_sysctl.o(.text)
    __aeabi_memcpy                           0x00003455   Thumb Code    36  memcpya.o(.text)
    __aeabi_memcpy4                          0x00003455   Thumb Code     0  memcpya.o(.text)
    __aeabi_memcpy8                          0x00003455   Thumb Code     0  memcpya.o(.text)
    __aeabi_uidiv                            0x00003479   Thumb Code     0  uidiv.o(.text)
    __aeabi_uidivmod                         0x00003479   Thumb Code    44  uidiv.o(.text)
    __scatterload                            0x000034a5   Thumb Code    28  init.o(.text)
    __scatterload_rt2                        0x000034a5   Thumb Code     0  init.o(.text)
    __decompress                             0x000034c9   Thumb Code     0  __dclz77c.o(.text)
    __decompress2                            0x000034c9   Thumb Code    94  __dclz77c.o(.text)
    __0sprintf$6                             0x00003529   Thumb Code    34  printf6.o(i.__0sprintf$6)
    __1sprintf$6                             0x00003529   Thumb Code     0  printf6.o(i.__0sprintf$6)
    __2sprintf                               0x00003529   Thumb Code     0  printf6.o(i.__0sprintf$6)
    __scatterload_copy                       0x00003551   Thumb Code    14  handlers.o(i.__scatterload_copy)
    __scatterload_null                       0x0000355f   Thumb Code     2  handlers.o(i.__scatterload_null)
    __scatterload_zeroinit                   0x00003561   Thumb Code    14  handlers.o(i.__scatterload_zeroinit)
    Region$$Table$$Base                      0x00003918   Number         0  anon$$obj.o(Region$$Table)
    Region$$Table$$Limit                     0x00003938   Number         0  anon$$obj.o(Region$$Table)
    SystemCoreClock                          0x20000000   Data           4  system_tm4c123.o(.data)
    SPI_CLK                                  0x200001e8   Data          20  ice_lcd.o(.data)
    SPI_CS                                   0x200001fc   Data          20  ice_lcd.o(.data)
    SPI_MOSI                                 0x20000210   Data          20  ice_lcd.o(.data)
    LCD_CMD                                  0x20000224   Data          20  ice_lcd.o(.data)
    LCD_RESET                                0x20000238   Data          20  ice_lcd.o(.data)
    LCD                                      0x2000024c   Data          20  ice_lcd.o(.data)
    RF_CE                                    0x200002f0   Data          20  ice_spi_nordic.o(.data)
    RF                                       0x20000304   Data          20  ice_spi_nordic.o(.data)
    __initial_sp                             0x200023a8   Data           0  startup_tm4c123.o(STACK)



==============================================================================

Memory Map of the image

  Image Entry point : 0x00000869

  Load Region LR_1 (Base: 0x00000000, Size: 0x00003ce0, Max: 0xffffffff, ABSOLUTE, COMPRESSED[0x00003a20])

    Execution Region ER_RO (Exec base: 0x00000000, Load base: 0x00000000, Size: 0x00003938, Max: 0xffffffff, ABSOLUTE)

    Exec Addr    Load Addr    Size         Type   Attr      Idx    E Section Name        Object

    0x00000000   0x00000000   0x0000026c   Data   RO          136    RESET               startup_tm4c123.o
    0x0000026c   0x0000026c   0x00000000   Code   RO          841  * .ARM.Collect$$$$00000000  mc_w.l(entry.o)
    0x0000026c   0x0000026c   0x00000004   Code   RO         1109    .ARM.Collect$$$$00000001  mc_w.l(entry2.o)
    0x00000270   0x00000270   0x00000004   Code   RO         1112    .ARM.Collect$$$$00000004  mc_w.l(entry5.o)
    0x00000274   0x00000274   0x00000000   Code   RO         1114    .ARM.Collect$$$$00000008  mc_w.l(entry7b.o)
    0x00000274   0x00000274   0x00000000   Code   RO         1116    .ARM.Collect$$$$0000000A  mc_w.l(entry8b.o)
    0x00000274   0x00000274   0x00000008   Code   RO         1117    .ARM.Collect$$$$0000000B  mc_w.l(entry9a.o)
    0x0000027c   0x0000027c   0x00000000   Code   RO         1119    .ARM.Collect$$$$0000000D  mc_w.l(entry10a.o)
    0x0000027c   0x0000027c   0x00000000   Code   RO         1121    .ARM.Collect$$$$0000000F  mc_w.l(entry11a.o)
    0x0000027c   0x0000027c   0x00000004   Code   RO         1110    .ARM.Collect$$$$00002712  mc_w.l(entry2.o)
    0x00000280   0x00000280   0x000000c8   Code   RO            4    .text               main.o
    0x00000348   0x00000348   0x000002a4   Code   RO           85    .text               gpio_port.o
    0x000005ec   0x000005ec   0x0000027c   Code   RO          109    .text               uart.o
    0x00000868   0x00000868   0x000000fc   Code   RO          137  * .text               startup_tm4c123.o
    0x00000964   0x00000964   0x0000024c   Code   RO          144    .text               system_tm4c123.o
    0x00000bb0   0x00000bb0   0x000000fe   Code   RO          177    .text               ECE353-Validate.lib(board_setup.o)
    0x00000cae   0x00000cae   0x00000002   PAD
    0x00000cb0   0x00000cb0   0x00000064   Code   RO          309    .text               ECE353-Validate.lib(validate_led.o)
    0x00000d14   0x00000d14   0x000002bc   Code   RO          333    .text               ECE353-Validate.lib(ice_adc.o)
    0x00000fd0   0x00000fd0   0x00000244   Code   RO          362    .text               ECE353-Validate.lib(ice_gpio_port.o)
    0x00001214   0x00001214   0x000002e8   Code   RO          388    .text               ECE353-Validate.lib(ice_gpiof.o)
    0x000014fc   0x000014fc   0x00000120   Code   RO          414    .text               ECE353-Validate.lib(ice_gpt.o)
    0x0000161c   0x0000161c   0x000003d8   Code   RO          441    .text               ECE353-Validate.lib(ice_systick.o)
    0x000019f4   0x000019f4   0x000001e0   Code   RO          467    .text               ECE353-Validate.lib(ice_uart_rx_irq.o)
    0x00001bd4   0x00001bd4   0x00000374   Code   RO          493    .text               ECE353-Validate.lib(ice_lcd.o)
    0x00001f48   0x00001f48   0x000001e0   Code   RO          520    .text               ECE353-Validate.lib(ice_uart_tx_irq.o)
    0x00002128   0x00002128   0x000003a8   Code   RO          546    .text               ECE353-Validate.lib(ice_spi_nordic.o)
    0x000024d0   0x000024d0   0x0000000a   Code   RO          573    .text               ECE353-Validate.lib(ice_pc_buffer.o)
    0x000024da   0x000024da   0x00000002   PAD
    0x000024dc   0x000024dc   0x00000068   Code   RO          597    .text               ECE353-Validate.lib(ice_intro_to_c.o)
    0x00002544   0x00002544   0x00000250   Code   RO          621    .text               ECE353-Validate.lib(ice_uart_polling.o)
    0x00002794   0x00002794   0x00000144   Code   RO          647    .text               ECE353-Validate.lib(ice_i2c_eeprom.o)
    0x000028d8   0x000028d8   0x0000014c   Code   RO          673    .text               ECE353-Validate.lib(ice_i2c_ft6206.o)
    0x00002a24   0x00002a24   0x000000b8   Code   RO          699    .text               ECE353-Validate.lib(validate_adc.o)
    0x00002adc   0x00002adc   0x000001a0   Code   RO          723    .text               ECE353-Validate.lib(validate_gpio.o)
    0x00002c7c   0x00002c7c   0x00000400   Code   RO          747    .text               ECE353-Validate.lib(validate_uart.o)
    0x0000307c   0x0000307c   0x00000114   Code   RO          772    .text               ECE353-Validate.lib(validate_gp_timer.o)
    0x00003190   0x00003190   0x000000f6   Code   RO          796    .text               ECE353-Validate.lib(validate_spi.o)
    0x00003286   0x00003286   0x00000002   PAD
    0x00003288   0x00003288   0x000001cc   Code   RO          820    .text               ECE353-Validate.lib(validate_sysctl.o)
    0x00003454   0x00003454   0x00000024   Code   RO          844    .text               mc_w.l(memcpya.o)
    0x00003478   0x00003478   0x0000002c   Code   RO         1126    .text               mc_w.l(uidiv.o)
    0x000034a4   0x000034a4   0x00000024   Code   RO         1141    .text               mc_w.l(init.o)
    0x000034c8   0x000034c8   0x0000005e   Code   RO         1161    .text               mc_w.l(__dclz77c.o)
    0x00003526   0x00003526   0x00000002   PAD
    0x00003528   0x00003528   0x00000028   Code   RO         1005    i.__0sprintf$6      mc_w.l(printf6.o)
    0x00003550   0x00003550   0x0000000e   Code   RO         1155    i.__scatterload_copy  mc_w.l(handlers.o)
    0x0000355e   0x0000355e   0x00000002   Code   RO         1156    i.__scatterload_null  mc_w.l(handlers.o)
    0x00003560   0x00003560   0x0000000e   Code   RO         1157    i.__scatterload_zeroinit  mc_w.l(handlers.o)
    0x0000356e   0x0000356e   0x00000002   PAD
    0x00003570   0x00003570   0x000002f0   Code   RO         1010    i._printf_core      mc_w.l(printf6.o)
    0x00003860   0x00003860   0x00000024   Code   RO         1011    i._printf_post_padding  mc_w.l(printf6.o)
    0x00003884   0x00003884   0x0000002e   Code   RO         1012    i._printf_pre_padding  mc_w.l(printf6.o)
    0x000038b2   0x000038b2   0x0000000a   Code   RO         1014    i._sputc            mc_w.l(printf6.o)
    0x000038bc   0x000038bc   0x0000005c   Data   RO          748    .conststring        ECE353-Validate.lib(validate_uart.o)
    0x00003918   0x00003918   0x00000020   Data   RO         1153    Region$$Table       anon$$obj.o


    Execution Region ER_RW (Exec base: 0x20000000, Load base: 0x00003938, Size: 0x000003a8, Max: 0xffffffff, ABSOLUTE, COMPRESSED[0x000000e8])

    Exec Addr    Load Addr    Size         Type   Attr      Idx    E Section Name        Object

    0x20000000   COMPRESSED   0x00000004   Data   RW          145    .data               system_tm4c123.o
    0x20000004   COMPRESSED   0x00000028   Data   RW          334    .data               ECE353-Validate.lib(ice_adc.o)
    0x2000002c   COMPRESSED   0x000000f0   Data   RW          363    .data               ECE353-Validate.lib(ice_gpio_port.o)
    0x2000011c   COMPRESSED   0x00000064   Data   RW          389    .data               ECE353-Validate.lib(ice_gpiof.o)
    0x20000180   COMPRESSED   0x00000028   Data   RW          442    .data               ECE353-Validate.lib(ice_systick.o)
    0x200001a8   COMPRESSED   0x00000040   Data   RW          468    .data               ECE353-Validate.lib(ice_uart_rx_irq.o)
    0x200001e8   COMPRESSED   0x00000078   Data   RW          494    .data               ECE353-Validate.lib(ice_lcd.o)
    0x20000260   COMPRESSED   0x00000040   Data   RW          521    .data               ECE353-Validate.lib(ice_uart_tx_irq.o)
    0x200002a0   COMPRESSED   0x00000078   Data   RW          547    .data               ECE353-Validate.lib(ice_spi_nordic.o)
    0x20000318   COMPRESSED   0x00000040   Data   RW          622    .data               ECE353-Validate.lib(ice_uart_polling.o)
    0x20000358   COMPRESSED   0x00000028   Data   RW          648    .data               ECE353-Validate.lib(ice_i2c_eeprom.o)
    0x20000380   COMPRESSED   0x00000028   Data   RW          674    .data               ECE353-Validate.lib(ice_i2c_ft6206.o)


    Execution Region ER_ZI (Exec base: 0x200003a8, Load base: 0x00003a20, Size: 0x00002000, Max: 0xffffffff, ABSOLUTE)

    Exec Addr    Load Addr    Size         Type   Attr      Idx    E Section Name        Object

    0x200003a8        -       0x00002000   Zero   RW          134    STACK               startup_tm4c123.o


==============================================================================

Image component sizes


      Code (inc. data)   RO Data    RW Data    ZI Data      Debug   Object Name

       676         32          0          0          0       5270   gpio_port.o
       200         70          0          0          0      27513   main.o
       252         10        620          0       8192       5456   startup_tm4c123.o
       588        134          0          4          0       1581   system_tm4c123.o
       636         48          0          0          0      33607   uart.o

    ----------------------------------------------------------------------
      2352        294        652          4       8192      73427   Object Totals
         0          0         32          0          0          0   (incl. Generated)
         0          0          0          0          0          0   (incl. Padding)

    ----------------------------------------------------------------------

      Code (inc. data)   RO Data    RW Data    ZI Data      Debug   Library Member Name

       254         14          0          0          0      28591   board_setup.o
       700        300          0         40          0       1627   ice_adc.o
       580        230          0        240          0       1873   ice_gpio_port.o
       744        344          0        100          0       1213   ice_gpiof.o
       288         94          0          0          0        969   ice_gpt.o
       324        108          0         40          0       1344   ice_i2c_eeprom.o
       332        108          0         40          0       1347   ice_i2c_ft6206.o
       104         20          0          0          0        574   ice_intro_to_c.o
       884        420          0        120          0       1315   ice_lcd.o
        10          0          0          0          0        529   ice_pc_buffer.o
       936        444          0        120          0       1261   ice_spi_nordic.o
       984        366          0         40          0       2275   ice_systick.o
       592        190          0         64          0       1552   ice_uart_polling.o
       480        202          0         64          0        983   ice_uart_rx_irq.o
       480        202          0         64          0        983   ice_uart_tx_irq.o
       184          4          0          0          0       2029   validate_adc.o
       276         10          0          0          0       2452   validate_gp_timer.o
       416         10          0          0          0       3599   validate_gpio.o
       100         18          0          0          0        652   validate_led.o
       246          0          0          0          0       2538   validate_spi.o
       460         38          0          0          0       2598   validate_sysctl.o
      1024        150         92          0          0       5586   validate_uart.o
        94          0          0          0          0          0   __dclz77c.o
         0          0          0          0          0          0   entry.o
         0          0          0          0          0          0   entry10a.o
         0          0          0          0          0          0   entry11a.o
         8          4          0          0          0          0   entry2.o
         4          0          0          0          0          0   entry5.o
         0          0          0          0          0          0   entry7b.o
         0          0          0          0          0          0   entry8b.o
         8          4          0          0          0          0   entry9a.o
        30          0          0          0          0          0   handlers.o
        36          8          0          0          0         68   init.o
        36          0          0          0          0         68   memcpya.o
       884         10          0          0          0        420   printf6.o
        44          0          0          0          0         80   uidiv.o

    ----------------------------------------------------------------------
     11552       3298         92        932          0      66526   Library Totals
        10          0          0          0          0          0   (incl. Padding)

    ----------------------------------------------------------------------

      Code (inc. data)   RO Data    RW Data    ZI Data      Debug   Library Name

     10398       3272         92        932          0      65890   ECE353-Validate.lib
      1144         26          0          0          0        636   mc_w.l

    ----------------------------------------------------------------------
     11552       3298         92        932          0      66526   Library Totals

    ----------------------------------------------------------------------

==============================================================================


      Code (inc. data)   RO Data    RW Data    ZI Data      Debug   

     13904       3592        744        936       8192     136677   Grand Totals
     13904       3592        744        232       8192     136677   ELF Image Totals (compressed)
     13904       3592        744        232          0          0   ROM Totals

==============================================================================

    Total RO  Size (Code + RO Data)                14648 (  14.30kB)
    Total RW  Size (RW Data + ZI Data)              9128 (   8.91kB)
    Total ROM Size (Code + RO Data + RW Data)      14880 (  14.53kB)

==============================================================================

